Component: ARM Compiler 5.05 update 1 (build 106) Tool: armlink [4d0efa]

==============================================================================

Section Cross References

    startup_stm32f429_439xx.o(RESET) refers to startup_stm32f429_439xx.o(STACK) for __initial_sp
    startup_stm32f429_439xx.o(RESET) refers to startup_stm32f429_439xx.o(.text) for Reset_Handler
    startup_stm32f429_439xx.o(RESET) refers to stm32f4xx_it.o(i.NMI_Handler) for NMI_Handler
    startup_stm32f429_439xx.o(RESET) refers to stm32f4xx_it.o(i.HardFault_Handler) for HardFault_Handler
    startup_stm32f429_439xx.o(RESET) refers to stm32f4xx_it.o(i.MemManage_Handler) for MemManage_Handler
    startup_stm32f429_439xx.o(RESET) refers to stm32f4xx_it.o(i.BusFault_Handler) for BusFault_Handler
    startup_stm32f429_439xx.o(RESET) refers to stm32f4xx_it.o(i.UsageFault_Handler) for UsageFault_Handler
    startup_stm32f429_439xx.o(RESET) refers to stm32f4xx_it.o(i.SVC_Handler) for SVC_Handler
    startup_stm32f429_439xx.o(RESET) refers to stm32f4xx_it.o(i.DebugMon_Handler) for DebugMon_Handler
    startup_stm32f429_439xx.o(RESET) refers to stm32f4xx_it.o(i.PendSV_Handler) for PendSV_Handler
    startup_stm32f429_439xx.o(RESET) refers to stm32f4xx_it.o(i.SysTick_Handler) for SysTick_Handler
    startup_stm32f429_439xx.o(RESET) refers to main.o(i.DMA1_Stream3_IRQHandler) for DMA1_Stream3_IRQHandler
    startup_stm32f429_439xx.o(RESET) refers to main.o(i.DMA1_Stream4_IRQHandler) for DMA1_Stream4_IRQHandler
    startup_stm32f429_439xx.o(RESET) refers to bsp_debug_usart.o(i.USART2_IRQHandler) for USART2_IRQHandler
    startup_stm32f429_439xx.o(RESET) refers to bsp_sdio_sd.o(i.SDIO_IRQHandler) for SDIO_IRQHandler
    startup_stm32f429_439xx.o(RESET) refers to bsp_sdio_sd.o(i.DMA2_Stream3_IRQHandler) for DMA2_Stream3_IRQHandler
    startup_stm32f429_439xx.o(RESET) refers to main.o(i.DMA2_Stream5_IRQHandler) for DMA2_Stream5_IRQHandler
    startup_stm32f429_439xx.o(RESET) refers to stm32f4xx_it.o(i.USART6_IRQHandler) for USART6_IRQHandler
    startup_stm32f429_439xx.o(.text) refers to system_stm32f4xx.o(i.SystemInit) for SystemInit
    startup_stm32f429_439xx.o(.text) refers to entry.o(.ARM.Collect$$$$00000000) for __main
    system_stm32f4xx.o(i.SystemCoreClockUpdate) refers to system_stm32f4xx.o(.data) for SystemCoreClock
    system_stm32f4xx.o(i.SystemInit) refers to system_stm32f4xx.o(i.SetSysClock) for SetSysClock
    stm32f4xx_adc.o(i.ADC_DeInit) refers to stm32f4xx_rcc.o(i.RCC_APB2PeriphResetCmd) for RCC_APB2PeriphResetCmd
    stm32f4xx_can.o(i.CAN_DeInit) refers to stm32f4xx_rcc.o(i.RCC_APB1PeriphResetCmd) for RCC_APB1PeriphResetCmd
    stm32f4xx_can.o(i.CAN_GetITStatus) refers to stm32f4xx_can.o(i.CheckITStatus) for CheckITStatus
    stm32f4xx_cryp.o(i.CRYP_DeInit) refers to stm32f4xx_rcc.o(i.RCC_AHB2PeriphResetCmd) for RCC_AHB2PeriphResetCmd
    stm32f4xx_cryp_aes.o(i.CRYP_AES_CBC) refers to stm32f4xx_cryp.o(i.CRYP_KeyStructInit) for CRYP_KeyStructInit
    stm32f4xx_cryp_aes.o(i.CRYP_AES_CBC) refers to stm32f4xx_cryp.o(i.CRYP_FIFOFlush) for CRYP_FIFOFlush
    stm32f4xx_cryp_aes.o(i.CRYP_AES_CBC) refers to stm32f4xx_cryp.o(i.CRYP_Init) for CRYP_Init
    stm32f4xx_cryp_aes.o(i.CRYP_AES_CBC) refers to stm32f4xx_cryp.o(i.CRYP_KeyInit) for CRYP_KeyInit
    stm32f4xx_cryp_aes.o(i.CRYP_AES_CBC) refers to stm32f4xx_cryp.o(i.CRYP_Cmd) for CRYP_Cmd
    stm32f4xx_cryp_aes.o(i.CRYP_AES_CBC) refers to stm32f4xx_cryp.o(i.CRYP_GetFlagStatus) for CRYP_GetFlagStatus
    stm32f4xx_cryp_aes.o(i.CRYP_AES_CBC) refers to stm32f4xx_cryp.o(i.CRYP_IVInit) for CRYP_IVInit
    stm32f4xx_cryp_aes.o(i.CRYP_AES_CBC) refers to stm32f4xx_cryp.o(i.CRYP_GetCmdStatus) for CRYP_GetCmdStatus
    stm32f4xx_cryp_aes.o(i.CRYP_AES_CBC) refers to stm32f4xx_cryp.o(i.CRYP_DataIn) for CRYP_DataIn
    stm32f4xx_cryp_aes.o(i.CRYP_AES_CBC) refers to stm32f4xx_cryp.o(i.CRYP_DataOut) for CRYP_DataOut
    stm32f4xx_cryp_aes.o(i.CRYP_AES_CCM) refers to stm32f4xx_cryp.o(i.CRYP_KeyStructInit) for CRYP_KeyStructInit
    stm32f4xx_cryp_aes.o(i.CRYP_AES_CCM) refers to stm32f4xx_cryp.o(i.CRYP_FIFOFlush) for CRYP_FIFOFlush
    stm32f4xx_cryp_aes.o(i.CRYP_AES_CCM) refers to stm32f4xx_cryp.o(i.CRYP_KeyInit) for CRYP_KeyInit
    stm32f4xx_cryp_aes.o(i.CRYP_AES_CCM) refers to stm32f4xx_cryp.o(i.CRYP_IVInit) for CRYP_IVInit
    stm32f4xx_cryp_aes.o(i.CRYP_AES_CCM) refers to stm32f4xx_cryp.o(i.CRYP_Init) for CRYP_Init
    stm32f4xx_cryp_aes.o(i.CRYP_AES_CCM) refers to stm32f4xx_cryp.o(i.CRYP_PhaseConfig) for CRYP_PhaseConfig
    stm32f4xx_cryp_aes.o(i.CRYP_AES_CCM) refers to stm32f4xx_cryp.o(i.CRYP_DataIn) for CRYP_DataIn
    stm32f4xx_cryp_aes.o(i.CRYP_AES_CCM) refers to stm32f4xx_cryp.o(i.CRYP_Cmd) for CRYP_Cmd
    stm32f4xx_cryp_aes.o(i.CRYP_AES_CCM) refers to stm32f4xx_cryp.o(i.CRYP_GetCmdStatus) for CRYP_GetCmdStatus
    stm32f4xx_cryp_aes.o(i.CRYP_AES_CCM) refers to stm32f4xx_cryp.o(i.CRYP_GetFlagStatus) for CRYP_GetFlagStatus
[...]
    i.DMA2_Stream3_IRQHandler                0x08000ae0   Section        0  bsp_sdio_sd.o(i.DMA2_Stream3_IRQHandler)
    i.DMA2_Stream5_IRQHandler                0x08000ae8   Section        0  main.o(i.DMA2_Stream5_IRQHandler)
    i.DMA_ClearFlag                          0x08000b08   Section        0  stm32f4xx_dma.o(i.DMA_ClearFlag)
    i.DMA_ClearITPendingBit                  0x08000b3c   Section        0  stm32f4xx_dma.o(i.DMA_ClearITPendingBit)
    i.DMA_Cmd                                0x08000b70   Section        0  stm32f4xx_dma.o(i.DMA_Cmd)
    i.DMA_DeInit                             0x08000b88   Section        0  stm32f4xx_dma.o(i.DMA_DeInit)
    i.DMA_FlowControllerConfig               0x08000ce0   Section        0  stm32f4xx_dma.o(i.DMA_FlowControllerConfig)
    i.DMA_GetCmdStatus                       0x08000cf6   Section        0  stm32f4xx_dma.o(i.DMA_GetCmdStatus)
    i.DMA_GetITStatus                        0x08000d0c   Section        0  stm32f4xx_dma.o(i.DMA_GetITStatus)
    i.DMA_ITConfig                           0x08000d70   Section        0  stm32f4xx_dma.o(i.DMA_ITConfig)
    i.DMA_Init                               0x08000dac   Section        0  stm32f4xx_dma.o(i.DMA_Init)
    i.DMA_SetCurrDataCounter                 0x08000e04   Section        0  stm32f4xx_dma.o(i.DMA_SetCurrDataCounter)
    i.DebugMon_Handler                       0x08000e08   Section        0  stm32f4xx_it.o(i.DebugMon_Handler)
    i.Debug_USART_Config                     0x08000e0c   Section        0  bsp_debug_usart.o(i.Debug_USART_Config)
    i.Delay                                  0x08000eb0   Section        0  main.o(i.Delay)
    Delay                                    0x08000eb1   Thumb Code    18  main.o(i.Delay)
    i.Delay_us                               0x08000ec4   Section        0  bsp_systick.o(i.Delay_us)
    i.FindSCR                                0x08000edc   Section        0  bsp_sdio_sd.o(i.FindSCR)
    FindSCR                                  0x08000edd   Thumb Code   386  bsp_sdio_sd.o(i.FindSCR)
    i.GPIO_Config                            0x08001070   Section        0  bsp_gpio.o(i.GPIO_Config)
    i.GPIO_Init                              0x08001118   Section        0  stm32f4xx_gpio.o(i.GPIO_Init)
    i.GPIO_PinAFConfig                       0x080011a8   Section        0  stm32f4xx_gpio.o(i.GPIO_PinAFConfig)
    i.GPIO_ReadInputDataBit                  0x080011ee   Section        0  stm32f4xx_gpio.o(i.GPIO_ReadInputDataBit)
    i.GPIO_ReadOutputDataBit                 0x08001200   Section        0  stm32f4xx_gpio.o(i.GPIO_ReadOutputDataBit)
    i.GPIO_ResetBits                         0x08001212   Section        0  stm32f4xx_gpio.o(i.GPIO_ResetBits)
    i.GPIO_SetBits                           0x08001216   Section        0  stm32f4xx_gpio.o(i.GPIO_SetBits)
    i.GPIO_WriteBit                          0x0800121a   Section        0  stm32f4xx_gpio.o(i.GPIO_WriteBit)
    i.HardFault_Handler                      0x08001224   Section        0  stm32f4xx_it.o(i.HardFault_Handler)
    i.MD_High                                0x08001228   Section        0  433.o(i.MD_High)
    MD_High                                  0x08001229   Thumb Code    34  433.o(i.MD_High)
    i.MD_Init                                0x08001260   Section        0  433.o(i.MD_Init)
    i.MD_Low                                 0x08001294   Section        0  433.o(i.MD_Low)
    MD_Low                                   0x08001295   Thumb Code    36  433.o(i.MD_Low)
    i.MemManage_Handler                      0x080012cc   Section        0  stm32f4xx_it.o(i.MemManage_Handler)
    i.NMI_Handler                            0x080012d0   Section        0  stm32f4xx_it.o(i.NMI_Handler)
    i.NVIC_Configuration                     0x080012d2   Section        0  bsp_debug_usart.o(i.NVIC_Configuration)
    NVIC_Configuration                       0x080012d3   Thumb Code    70  bsp_debug_usart.o(i.NVIC_Configuration)
    i.NVIC_Init                              0x08001318   Section        0  misc.o(i.NVIC_Init)
    i.NVIC_PriorityGroupConfig               0x08001390   Section        0  misc.o(i.NVIC_PriorityGroupConfig)
    i.PendSV_Handler                         0x080013a4   Section        0  stm32f4xx_it.o(i.PendSV_Handler)
    i.RCC_AHB1PeriphClockCmd                 0x080013a8   Section        0  stm32f4xx_rcc.o(i.RCC_AHB1PeriphClockCmd)
    i.RCC_APB1PeriphClockCmd                 0x080013c8   Section        0  stm32f4xx_rcc.o(i.RCC_APB1PeriphClockCmd)
    i.RCC_APB2PeriphClockCmd                 0x080013e8   Section        0  stm32f4xx_rcc.o(i.RCC_APB2PeriphClockCmd)
    i.RCC_APB2PeriphResetCmd                 0x08001408   Section        0  stm32f4xx_rcc.o(i.RCC_APB2PeriphResetCmd)
    i.RCC_GetClocksFreq                      0x08001428   Section        0  stm32f4xx_rcc.o(i.RCC_GetClocksFreq)
    i.Rev433Cmd                              0x08001510   Section        0  433.o(i.Rev433Cmd)
    i.SDEnWideBus                            0x08001530   Section        0  bsp_sdio_sd.o(i.SDEnWideBus)
    SDEnWideBus                              0x08001531   Thumb Code   274  bsp_sdio_sd.o(i.SDEnWideBus)
    i.SDIO_ClearFlag                         0x0800164c   Section        0  stm32f4xx_sdio.o(i.SDIO_ClearFlag)
    i.SDIO_ClearITPendingBit                 0x08001658   Section        0  stm32f4xx_sdio.o(i.SDIO_ClearITPendingBit)
    i.SDIO_ClockCmd                          0x08001664   Section        0  stm32f4xx_sdio.o(i.SDIO_ClockCmd)
    i.SDIO_DMACmd                            0x08001670   Section        0  stm32f4xx_sdio.o(i.SDIO_DMACmd)
    i.SDIO_DataConfig                        0x0800167c   Section        0  stm32f4xx_sdio.o(i.SDIO_DataConfig)
    i.SDIO_DeInit                            0x080016b0   Section        0  stm32f4xx_sdio.o(i.SDIO_DeInit)
    i.SDIO_GetCommandResponse                0x080016c8   Section        0  stm32f4xx_sdio.o(i.SDIO_GetCommandResponse)
    i.SDIO_GetFlagStatus                     0x080016d4   Section        0  stm32f4xx_sdio.o(i.SDIO_GetFlagStatus)
    i.SDIO_GetITStatus                       0x080016ec   Section        0  stm32f4xx_sdio.o(i.SDIO_GetITStatus)
    i.SDIO_GetPowerState                     0x08001704   Section        0  stm32f4xx_sdio.o(i.SDIO_GetPowerState)
    i.SDIO_GetResponse                       0x08001714   Section        0  stm32f4xx_sdio.o(i.SDIO_GetResponse)
    i.SDIO_IRQHandler                        0x0800172c   Section        0  bsp_sdio_sd.o(i.SDIO_IRQHandler)
    i.SDIO_ITConfig                          0x08001734   Section        0  stm32f4xx_sdio.o(i.SDIO_ITConfig)
    i.SDIO_Init                              0x08001754   Section        0  stm32f4xx_sdio.o(i.SDIO_Init)
    i.SDIO_ReadData                          0x08001784   Section        0  stm32f4xx_sdio.o(i.SDIO_ReadData)
    i.SDIO_SendCommand                       0x08001790   Section        0  stm32f4xx_sdio.o(i.SDIO_SendCommand)
    i.SDIO_SetPowerState                     0x080017bc   Section        0  stm32f4xx_sdio.o(i.SDIO_SetPowerState)
    i.SD_Detect                              0x080017c8   Section        0  bsp_sdio_sd.o(i.SD_Detect)
    i.SD_EnableWideBusOperation              0x080017d4   Section        0  bsp_sdio_sd.o(i.SD_EnableWideBusOperation)
    i.SD_GetCardInfo                         0x08001864   Section        0  bsp_sdio_sd.o(i.SD_GetCardInfo)
    i.SD_GetState                            0x08001b80   Section        0  bsp_sdio_sd.o(i.SD_GetState)
    i.SD_GetStatus                           0x08001ba6   Section        0  bsp_sdio_sd.o(i.SD_GetStatus)
    i.SD_Init                                0x08001bc4   Section        0  bsp_sdio_sd.o(i.SD_Init)
    i.SD_InitializeCards                     0x08001c84   Section        0  bsp_sdio_sd.o(i.SD_InitializeCards)
    i.SD_LowLevel_DMA_RxConfig               0x08001dc0   Section        0  bsp_sdio_sd.o(i.SD_LowLevel_DMA_RxConfig)
    i.SD_LowLevel_DMA_TxConfig               0x08001e50   Section        0  bsp_sdio_sd.o(i.SD_LowLevel_DMA_TxConfig)
    i.SD_LowLevel_Init                       0x08001ee0   Section        0  bsp_sdio_sd.o(i.SD_LowLevel_Init)
    i.SD_PowerON                             0x08001f84   Section        0  bsp_sdio_sd.o(i.SD_PowerON)
    i.SD_ProcessDMAIRQ                       0x08002124   Section        0  bsp_sdio_sd.o(i.SD_ProcessDMAIRQ)
    i.SD_ProcessIRQSrc                       0x0800214c   Section        0  bsp_sdio_sd.o(i.SD_ProcessIRQSrc)
    i.SD_ReadMultiBlocks                     0x080021f8   Section        0  bsp_sdio_sd.o(i.SD_ReadMultiBlocks)
    i.SD_SelectDeselect                      0x080022f0   Section        0  bsp_sdio_sd.o(i.SD_SelectDeselect)
    i.SD_SendStatus                          0x08002328   Section        0  bsp_sdio_sd.o(i.SD_SendStatus)
    i.SD_StopTransfer                        0x0800237c   Section        0  bsp_sdio_sd.o(i.SD_StopTransfer)
    i.SD_WaitReadOperation                   0x080023b0   Section        0  bsp_sdio_sd.o(i.SD_WaitReadOperation)
    i.SD_WaitWriteOperation                  0x08002430   Section        0  bsp_sdio_sd.o(i.SD_WaitWriteOperation)
    i.SD_WriteMultiBlocks                    0x080024b0   Section        0  bsp_sdio_sd.o(i.SD_WriteMultiBlocks)
    i.SPI1_AD_RX_DMA_Config                  0x08002608   Section        0  bsp_spi_dma.o(i.SPI1_AD_RX_DMA_Config)
    SPI1_AD_RX_DMA_Config                    0x08002609   Thumb Code   124  bsp_spi_dma.o(i.SPI1_AD_RX_DMA_Config)
    i.SPI1_AD_TX_DMA_Config                  0x080026b0   Section        0  bsp_spi_dma.o(i.SPI1_AD_TX_DMA_Config)
    SPI1_AD_TX_DMA_Config                    0x080026b1   Thumb Code   122  bsp_spi_dma.o(i.SPI1_AD_TX_DMA_Config)
    i.SPI2_WIFI_RX_DMA_Config                0x08002758   Section        0  bsp_spi_dma.o(i.SPI2_WIFI_RX_DMA_Config)
    SPI2_WIFI_RX_DMA_Config                  0x08002759   Thumb Code   106  bsp_spi_dma.o(i.SPI2_WIFI_RX_DMA_Config)
    i.SPI2_WIFI_TX_DMA_Config                0x080027d0   Section        0  bsp_spi_dma.o(i.SPI2_WIFI_TX_DMA_Config)
    SPI2_WIFI_TX_DMA_Config                  0x080027d1   Thumb Code   104  bsp_spi_dma.o(i.SPI2_WIFI_TX_DMA_Config)
    i.SPI_AD_Config                          0x08002844   Section        0  bsp_spi_dma.o(i.SPI_AD_Config)
    SPI_AD_Config                            0x08002845   Thumb Code   224  bsp_spi_dma.o(i.SPI_AD_Config)
    i.SPI_Cmd                                0x08002930   Section        0  stm32f4xx_spi.o(i.SPI_Cmd)
    i.SPI_I2S_DMACmd                         0x08002948   Section        0  stm32f4xx_spi.o(i.SPI_I2S_DMACmd)
    i.SPI_Init                               0x0800295a   Section        0  stm32f4xx_spi.o(i.SPI_Init)
    i.SPI_WIFI_Config                        0x08002998   Section        0  bsp_spi_dma.o(i.SPI_WIFI_Config)
    SPI_WIFI_Config                          0x08002999   Thumb Code   296  bsp_spi_dma.o(i.SPI_WIFI_Config)
    i.SVC_Handler                            0x08002acc   Section        0  stm32f4xx_it.o(i.SVC_Handler)
    i.Set433Config                           0x08002ad0   Section        0  433.o(i.Set433Config)
    i.SetSysClock                            0x08002b14   Section        0  system_stm32f4xx.o(i.SetSysClock)
    SetSysClock                              0x08002b15   Thumb Code   272  system_stm32f4xx.o(i.SetSysClock)
    i.SysTick_Handler                        0x08002c34   Section        0  stm32f4xx_it.o(i.SysTick_Handler)
    i.SysTick_Init                           0x08002c3c   Section        0  bsp_systick.o(i.SysTick_Init)
    i.SystemInit                             0x08002ca4   Section        0  system_stm32f4xx.o(i.SystemInit)
    i.TimingDelay_Decrement                  0x08002d0c   Section        0  bsp_systick.o(i.TimingDelay_Decrement)
    i.USART2_IRQHandler                      0x08002d24   Section        0  bsp_debug_usart.o(i.USART2_IRQHandler)
    i.USART6_Config                          0x08002d58   Section        0  bsp_debug_usart.o(i.USART6_Config)
    USART6_Config                            0x08002d59   Thumb Code   166  bsp_debug_usart.o(i.USART6_Config)
    i.USART6_IRQHandler                      0x08002e0c   Section        0  stm32f4xx_it.o(i.USART6_IRQHandler)
    i.USART_Cmd                              0x08002ebc   Section        0  stm32f4xx_usart.o(i.USART_Cmd)
    i.USART_Config                           0x08002ed4   Section        0  bsp_debug_usart.o(i.USART_Config)
    i.USART_GetFlagStatus                    0x08002ee4   Section        0  stm32f4xx_usart.o(i.USART_GetFlagStatus)
    i.USART_GetITStatus                      0x08002efe   Section        0  stm32f4xx_usart.o(i.USART_GetITStatus)
    i.USART_ITConfig                         0x08002f52   Section        0  stm32f4xx_usart.o(i.USART_ITConfig)
    i.USART_Init                             0x08002f9c   Section        0  stm32f4xx_usart.o(i.USART_Init)
    i.USART_ReceiveData                      0x08003070   Section        0  stm32f4xx_usart.o(i.USART_ReceiveData)
    i.USART_SendData                         0x0800307a   Section        0  stm32f4xx_usart.o(i.USART_SendData)
    i.UsageFault_Handler                     0x08003082   Section        0  stm32f4xx_it.o(i.UsageFault_Handler)
    i.__0printf                              0x08003088   Section        0  printfa.o(i.__0printf)
    i.__0sprintf                             0x080030a8   Section        0  printfa.o(i.__0sprintf)
    i.__0vsprintf                            0x080030d0   Section        0  printfa.o(i.__0vsprintf)
    i.__scatterload_copy                     0x080030f4   Section       14  handlers.o(i.__scatterload_copy)
    i.__scatterload_null                     0x08003102   Section        2  handlers.o(i.__scatterload_null)
    i.__scatterload_zeroinit                 0x08003104   Section       14  handlers.o(i.__scatterload_zeroinit)
    i._fp_digits                             0x08003114   Section        0  printfa.o(i._fp_digits)
    _fp_digits                               0x08003115   Thumb Code   334  printfa.o(i._fp_digits)
    i._printf_core                           0x08003278   Section        0  printfa.o(i._printf_core)
    _printf_core                             0x08003279   Thumb Code  1744  printfa.o(i._printf_core)
    i._printf_post_padding                   0x08003954   Section        0  printfa.o(i._printf_post_padding)
    _printf_post_padding                     0x08003955   Thumb Code    36  printfa.o(i._printf_post_padding)
    i._printf_pre_padding                    0x08003978   Section        0  printfa.o(i._printf_pre_padding)
    _printf_pre_padding                      0x08003979   Thumb Code    46  printfa.o(i._printf_pre_padding)
    i._sputc                                 0x080039a6   Section        0  printfa.o(i._sputc)
    _sputc                                   0x080039a7   Thumb Code    10  printfa.o(i._sputc)
    i.check_fs                               0x080039b0   Section        0  ff.o(i.check_fs)
    check_fs                                 0x080039b1   Thumb Code   140  ff.o(i.check_fs)
    i.chk_chr                                0x08003a40   Section        0  ff.o(i.chk_chr)
    chk_chr                                  0x08003a41   Thumb Code    20  ff.o(i.chk_chr)
    i.clust2sect                             0x08003a54   Section        0  ff.o(i.clust2sect)
    i.cmp_lfn                                0x08003a70   Section        0  ff.o(i.cmp_lfn)
    cmp_lfn                                  0x08003a71   Thumb Code   154  ff.o(i.cmp_lfn)
    i.create_chain                           0x08003b10   Section        0  ff.o(i.create_chain)
    create_chain                             0x08003b11   Thumb Code   214  ff.o(i.create_chain)
    i.create_name                            0x08003be8   Section        0  ff.o(i.create_name)
    create_name                              0x08003be9   Thumb Code   604  ff.o(i.create_name)
    i.dectohex                               0x08003e58   Section        0  main.o(i.dectohex)
    i.dir_alloc                              0x08003e84   Section        0  ff.o(i.dir_alloc)
    dir_alloc                                0x08003e85   Thumb Code    92  ff.o(i.dir_alloc)
    i.dir_find                               0x08003ee0   Section        0  ff.o(i.dir_find)
    dir_find                                 0x08003ee1   Thumb Code   234  ff.o(i.dir_find)
    i.dir_next                               0x08003fca   Section        0  ff.o(i.dir_next)
    dir_next                                 0x08003fcb   Thumb Code   314  ff.o(i.dir_next)
    i.dir_register                           0x08004104   Section        0  ff.o(i.dir_register)
    dir_register                             0x08004105   Thumb Code   298  ff.o(i.dir_register)
    i.dir_sdi                                0x0800422e   Section        0  ff.o(i.dir_sdi)
    dir_sdi                                  0x0800422f   Thumb Code   200  ff.o(i.dir_sdi)
    i.disk_initialize                        0x080042f6   Section        0  diskio.o(i.disk_initialize)
    i.disk_ioctl                             0x08004320   Section        0  diskio.o(i.disk_ioctl)
    i.disk_read                              0x0800438c   Section        0  diskio.o(i.disk_read)
    i.disk_status                            0x08004440   Section        0  diskio.o(i.disk_status)
    i.disk_write                             0x0800445c   Section        0  diskio.o(i.disk_write)
    i.f_close                                0x08004516   Section        0  ff.o(i.f_close)
    i.f_closedir                             0x08004536   Section        0  ff.o(i.f_closedir)
    i.f_mkdir                                0x0800454c   Section        0  ff.o(i.f_mkdir)
    i.f_mkfs                                 0x080046b4   Section        0  ff.o(i.f_mkfs)
    i.f_mount                                0x08004d38   Section        0  ff.o(i.f_mount)
    i.f_open                                 0x08004d94   Section        0  ff.o(i.f_open)
    i.f_opendir                              0x08004f12   Section        0  ff.o(i.f_opendir)
    i.f_read                                 0x08004f88   Section        0  ff.o(i.f_read)
    i.f_sync                                 0x08005158   Section        0  ff.o(i.f_sync)
    i.f_write                                0x08005208   Section        0  ff.o(i.f_write)
    i.ff_convert                             0x08005414   Section        0  cc936.o(i.ff_convert)
    i.ff_wtoupper                            0x08005490   Section        0  cc936.o(i.ff_wtoupper)
    i.find_volume                            0x080054ec   Section        0  ff.o(i.find_volume)
    find_volume                              0x080054ed   Thumb Code   966  ff.o(i.find_volume)
    i.fit_lfn                                0x080058c4   Section        0  ff.o(i.fit_lfn)
    fit_lfn                                  0x080058c5   Thumb Code   122  ff.o(i.fit_lfn)
    i.follow_path                            0x08005944   Section        0  ff.o(i.follow_path)
    follow_path                              0x08005945   Thumb Code   144  ff.o(i.follow_path)
    i.fputc                                  0x080059d4   Section        0  bsp_debug_usart.o(i.fputc)
    i.free                                   0x080059f8   Section        0  malloc.o(i.free)
    i.gen_numname                            0x08005a48   Section        0  ff.o(i.gen_numname)
    gen_numname                              0x08005a49   Thumb Code   198  ff.o(i.gen_numname)
    i.get_fat                                0x08005b14   Section        0  ff.o(i.get_fat)
    i.get_fattime                            0x08005c54   Section        0  diskio.o(i.get_fattime)
    i.get_ldnumber                           0x08005c5c   Section        0  ff.o(i.get_ldnumber)
    get_ldnumber                             0x08005c5d   Thumb Code    74  ff.o(i.get_ldnumber)
    i.ld_clust                               0x08005ca6   Section        0  ff.o(i.ld_clust)
    ld_clust                                 0x08005ca7   Thumb Code    32  ff.o(i.ld_clust)
    i.main                                   0x08005cc8   Section        0  main.o(i.main)
    i.malloc                                 0x0800615c   Section        0  malloc.o(i.malloc)
    i.mem_cmp                                0x080061c8   Section        0  ff.o(i.mem_cmp)
    mem_cmp                                  0x080061c9   Thumb Code    38  ff.o(i.mem_cmp)
    i.mem_cpy                                0x080061ee   Section        0  ff.o(i.mem_cpy)
    mem_cpy                                  0x080061ef   Thumb Code    26  ff.o(i.mem_cpy)
    i.mem_set                                0x08006208   Section        0  ff.o(i.mem_set)
    mem_set                                  0x08006209   Thumb Code    20  ff.o(i.mem_set)
    i.move_window                            0x0800621c   Section        0  ff.o(i.move_window)
    move_window                              0x0800621d   Thumb Code    52  ff.o(i.move_window)
    i.printf6                                0x08006250   Section        0  bsp_debug_usart.o(i.printf6)
    i.put_fat                                0x080062b4   Section        0  ff.o(i.put_fat)
    i.receiveAD                              0x0800643c   Section        0  main.o(i.receiveAD)
    i.remove_chain                           0x0800682c   Section        0  ff.o(i.remove_chain)
    remove_chain                             0x0800682d   Thumb Code   108  ff.o(i.remove_chain)
    i.send433Cmd                             0x08006898   Section        0  433.o(i.send433Cmd)
    i.sendADCmd                              0x080068a8   Section        0  main.o(i.sendADCmd)
    i.spiTransmit                            0x0800693c   Section        0  main.o(i.spiTransmit)
    i.spi_ad_dma_config                      0x080069b0   Section        0  bsp_spi_dma.o(i.spi_ad_dma_config)
    i.spi_wifi_dma_config                    0x08006a74   Section        0  bsp_spi_dma.o(i.spi_wifi_dma_config)
    i.st_clust                               0x08006a9c   Section        0  ff.o(i.st_clust)
    st_clust                                 0x08006a9d   Thumb Code    16  ff.o(i.st_clust)
    i.sum_sfn                                0x08006aac   Section        0  ff.o(i.sum_sfn)
    sum_sfn                                  0x08006aad   Thumb Code    32  ff.o(i.sum_sfn)
    i.sync_fs                                0x08006acc   Section        0  ff.o(i.sync_fs)
    sync_fs                                  0x08006acd   Thumb Code   200  ff.o(i.sync_fs)
    i.sync_window                            0x08006b94   Section        0  ff.o(i.sync_window)
    sync_window                              0x08006b95   Thumb Code    82  ff.o(i.sync_window)
    i.upload                                 0x08006be8   Section        0  main.o(i.upload)
    i.validate                               0x08006d98   Section        0  ff.o(i.validate)
    validate                                 0x08006d99   Thumb Code    50  ff.o(i.validate)
    .constdata                               0x08006dcc   Section       16  main.o(.constdata)
    .constdata                               0x08006ddc   Section       58  ff.o(.constdata)
    LfnOfs                                   0x08006ddc   Data          13  ff.o(.constdata)
    vst                                      0x08006dea   Data          22  ff.o(.constdata)
    cst                                      0x08006e00   Data          22  ff.o(.constdata)
    .constdata                               0x08006e16   Section    176320  cc936.o(.constdata)
    uni2oem                                  0x08006e16   Data       87172  cc936.o(.constdata)
    oem2uni                                  0x0801c29a   Data       87172  cc936.o(.constdata)
    lower                                    0x0803171e   Data         988  cc936.o(.constdata)
    upper                                    0x08031afa   Data         988  cc936.o(.constdata)
    .data                                    0x20000000   Section       20  system_stm32f4xx.o(.data)
    .data                                    0x20000014   Section       16  stm32f4xx_rcc.o(.data)
    APBAHBPrescTable                         0x20000014   Data          16  stm32f4xx_rcc.o(.data)
    .data                                    0x20000024   Section       30  main.o(.data)
    total                                    0x20000024   Data           4  main.o(.data)
    .data                                    0x20000044   Section       12  stm32f4xx_it.o(.data)
    CNT                                      0x2000004c   Data           4  stm32f4xx_it.o(.data)
    .data                                    0x20000050   Section        8  bsp_debug_usart.o(.data)
    i                                        0x20000054   Data           4  bsp_debug_usart.o(.data)
    .data                                    0x20000058   Section       12  bsp_spi_dma.o(.data)
    total                                    0x20000058   Data           4  bsp_spi_dma.o(.data)
    .data                                    0x20000064   Section       24  bsp_sdio_sd.o(.data)
    CardType                                 0x20000064   Data           4  bsp_sdio_sd.o(.data)
    RCA                                      0x20000068   Data           4  bsp_sdio_sd.o(.data)
    .data                                    0x2000007c   Section        4  bsp_systick.o(.data)
    TimingDelay                              0x2000007c   Data           4  bsp_systick.o(.data)
    .data                                    0x20000080   Section       10  ff.o(.data)
    FatFs                                    0x20000080   Data           8  ff.o(.data)
    Fsid                                     0x20000088   Data           2  ff.o(.data)
    .data                                    0x2000008a   Section        5  433.o(.data)
    .data                                    0x20000090   Section        4  stdout.o(.data)
    .data                                    0x20000094   Section        4  mvars.o(.data)
    .data                                    0x20000098   Section        4  mvars.o(.data)
    .bss                                     0x2000009c   Section     8444  main.o(.bss)
    .bss                                     0x20002198   Section     1200  stm32f4xx_it.o(.bss)
    .bss                                     0x20002648   Section     2048  bsp_spi_dma.o(.bss)
    .bss                                     0x20002e48   Section      204  bsp_sdio_sd.o(.bss)
    CSD_Tab                                  0x20002e48   Data          16  bsp_sdio_sd.o(.bss)
    CID_Tab                                  0x20002e58   Data          16  bsp_sdio_sd.o(.bss)
    SDSTATUS_Tab                             0x20002e68   Data          16  bsp_sdio_sd.o(.bss)
    .bss                                     0x20002f14   Section     1024  433.o(.bss)
    HEAP                                     0x20003318   Section    65536  startup_stm32f429_439xx.o(HEAP)
    STACK                                    0x20013318   Section     8192  startup_stm32f429_439xx.o(STACK)

    Global Symbols

    Symbol Name                              Value     Ov Type        Size  Object(Section)

    BuildAttributes$$THM_ISAv4$E$P$D$K$B$S$7EM$VFPi3$EXTD16$VFPS$VFMA$PE$A:L22UL41UL21$X:L11$S22US41US21$IEEE1$IW$USESV6$~STKCKD$USESV7$~SHL$OSPACE$ROPI$EBA8$MICROLIB$REQ8$PRES8$EABIv2 0x00000000   Number         0  anon$$obj.o ABSOLUTE
    __ARM_use_no_argv                        0x00000000   Number         0  main.o ABSOLUTE
    _printf_a                                0x00000000   Number         0  stubs.o ABSOLUTE
    _printf_c                                0x00000000   Number         0  stubs.o ABSOLUTE
    _printf_charcount                        0x00000000   Number         0  stubs.o ABSOLUTE
    _printf_d                                0x00000000   Number         0  stubs.o ABSOLUTE
    _printf_e                                0x00000000   Number         0  stubs.o ABSOLUTE
    _printf_f                                0x00000000   Number         0  stubs.o ABSOLUTE
    _printf_flags                            0x00000000   Number         0  stubs.o ABSOLUTE
    _printf_fp_dec                           0x00000000   Number         0  stubs.o ABSOLUTE
    _printf_fp_hex                           0x00000000   Number         0  stubs.o ABSOLUTE
    _printf_g                                0x00000000   Number         0  stubs.o ABSOLUTE
    _printf_i                                0x00000000   Number         0  stubs.o ABSOLUTE
    _printf_int_dec                          0x00000000   Number         0  stubs.o ABSOLUTE
    _printf_l                                0x00000000   Number         0  stubs.o ABSOLUTE
    _printf_lc                               0x00000000   Number         0  stubs.o ABSOLUTE
    _printf_ll                               0x00000000   Number         0  stubs.o ABSOLUTE
    _printf_lld                              0x00000000   Number         0  stubs.o ABSOLUTE
    _printf_lli                              0x00000000   Number         0  stubs.o ABSOLUTE
    _printf_llo                              0x00000000   Number         0  stubs.o ABSOLUTE
    _printf_llu                              0x00000000   Number         0  stubs.o ABSOLUTE
    _printf_llx                              0x00000000   Number         0  stubs.o ABSOLUTE
    _printf_longlong_dec                     0x00000000   Number         0  stubs.o ABSOLUTE
    _printf_longlong_hex                     0x00000000   Number         0  stubs.o ABSOLUTE
    _printf_longlong_oct                     0x00000000   Number         0  stubs.o ABSOLUTE
    _printf_ls                               0x00000000   Number         0  stubs.o ABSOLUTE
    _printf_mbtowc                           0x00000000   Number         0  stubs.o ABSOLUTE
    _printf_n                                0x00000000   Number         0  stubs.o ABSOLUTE
    _printf_o                                0x00000000   Number         0  stubs.o ABSOLUTE
    _printf_p                                0x00000000   Number         0  stubs.o ABSOLUTE
    _printf_percent                          0x00000000   Number         0  stubs.o ABSOLUTE
    _printf_pre_padding                      0x00000000   Number         0  stubs.o ABSOLUTE
    _printf_return_value                     0x00000000   Number         0  stubs.o ABSOLUTE
    _printf_s                                0x00000000   Number         0  stubs.o ABSOLUTE
    _printf_sizespec                         0x00000000   Number         0  stubs.o ABSOLUTE
    _printf_str                              0x00000000   Number         0  stubs.o ABSOLUTE
    _printf_truncate_signed                  0x00000000   Number         0  stubs.o ABSOLUTE
    _printf_truncate_unsigned                0x00000000   Number         0  stubs.o ABSOLUTE
    _printf_u                                0x00000000   Number         0  stubs.o ABSOLUTE
    _printf_wc                               0x00000000   Number         0  stubs.o ABSOLUTE
    _printf_wctomb                           0x00000000   Number         0  stubs.o ABSOLUTE
    _printf_widthprec                        0x00000000   Number         0  stubs.o ABSOLUTE
    _printf_x                                0x00000000   Number         0  stubs.o ABSOLUTE
    __cpp_initialize__aeabi_                  - Undefined Weak Reference
    __cxa_finalize                            - Undefined Weak Reference
    __decompress                              - Undefined Weak Reference
    _clock_init                               - Undefined Weak Reference
    _microlib_exit                            - Undefined Weak Reference
    _scanf_int                                - Undefined Weak Reference
    _scanf_longlong                           - Undefined Weak Reference
    _scanf_real                               - Undefined Weak Reference
    __Vectors_Size                           0x000001ac   Number         0  startup_stm32f429_439xx.o ABSOLUTE
    __Vectors                                0x08000000   Data           4  startup_stm32f429_439xx.o(RESET)
    __Vectors_End                            0x080001ac   Data           0  startup_stm32f429_439xx.o(RESET)
    __main                                   0x080001ad   Thumb Code     0  entry.o(.ARM.Collect$$$$00000000)
    _main_stk                                0x080001ad   Thumb Code     0  entry2.o(.ARM.Collect$$$$00000001)
    _main_scatterload                        0x080001b1   Thumb Code     0  entry5.o(.ARM.Collect$$$$00000004)
    __main_after_scatterload                 0x080001b5   Thumb Code     0  entry5.o(.ARM.Collect$$$$00000004)
    _main_clock                              0x080001b5   Thumb Code     0  entry7b.o(.ARM.Collect$$$$00000008)
    _main_cpp_init                           0x080001b5   Thumb Code     0  entry8b.o(.ARM.Collect$$$$0000000A)
    _main_init                               0x080001b5   Thumb Code     0  entry9a.o(.ARM.Collect$$$$0000000B)
    __rt_final_cpp                           0x080001bd   Thumb Code     0  entry10a.o(.ARM.Collect$$$$0000000D)
    __rt_final_exit                          0x080001bd   Thumb Code     0  entry11a.o(.ARM.Collect$$$$0000000F)
    Reset_Handler                            0x080001c1   Thumb Code     8  startup_stm32f429_439xx.o(.text)
    ADC_IRQHandler                           0x080001db   Thumb Code     0  startup_stm32f429_439xx.o(.text)
    CAN1_RX0_IRQHandler                      0x080001db   Thumb Code     0  startup_stm32f429_439xx.o(.text)
    CAN1_RX1_IRQHandler                      0x080001db   Thumb Code     0  startup_stm32f429_439xx.o(.text)
    CAN1_SCE_IRQHandler                      0x080001db   Thumb Code     0  startup_stm32f429_439xx.o(.text)
    CAN1_TX_IRQHandler                       0x080001db   Thumb Code     0  startup_stm32f429_439xx.o(.text)
    CAN2_RX0_IRQHandler                      0x080001db   Thumb Code     0  startup_stm32f429_439xx.o(.text)
    CAN2_RX1_IRQHandler                      0x080001db   Thumb Code     0  startup_stm32f429_439xx.o(.text)
    CAN2_SCE_IRQHandler                      0x080001db   Thumb Code     0  startup_stm32f429_439xx.o(.text)
    CAN2_TX_IRQHandler                       0x080001db   Thumb Code     0  startup_stm32f429_439xx.o(.text)
    CRYP_IRQHandler                          0x080001db   Thumb Code     0  startup_stm32f429_439xx.o(.text)
    DCMI_IRQHandler                          0x080001db   Thumb Code     0  startup_stm32f429_439xx.o(.text)
    DMA1_Stream0_IRQHandler                  0x080001db   Thumb Code     0  startup_stm32f429_439xx.o(.text)
    DMA1_Stream1_IRQHandler                  0x080001db   Thumb Code     0  startup_stm32f429_439xx.o(.text)
    DMA1_Stream2_IRQHandler                  0x080001db   Thumb Code     0  startup_stm32f429_439xx.o(.text)
    DMA1_Stream5_IRQHandler                  0x080001db   Thumb Code     0  startup_stm32f429_439xx.o(.text)
    DMA1_Stream6_IRQHandler                  0x080001db   Thumb Code     0  startup_stm32f429_439xx.o(.text)
    DMA1_Stream7_IRQHandler                  0x080001db   Thumb Code     0  startup_stm32f429_439xx.o(.text)
    DMA2D_IRQHandler                         0x080001db   Thumb Code     0  startup_stm32f429_439xx.o(.text)
    DMA2_Stream0_IRQHandler                  0x080001db   Thumb Code     0  startup_stm32f429_439xx.o(.text)
    DMA2_Stream1_IRQHandler                  0x080001db   Thumb Code     0  startup_stm32f429_439xx.o(.text)
    DMA2_Stream2_IRQHandler                  0x080001db   Thumb Code     0  startup_stm32f429_439xx.o(.text)
    DMA2_Stream4_IRQHandler                  0x080001db   Thumb Code     0  startup_stm32f429_439xx.o(.text)
    DMA2_Stream6_IRQHandler                  0x080001db   Thumb Code     0  startup_stm32f429_439xx.o(.text)
    DMA2_Stream7_IRQHandler                  0x080001db   Thumb Code     0  startup_stm32f429_439xx.o(.text)
    ETH_IRQHandler                           0x080001db   Thumb Code     0  startup_stm32f429_439xx.o(.text)
    ETH_WKUP_IRQHandler                      0x080001db   Thumb Code     0  startup_stm32f429_439xx.o(.text)
    EXTI0_IRQHandler                         0x080001db   Thumb Code     0  startup_stm32f429_439xx.o(.text)
    EXTI15_10_IRQHandler                     0x080001db   Thumb Code     0  startup_stm32f429_439xx.o(.text)
    EXTI1_IRQHandler                         0x080001db   Thumb Code     0  startup_stm32f429_439xx.o(.text)
    EXTI2_IRQHandler                         0x080001db   Thumb Code     0  startup_stm32f429_439xx.o(.text)
    EXTI3_IRQHandler                         0x080001db   Thumb Code     0  startup_stm32f429_439xx.o(.text)
    EXTI4_IRQHandler                         0x080001db   Thumb Code     0  startup_stm32f429_439xx.o(.text)
    EXTI9_5_IRQHandler                       0x080001db   Thumb Code     0  startup_stm32f429_439xx.o(.text)
    FLASH_IRQHandler                         0x080001db   Thumb Code     0  startup_stm32f429_439xx.o(.text)
    FMC_IRQHandler                           0x080001db   Thumb Code     0  startup_stm32f429_439xx.o(.text)
    FPU_IRQHandler                           0x080001db   Thumb Code     0  startup_stm32f429_439xx.o(.text)
    HASH_RNG_IRQHandler                      0x080001db   Thumb Code     0  startup_stm32f429_439xx.o(.text)
    I2C1_ER_IRQHandler                       0x080001db   Thumb Code     0  startup_stm32f429_439xx.o(.text)
    I2C1_EV_IRQHandler                       0x080001db   Thumb Code     0  startup_stm32f429_439xx.o(.text)
    I2C2_ER_IRQHandler                       0x080001db   Thumb Code     0  startup_stm32f429_439xx.o(.text)
    I2C2_EV_IRQHandler                       0x080001db   Thumb Code     0  startup_stm32f429_439xx.o(.text)
    I2C3_ER_IRQHandler                       0x080001db   Thumb Code     0  startup_stm32f429_439xx.o(.text)
    I2C3_EV_IRQHandler                       0x080001db   Thumb Code     0  startup_stm32f429_439xx.o(.text)
    LTDC_ER_IRQHandler                       0x080001db   Thumb Code     0  startup_stm32f429_439xx.o(.text)
    LTDC_IRQHandler                          0x080001db   Thumb Code     0  startup_stm32f429_439xx.o(.text)
    OTG_FS_IRQHandler                        0x080001db   Thumb Code     0  startup_stm32f429_439xx.o(.text)
    OTG_FS_WKUP_IRQHandler                   0x080001db   Thumb Code     0  startup_stm32f429_439xx.o(.text)
    OTG_HS_EP1_IN_IRQHandler                 0x080001db   Thumb Code     0  startup_stm32f429_439xx.o(.text)
    OTG_HS_EP1_OUT_IRQHandler                0x080001db   Thumb Code     0  startup_stm32f429_439xx.o(.text)
    OTG_HS_IRQHandler                        0x080001db   Thumb Code     0  startup_stm32f429_439xx.o(.text)
    OTG_HS_WKUP_IRQHandler                   0x080001db   Thumb Code     0  startup_stm32f429_439xx.o(.text)
    PVD_IRQHandler                           0x080001db   Thumb Code     0  startup_stm32f429_439xx.o(.text)
    RCC_IRQHandler                           0x080001db   Thumb Code     0  startup_stm32f429_439xx.o(.text)
    RTC_Alarm_IRQHandler                     0x080001db   Thumb Code     0  startup_stm32f429_439xx.o(.text)
    RTC_WKUP_IRQHandler                      0x080001db   Thumb Code     0  startup_stm32f429_439xx.o(.text)
    SAI1_IRQHandler                          0x080001db   Thumb Code     0  startup_stm32f429_439xx.o(.text)
    SPI1_IRQHandler                          0x080001db   Thumb Code     0  startup_stm32f429_439xx.o(.text)
    SPI2_IRQHandler                          0x080001db   Thumb Code     0  startup_stm32f429_439xx.o(.text)
    SPI3_IRQHandler                          0x080001db   Thumb Code     0  startup_stm32f429_439xx.o(.text)
    SPI4_IRQHandler                          0x080001db   Thumb Code     0  startup_stm32f429_439xx.o(.text)
    SPI5_IRQHandler                          0x080001db   Thumb Code     0  startup_stm32f429_439xx.o(.text)
    SPI6_IRQHandler                          0x080001db   Thumb Code     0  startup_stm32f429_439xx.o(.text)
    TAMP_STAMP_IRQHandler                    0x080001db   Thumb Code     0  startup_stm32f429_439xx.o(.text)
    TIM1_BRK_TIM9_IRQHandler                 0x080001db   Thumb Code     0  startup_stm32f429_439xx.o(.text)
    TIM1_CC_IRQHandler                       0x080001db   Thumb Code     0  startup_stm32f429_439xx.o(.text)
    TIM1_TRG_COM_TIM11_IRQHandler            0x080001db   Thumb Code     0  startup_stm32f429_439xx.o(.text)
    TIM1_UP_TIM10_IRQHandler                 0x080001db   Thumb Code     0  startup_stm32f429_439xx.o(.text)
    TIM2_IRQHandler                          0x080001db   Thumb Code     0  startup_stm32f429_439xx.o(.text)
    TIM3_IRQHandler                          0x080001db   Thumb Code     0  startup_stm32f429_439xx.o(.text)
    TIM4_IRQHandler                          0x080001db   Thumb Code     0  startup_stm32f429_439xx.o(.text)
    TIM5_IRQHandler                          0x080001db   Thumb Code     0  startup_stm32f429_439xx.o(.text)
    TIM6_DAC_IRQHandler                      0x080001db   Thumb Code     0  startup_stm32f429_439xx.o(.text)
    TIM7_IRQHandler                          0x080001db   Thumb Code     0  startup_stm32f429_439xx.o(.text)
    TIM8_BRK_TIM12_IRQHandler                0x080001db   Thumb Code     0  startup_stm32f429_439xx.o(.text)
    TIM8_CC_IRQHandler                       0x080001db   Thumb Code     0  startup_stm32f429_439xx.o(.text)
    TIM8_TRG_COM_TIM14_IRQHandler            0x080001db   Thumb Code     0  startup_stm32f429_439xx.o(.text)
    TIM8_UP_TIM13_IRQHandler                 0x080001db   Thumb Code     0  startup_stm32f429_439xx.o(.text)
    UART4_IRQHandler                         0x080001db   Thumb Code     0  startup_stm32f429_439xx.o(.text)
    UART5_IRQHandler                         0x080001db   Thumb Code     0  startup_stm32f429_439xx.o(.text)
    UART7_IRQHandler                         0x080001db   Thumb Code     0  startup_stm32f429_439xx.o(.text)
    UART8_IRQHandler                         0x080001db   Thumb Code     0  startup_stm32f429_439xx.o(.text)
    USART1_IRQHandler                        0x080001db   Thumb Code     0  startup_stm32f429_439xx.o(.text)
    USART3_IRQHandler                        0x080001db   Thumb Code     0  startup_stm32f429_439xx.o(.text)
    WWDG_IRQHandler                          0x080001db   Thumb Code     0  startup_stm32f429_439xx.o(.text)
    __aeabi_uldivmod                         0x080001e5   Thumb Code    98  uldiv.o(.text)
    __aeabi_memcpy                           0x08000247   Thumb Code    36  memcpya.o(.text)
    __aeabi_memcpy4                          0x08000247   Thumb Code     0  memcpya.o(.text)
    __aeabi_memcpy8                          0x08000247   Thumb Code     0  memcpya.o(.text)
    __aeabi_memset                           0x0800026b   Thumb Code    14  memseta.o(.text)
    __aeabi_memset4                          0x0800026b   Thumb Code     0  memseta.o(.text)
    __aeabi_memset8                          0x0800026b   Thumb Code     0  memseta.o(.text)
    __aeabi_memclr                           0x08000279   Thumb Code     4  memseta.o(.text)
    __aeabi_memclr4                          0x08000279   Thumb Code     0  memseta.o(.text)
    __aeabi_memclr8                          0x08000279   Thumb Code     0  memseta.o(.text)
    _memset$wrapper                          0x0800027d   Thumb Code    18  memseta.o(.text)
    strlen                                   0x0800028f   Thumb Code    14  strlen.o(.text)
    __aeabi_uidiv                            0x0800029d   Thumb Code     0  uidiv.o(.text)
    __aeabi_uidivmod                         0x0800029d   Thumb Code    44  uidiv.o(.text)
    __aeabi_llsl                             0x080002c9   Thumb Code    30  llshl.o(.text)
    _ll_shift_l                              0x080002c9   Thumb Code     0  llshl.o(.text)
    __aeabi_llsr                             0x080002e7   Thumb Code    32  llushr.o(.text)
    _ll_ushift_r                             0x080002e7   Thumb Code     0  llushr.o(.text)
    __I$use$fp                               0x08000307   Thumb Code     0  iusefp.o(.text)
    __aeabi_dadd                             0x08000307   Thumb Code   322  dadd.o(.text)
    __aeabi_dsub                             0x08000449   Thumb Code     6  dadd.o(.text)
    __aeabi_drsub                            0x0800044f   Thumb Code     6  dadd.o(.text)
    __aeabi_dmul                             0x08000455   Thumb Code   228  dmul.o(.text)
    __aeabi_ddiv                             0x08000539   Thumb Code   222  ddiv.o(.text)
    __aeabi_d2ulz                            0x08000617   Thumb Code    48  dfixul.o(.text)
    __aeabi_cdrcmple                         0x08000649   Thumb Code    48  cdrcmple.o(.text)
    __scatterload                            0x08000679   Thumb Code    28  init.o(.text)
    __scatterload_rt2                        0x08000679   Thumb Code     0  init.o(.text)
    __aeabi_lasr                             0x0800069d   Thumb Code    36  llsshr.o(.text)
    _ll_sshift_r                             0x0800069d   Thumb Code     0  llsshr.o(.text)
    _double_round                            0x080006c1   Thumb Code    30  depilogue.o(.text)
    _double_epilogue                         0x080006df   Thumb Code   156  depilogue.o(.text)
    BusFault_Handler                         0x0800077b   Thumb Code     4  stm32f4xx_it.o(i.BusFault_Handler)
    Check433Config                           0x08000781   Thumb Code    60  433.o(i.Check433Config)
    DMA1_Stream3_IRQHandler                  0x08000a91   Thumb Code    30  main.o(i.DMA1_Stream3_IRQHandler)
    DMA1_Stream4_IRQHandler                  0x08000ac1   Thumb Code    24  main.o(i.DMA1_Stream4_IRQHandler)
    DMA2_Stream3_IRQHandler                  0x08000ae1   Thumb Code     8  bsp_sdio_sd.o(i.DMA2_Stream3_IRQHandler)
    DMA2_Stream5_IRQHandler                  0x08000ae9   Thumb Code    24  main.o(i.DMA2_Stream5_IRQHandler)
    DMA_ClearFlag                            0x08000b09   Thumb Code    38  stm32f4xx_dma.o(i.DMA_ClearFlag)
    DMA_ClearITPendingBit                    0x08000b3d   Thumb Code    38  stm32f4xx_dma.o(i.DMA_ClearITPendingBit)
    DMA_Cmd                                  0x08000b71   Thumb Code    22  stm32f4xx_dma.o(i.DMA_Cmd)
    DMA_DeInit                               0x08000b89   Thumb Code   324  stm32f4xx_dma.o(i.DMA_DeInit)
    DMA_FlowControllerConfig                 0x08000ce1   Thumb Code    22  stm32f4xx_dma.o(i.DMA_FlowControllerConfig)
    DMA_GetCmdStatus                         0x08000cf7   Thumb Code    20  stm32f4xx_dma.o(i.DMA_GetCmdStatus)
    DMA_GetITStatus                          0x08000d0d   Thumb Code    82  stm32f4xx_dma.o(i.DMA_GetITStatus)
    DMA_ITConfig                             0x08000d71   Thumb Code    58  stm32f4xx_dma.o(i.DMA_ITConfig)
    DMA_Init                                 0x08000dad   Thumb Code    82  stm32f4xx_dma.o(i.DMA_Init)
    DMA_SetCurrDataCounter                   0x08000e05   Thumb Code     4  stm32f4xx_dma.o(i.DMA_SetCurrDataCounter)
    DebugMon_Handler                         0x08000e09   Thumb Code     2  stm32f4xx_it.o(i.DebugMon_Handler)
    Debug_USART_Config                       0x08000e0d   Thumb Code   154  bsp_debug_usart.o(i.Debug_USART_Config)
    Delay_us                                 0x08000ec5   Thumb Code    20  bsp_systick.o(i.Delay_us)
    GPIO_Config                              0x08001071   Thumb Code   160  bsp_gpio.o(i.GPIO_Config)
    GPIO_Init                                0x08001119   Thumb Code   144  stm32f4xx_gpio.o(i.GPIO_Init)
    GPIO_PinAFConfig                         0x080011a9   Thumb Code    70  stm32f4xx_gpio.o(i.GPIO_PinAFConfig)
    GPIO_ReadInputDataBit                    0x080011ef   Thumb Code    18  stm32f4xx_gpio.o(i.GPIO_ReadInputDataBit)
    GPIO_ReadOutputDataBit                   0x08001201   Thumb Code    18  stm32f4xx_gpio.o(i.GPIO_ReadOutputDataBit)
    GPIO_ResetBits                           0x08001213   Thumb Code     4  stm32f4xx_gpio.o(i.GPIO_ResetBits)
    GPIO_SetBits                             0x08001217   Thumb Code     4  stm32f4xx_gpio.o(i.GPIO_SetBits)
    GPIO_WriteBit                            0x0800121b   Thumb Code    10  stm32f4xx_gpio.o(i.GPIO_WriteBit)
    HardFault_Handler                        0x08001225   Thumb Code     4  stm32f4xx_it.o(i.HardFault_Handler)
    MD_Init                                  0x08001261   Thumb Code    46  433.o(i.MD_Init)
    MemManage_Handler                        0x080012cd   Thumb Code     4  stm32f4xx_it.o(i.MemManage_Handler)
    NMI_Handler                              0x080012d1   Thumb Code     2  stm32f4xx_it.o(i.NMI_Handler)
    NVIC_Init                                0x08001319   Thumb Code   106  misc.o(i.NVIC_Init)
    NVIC_PriorityGroupConfig                 0x08001391   Thumb Code    10  misc.o(i.NVIC_PriorityGroupConfig)
    PendSV_Handler                           0x080013a5   Thumb Code     2  stm32f4xx_it.o(i.PendSV_Handler)
    RCC_AHB1PeriphClockCmd                   0x080013a9   Thumb Code    26  stm32f4xx_rcc.o(i.RCC_AHB1PeriphClockCmd)
    RCC_APB1PeriphClockCmd                   0x080013c9   Thumb Code    26  stm32f4xx_rcc.o(i.RCC_APB1PeriphClockCmd)
    RCC_APB2PeriphClockCmd                   0x080013e9   Thumb Code    26  stm32f4xx_rcc.o(i.RCC_APB2PeriphClockCmd)
    RCC_APB2PeriphResetCmd                   0x08001409   Thumb Code    26  stm32f4xx_rcc.o(i.RCC_APB2PeriphResetCmd)
    RCC_GetClocksFreq                        0x08001429   Thumb Code   214  stm32f4xx_rcc.o(i.RCC_GetClocksFreq)
    Rev433Cmd                                0x08001511   Thumb Code    22  433.o(i.Rev433Cmd)
    SDIO_ClearFlag                           0x0800164d   Thumb Code     6  stm32f4xx_sdio.o(i.SDIO_ClearFlag)
    SDIO_ClearITPendingBit                   0x08001659   Thumb Code     6  stm32f4xx_sdio.o(i.SDIO_ClearITPendingBit)
    SDIO_ClockCmd                            0x08001665   Thumb Code     6  stm32f4xx_sdio.o(i.SDIO_ClockCmd)
    SDIO_DMACmd                              0x08001671   Thumb Code     6  stm32f4xx_sdio.o(i.SDIO_DMACmd)
    SDIO_DataConfig                          0x0800167d   Thumb Code    46  stm32f4xx_sdio.o(i.SDIO_DataConfig)
    SDIO_DeInit                              0x080016b1   Thumb Code    22  stm32f4xx_sdio.o(i.SDIO_DeInit)
    SDIO_GetCommandResponse                  0x080016c9   Thumb Code     8  stm32f4xx_sdio.o(i.SDIO_GetCommandResponse)
    SDIO_GetFlagStatus                       0x080016d5   Thumb Code    20  stm32f4xx_sdio.o(i.SDIO_GetFlagStatus)
    SDIO_GetITStatus                         0x080016ed   Thumb Code    20  stm32f4xx_sdio.o(i.SDIO_GetITStatus)
    SDIO_GetPowerState                       0x08001705   Thumb Code    10  stm32f4xx_sdio.o(i.SDIO_GetPowerState)
    SDIO_GetResponse                         0x08001715   Thumb Code    20  stm32f4xx_sdio.o(i.SDIO_GetResponse)
    SDIO_IRQHandler                          0x0800172d   Thumb Code     8  bsp_sdio_sd.o(i.SDIO_IRQHandler)
    SDIO_ITConfig                            0x08001735   Thumb Code    26  stm32f4xx_sdio.o(i.SDIO_ITConfig)
    SDIO_Init                                0x08001755   Thumb Code    42  stm32f4xx_sdio.o(i.SDIO_Init)
    SDIO_ReadData                            0x08001785   Thumb Code     6  stm32f4xx_sdio.o(i.SDIO_ReadData)
    SDIO_SendCommand                         0x08001791   Thumb Code    40  stm32f4xx_sdio.o(i.SDIO_SendCommand)
    SDIO_SetPowerState                       0x080017bd   Thumb Code     6  stm32f4xx_sdio.o(i.SDIO_SetPowerState)
    SD_Detect                                0x080017c9   Thumb Code    12  bsp_sdio_sd.o(i.SD_Detect)
    SD_EnableWideBusOperation                0x080017d5   Thumb Code   136  bsp_sdio_sd.o(i.SD_EnableWideBusOperation)
    SD_GetCardInfo                           0x08001865   Thumb Code   780  bsp_sdio_sd.o(i.SD_GetCardInfo)
    SD_GetState                              0x08001b81   Thumb Code    38  bsp_sdio_sd.o(i.SD_GetState)
    SD_GetStatus                             0x08001ba7   Thumb Code    30  bsp_sdio_sd.o(i.SD_GetStatus)
    SD_Init                                  0x08001bc5   Thumb Code   182  bsp_sdio_sd.o(i.SD_Init)
    SD_InitializeCards                       0x08001c85   Thumb Code   294  bsp_sdio_sd.o(i.SD_InitializeCards)
    SD_LowLevel_DMA_RxConfig                 0x08001dc1   Thumb Code   136  bsp_sdio_sd.o(i.SD_LowLevel_DMA_RxConfig)
    SD_LowLevel_DMA_TxConfig                 0x08001e51   Thumb Code   136  bsp_sdio_sd.o(i.SD_LowLevel_DMA_TxConfig)
    SD_LowLevel_Init                         0x08001ee1   Thumb Code   156  bsp_sdio_sd.o(i.SD_LowLevel_Init)
    SD_PowerON                               0x08001f85   Thumb Code   400  bsp_sdio_sd.o(i.SD_PowerON)
    SD_ProcessDMAIRQ                         0x08002125   Thumb Code    32  bsp_sdio_sd.o(i.SD_ProcessDMAIRQ)
    SD_ProcessIRQSrc                         0x0800214d   Thumb Code   162  bsp_sdio_sd.o(i.SD_ProcessIRQSrc)
    SD_ReadMultiBlocks                       0x080021f9   Thumb Code   220  bsp_sdio_sd.o(i.SD_ReadMultiBlocks)
    SD_SelectDeselect                        0x080022f1   Thumb Code    50  bsp_sdio_sd.o(i.SD_SelectDeselect)
    SD_SendStatus                            0x08002329   Thumb Code    74  bsp_sdio_sd.o(i.SD_SendStatus)
    SD_StopTransfer                          0x0800237d   Thumb Code    46  bsp_sdio_sd.o(i.SD_StopTransfer)
    SD_WaitReadOperation                     0x080023b1   Thumb Code   108  bsp_sdio_sd.o(i.SD_WaitReadOperation)
    SD_WaitWriteOperation                    0x08002431   Thumb Code   108  bsp_sdio_sd.o(i.SD_WaitWriteOperation)
    SD_WriteMultiBlocks                      0x080024b1   Thumb Code   312  bsp_sdio_sd.o(i.SD_WriteMultiBlocks)
    SPI_Cmd                                  0x08002931   Thumb Code    24  stm32f4xx_spi.o(i.SPI_Cmd)
    SPI_I2S_DMACmd                           0x08002949   Thumb Code    18  stm32f4xx_spi.o(i.SPI_I2S_DMACmd)
    SPI_Init                                 0x0800295b   Thumb Code    60  stm32f4xx_spi.o(i.SPI_Init)
    SVC_Handler                              0x08002acd   Thumb Code     2  stm32f4xx_it.o(i.SVC_Handler)
    Set433Config                             0x08002ad1   Thumb Code    60  433.o(i.Set433Config)
    SysTick_Handler                          0x08002c35   Thumb Code     8  stm32f4xx_it.o(i.SysTick_Handler)
    SysTick_Init                             0x08002c3d   Thumb Code    88  bsp_systick.o(i.SysTick_Init)
    SystemInit                               0x08002ca5   Thumb Code    88  system_stm32f4xx.o(i.SystemInit)
    TimingDelay_Decrement                    0x08002d0d   Thumb Code    18  bsp_systick.o(i.TimingDelay_Decrement)
    USART2_IRQHandler                        0x08002d25   Thumb Code    44  bsp_debug_usart.o(i.USART2_IRQHandler)
    USART6_IRQHandler                        0x08002e0d   Thumb Code   142  stm32f4xx_it.o(i.USART6_IRQHandler)
    USART_Cmd                                0x08002ebd   Thumb Code    24  stm32f4xx_usart.o(i.USART_Cmd)
    USART_Config                             0x08002ed5   Thumb Code    16  bsp_debug_usart.o(i.USART_Config)
    USART_GetFlagStatus                      0x08002ee5   Thumb Code    26  stm32f4xx_usart.o(i.USART_GetFlagStatus)
    USART_GetITStatus                        0x08002eff   Thumb Code    84  stm32f4xx_usart.o(i.USART_GetITStatus)
    USART_ITConfig                           0x08002f53   Thumb Code    74  stm32f4xx_usart.o(i.USART_ITConfig)
    USART_Init                               0x08002f9d   Thumb Code   204  stm32f4xx_usart.o(i.USART_Init)
    USART_ReceiveData                        0x08003071   Thumb Code    10  stm32f4xx_usart.o(i.USART_ReceiveData)
    USART_SendData                           0x0800307b   Thumb Code     8  stm32f4xx_usart.o(i.USART_SendData)
    UsageFault_Handler                       0x08003083   Thumb Code     4  stm32f4xx_it.o(i.UsageFault_Handler)
    __0printf                                0x08003089   Thumb Code    22  printfa.o(i.__0printf)
    __1printf                                0x08003089   Thumb Code     0  printfa.o(i.__0printf)
    __2printf                                0x08003089   Thumb Code     0  printfa.o(i.__0printf)
    __c89printf                              0x08003089   Thumb Code     0  printfa.o(i.__0printf)
    printf                                   0x08003089   Thumb Code     0  printfa.o(i.__0printf)
    __0sprintf                               0x080030a9   Thumb Code    34  printfa.o(i.__0sprintf)
    __1sprintf                               0x080030a9   Thumb Code     0  printfa.o(i.__0sprintf)
    __2sprintf                               0x080030a9   Thumb Code     0  printfa.o(i.__0sprintf)
    __c89sprintf                             0x080030a9   Thumb Code     0  printfa.o(i.__0sprintf)
    sprintf                                  0x080030a9   Thumb Code     0  printfa.o(i.__0sprintf)
    __0vsprintf                              0x080030d1   Thumb Code    30  printfa.o(i.__0vsprintf)
    __1vsprintf                              0x080030d1   Thumb Code     0  printfa.o(i.__0vsprintf)
    __2vsprintf                              0x080030d1   Thumb Code     0  printfa.o(i.__0vsprintf)
    __c89vsprintf                            0x080030d1   Thumb Code     0  printfa.o(i.__0vsprintf)
    vsprintf                                 0x080030d1   Thumb Code     0  printfa.o(i.__0vsprintf)
    __scatterload_copy                       0x080030f5   Thumb Code    14  handlers.o(i.__scatterload_copy)
    __scatterload_null                       0x08003103   Thumb Code     2  handlers.o(i.__scatterload_null)
    __scatterload_zeroinit                   0x08003105   Thumb Code    14  handlers.o(i.__scatterload_zeroinit)
    clust2sect                               0x08003a55   Thumb Code    26  ff.o(i.clust2sect)
    dectohex                                 0x08003e59   Thumb Code    44  main.o(i.dectohex)
    disk_initialize                          0x080042f7   Thumb Code    42  diskio.o(i.disk_initialize)
    disk_ioctl                               0x08004321   Thumb Code   102  diskio.o(i.disk_ioctl)
    disk_read                                0x0800438d   Thumb Code   180  diskio.o(i.disk_read)
    disk_status                              0x08004441   Thumb Code    28  diskio.o(i.disk_status)
    disk_write                               0x0800445d   Thumb Code   186  diskio.o(i.disk_write)
    f_close                                  0x08004517   Thumb Code    32  ff.o(i.f_close)
    f_closedir                               0x08004537   Thumb Code    22  ff.o(i.f_closedir)
    f_mkdir                                  0x0800454d   Thumb Code   358  ff.o(i.f_mkdir)
    f_mkfs                                   0x080046b5   Thumb Code  1622  ff.o(i.f_mkfs)
    f_mount                                  0x08004d39   Thumb Code    86  ff.o(i.f_mount)
    f_open                                   0x08004d95   Thumb Code   382  ff.o(i.f_open)
    f_opendir                                0x08004f13   Thumb Code   118  ff.o(i.f_opendir)
    f_read                                   0x08004f89   Thumb Code   464  ff.o(i.f_read)
    f_sync                                   0x08005159   Thumb Code   176  ff.o(i.f_sync)
    f_write                                  0x08005209   Thumb Code   524  ff.o(i.f_write)
    ff_convert                               0x08005415   Thumb Code   116  cc936.o(i.ff_convert)
    ff_wtoupper                              0x08005491   Thumb Code    84  cc936.o(i.ff_wtoupper)
    fputc                                    0x080059d5   Thumb Code    32  bsp_debug_usart.o(i.fputc)
    free                                     0x080059f9   Thumb Code    76  malloc.o(i.free)
    get_fat                                  0x08005b15   Thumb Code   318  ff.o(i.get_fat)
    get_fattime                              0x08005c55   Thumb Code     4  diskio.o(i.get_fattime)
    main                                     0x08005cc9   Thumb Code   738  main.o(i.main)
    malloc                                   0x0800615d   Thumb Code    92  malloc.o(i.malloc)
    printf6                                  0x08006251   Thumb Code    90  bsp_debug_usart.o(i.printf6)
    put_fat                                  0x080062b5   Thumb Code   392  ff.o(i.put_fat)
    receiveAD                                0x0800643d   Thumb Code   736  main.o(i.receiveAD)
    send433Cmd                               0x08006899   Thumb Code    14  433.o(i.send433Cmd)
    sendADCmd                                0x080068a9   Thumb Code   106  main.o(i.sendADCmd)
    spiTransmit                              0x0800693d   Thumb Code    98  main.o(i.spiTransmit)
    spi_ad_dma_config                        0x080069b1   Thumb Code   106  bsp_spi_dma.o(i.spi_ad_dma_config)
    spi_wifi_dma_config                      0x08006a75   Thumb Code    36  bsp_spi_dma.o(i.spi_wifi_dma_config)
    upload                                   0x08006be9   Thumb Code   270  main.o(i.upload)
    Region$$Table$$Base                      0x08031ed8   Number         0  anon$$obj.o(Region$$Table)
    Region$$Table$$Limit                     0x08031ef8   Number         0  anon$$obj.o(Region$$Table)
    SystemCoreClock                          0x20000000   Data           4  system_stm32f4xx.o(.data)
    AHBPrescTable                            0x20000004   Data          16  system_stm32f4xx.o(.data)
    result                                   0x20000028   Data           1  main.o(.data)
    fnum                                     0x2000002c   Data           4  main.o(.data)
    selectedNums                             0x20000030   Data           4  main.o(.data)
    ad_BUFF_SIZE                             0x20000034   Data           4  main.o(.data)
    samplePoints                             0x20000038   Data           4  main.o(.data)
    sampleRate                               0x2000003c   Data           2  main.o(.data)
    fileSize                                 0x2000003e   Data           4  main.o(.data)
    USART2_RX_STA                            0x20000044   Data           2  stm32f4xx_it.o(.data)
    USART2_Rev                               0x20000046   Data           1  stm32f4xx_it.o(.data)
    USART6_RX_STA                            0x20000048   Data           2  stm32f4xx_it.o(.data)
    USART6_Rev                               0x2000004a   Data           1  stm32f4xx_it.o(.data)
    eventFlag                                0x20000050   Data           4  bsp_debug_usart.o(.data)
    AD_RX_Buff                               0x2000005c   Data           4  bsp_spi_dma.o(.data)
    AD_TX_Buff                               0x20000060   Data           4  bsp_spi_dma.o(.data)
    StopCondition                            0x2000006c   Data           4  bsp_sdio_sd.o(.data)
    TransferError                            0x20000070   Data           1  bsp_sdio_sd.o(.data)
    TransferEnd                              0x20000074   Data           4  bsp_sdio_sd.o(.data)
    DMAEndOfTransfer                         0x20000078   Data           4  bsp_sdio_sd.o(.data)
    RXDATA_433_STATUS                        0x2000008a   Data           1  433.o(.data)
    airspeed                                 0x2000008b   Data           4  433.o(.data)
    __stdout                                 0x20000090   Data           4  stdout.o(.data)
    __microlib_freelist                      0x20000094   Data           4  mvars.o(.data)
    __microlib_freelist_initialised          0x20000098   Data           4  mvars.o(.data)
    fs                                       0x2000009c   Data        4144  main.o(.bss)
    file                                     0x200010cc   Data        4132  main.o(.bss)
    dir                                      0x200020f0   Data          36  main.o(.bss)
    fileName                                 0x20002114   Data         100  main.o(.bss)
    US_RX_BUF                                0x20002178   Data          32  main.o(.bss)
    USART2_RX_BUF                            0x20002198   Data         300  stm32f4xx_it.o(.bss)
    USART2_TX_BUF                            0x200022c4   Data         300  stm32f4xx_it.o(.bss)
    USART6_RX_BUF                            0x200023f0   Data         300  stm32f4xx_it.o(.bss)
    USART6_TX_BUF                            0x2000251c   Data         300  stm32f4xx_it.o(.bss)
    WIFI_TX_Buff                             0x20002648   Data        1024  bsp_spi_dma.o(.bss)
    WIFI_RX_Buff                             0x20002a48   Data        1024  bsp_spi_dma.o(.bss)
    SDCardInfo                               0x20002e78   Data          88  bsp_sdio_sd.o(.bss)
    SDIO_InitStructure                       0x20002ed0   Data          24  bsp_sdio_sd.o(.bss)
    SDIO_CmdInitStructure                    0x20002ee8   Data          20  bsp_sdio_sd.o(.bss)
    SDIO_DataInitStructure                   0x20002efc   Data          24  bsp_sdio_sd.o(.bss)
    RXDATA_433                               0x20002f14   Data        1024  433.o(.bss)
    __heap_base                              0x20003318   Data           0  startup_stm32f429_439xx.o(HEAP)
    __heap_limit                             0x20013318   Data           0  startup_stm32f429_439xx.o(HEAP)
    __initial_sp                             0x20015318   Data           0  startup_stm32f429_439xx.o(STACK)



==============================================================================

Memory Map of the image

  Image Entry point : 0x080001ad

  Load Region LR_IROM1 (Base: 0x08000000, Size: 0x00031f94, Max: 0x00100000, ABSOLUTE)

    Execution Region ER_IROM1 (Base: 0x08000000, Size: 0x00031ef8, Max: 0x00100000, ABSOLUTE)

    Base Addr    Size         Type   Attr      Idx    E Section Name        Object

    0x08000000   0x000001ac   Data   RO            3    RESET               startup_stm32f429_439xx.o
    0x080001ac   0x00000000   Code   RO         6400  * .ARM.Collect$$$$00000000  mc_w.l(entry.o)
    0x080001ac   0x00000004   Code   RO         6708    .ARM.Collect$$$$00000001  mc_w.l(entry2.o)
    0x080001b0   0x00000004   Code   RO         6711    .ARM.Collect$$$$00000004  mc_w.l(entry5.o)
    0x080001b4   0x00000000   Code   RO         6713    .ARM.Collect$$$$00000008  mc_w.l(entry7b.o)
    0x080001b4   0x00000000   Code   RO         6715    .ARM.Collect$$$$0000000A  mc_w.l(entry8b.o)
    0x080001b4   0x00000008   Code   RO         6716    .ARM.Collect$$$$0000000B  mc_w.l(entry9a.o)
    0x080001bc   0x00000000   Code   RO         6718    .ARM.Collect$$$$0000000D  mc_w.l(entry10a.o)
    0x080001bc   0x00000000   Code   RO         6720    .ARM.Collect$$$$0000000F  mc_w.l(entry11a.o)
    0x080001bc   0x00000004   Code   RO         6709    .ARM.Collect$$$$00002712  mc_w.l(entry2.o)
    0x080001c0   0x00000024   Code   RO            4    .text               startup_stm32f429_439xx.o
    0x080001e4   0x00000062   Code   RO         6403    .text               mc_w.l(uldiv.o)
    0x08000246   0x00000024   Code   RO         6405    .text               mc_w.l(memcpya.o)
    0x0800026a   0x00000024   Code   RO         6407    .text               mc_w.l(memseta.o)
    0x0800028e   0x0000000e   Code   RO         6409    .text               mc_w.l(strlen.o)
    0x0800029c   0x0000002c   Code   RO         6723    .text               mc_w.l(uidiv.o)
    0x080002c8   0x0000001e   Code   RO         6725    .text               mc_w.l(llshl.o)
    0x080002e6   0x00000020   Code   RO         6727    .text               mc_w.l(llushr.o)
    0x08000306   0x00000000   Code   RO         6744    .text               mc_w.l(iusefp.o)
    0x08000306   0x0000014e   Code   RO         6745    .text               mf_w.l(dadd.o)
    0x08000454   0x000000e4   Code   RO         6747    .text               mf_w.l(dmul.o)
    0x08000538   0x000000de   Code   RO         6749    .text               mf_w.l(ddiv.o)
    0x08000616   0x00000030   Code   RO         6751    .text               mf_w.l(dfixul.o)
    0x08000646   0x00000002   PAD
    0x08000648   0x00000030   Code   RO         6753    .text               mf_w.l(cdrcmple.o)
    0x08000678   0x00000024   Code   RO         6755    .text               mc_w.l(init.o)
    0x0800069c   0x00000024   Code   RO         6757    .text               mc_w.l(llsshr.o)
    0x080006c0   0x000000ba   Code   RO         6793    .text               mf_w.l(depilogue.o)
    0x0800077a   0x00000004   Code   RO         5279    i.BusFault_Handler  stm32f4xx_it.o
    0x0800077e   0x00000002   PAD
    0x08000780   0x00000044   Code   RO         6318    i.Check433Config    433.o
    0x080007c4   0x0000002c   Code   RO         5612    i.CmdError          bsp_sdio_sd.o
    0x080007f0   0x00000134   Code   RO         5613    i.CmdResp1Error     bsp_sdio_sd.o
    0x08000924   0x0000004c   Code   RO         5614    i.CmdResp2Error     bsp_sdio_sd.o
    0x08000970   0x00000038   Code   RO         5615    i.CmdResp3Error     bsp_sdio_sd.o
    0x080009a8   0x0000009c   Code   RO         5616    i.CmdResp6Error     bsp_sdio_sd.o
    0x08000a44   0x0000004c   Code   RO         5617    i.CmdResp7Error     bsp_sdio_sd.o
    0x08000a90   0x00000030   Code   RO         5161    i.DMA1_Stream3_IRQHandler  main.o
    0x08000ac0   0x00000020   Code   RO         5162    i.DMA1_Stream4_IRQHandler  main.o
    0x08000ae0   0x00000008   Code   RO         5618    i.DMA2_Stream3_IRQHandler  bsp_sdio_sd.o
    0x08000ae8   0x00000020   Code   RO         5163    i.DMA2_Stream5_IRQHandler  main.o
    0x08000b08   0x00000034   Code   RO         1220    i.DMA_ClearFlag     stm32f4xx_dma.o
    0x08000b3c   0x00000034   Code   RO         1221    i.DMA_ClearITPendingBit  stm32f4xx_dma.o
    0x08000b70   0x00000016   Code   RO         1222    i.DMA_Cmd           stm32f4xx_dma.o
    0x08000b86   0x00000002   PAD
    0x08000b88   0x00000158   Code   RO         1223    i.DMA_DeInit        stm32f4xx_dma.o
    0x08000ce0   0x00000016   Code   RO         1226    i.DMA_FlowControllerConfig  stm32f4xx_dma.o
    0x08000cf6   0x00000014   Code   RO         1227    i.DMA_GetCmdStatus  stm32f4xx_dma.o
    0x08000d0a   0x00000002   PAD
    0x08000d0c   0x00000064   Code   RO         1232    i.DMA_GetITStatus   stm32f4xx_dma.o
    0x08000d70   0x0000003a   Code   RO         1233    i.DMA_ITConfig      stm32f4xx_dma.o
    0x08000daa   0x00000002   PAD
    0x08000dac   0x00000058   Code   RO         1234    i.DMA_Init          stm32f4xx_dma.o
    0x08000e04   0x00000004   Code   RO         1237    i.DMA_SetCurrDataCounter  stm32f4xx_dma.o
    0x08000e08   0x00000002   Code   RO         5281    i.DebugMon_Handler  stm32f4xx_it.o
    0x08000e0a   0x00000002   PAD
    0x08000e0c   0x000000a4   Code   RO         5375    i.Debug_USART_Config  bsp_debug_usart.o
    0x08000eb0   0x00000012   Code   RO         5164    i.Delay             main.o
    0x08000ec2   0x00000002   PAD
    0x08000ec4   0x00000018   Code   RO         5880    i.Delay_us          bsp_systick.o
    0x08000edc   0x00000194   Code   RO         5619    i.FindSCR           bsp_sdio_sd.o
    0x08001070   0x000000a8   Code   RO         5514    i.GPIO_Config       bsp_gpio.o
    0x08001118   0x00000090   Code   RO         2046    i.GPIO_Init         stm32f4xx_gpio.o
    0x080011a8   0x00000046   Code   RO         2047    i.GPIO_PinAFConfig  stm32f4xx_gpio.o
    0x080011ee   0x00000012   Code   RO         2050    i.GPIO_ReadInputDataBit  stm32f4xx_gpio.o
    0x08001200   0x00000012   Code   RO         2052    i.GPIO_ReadOutputDataBit  stm32f4xx_gpio.o
    0x08001212   0x00000004   Code   RO         2053    i.GPIO_ResetBits    stm32f4xx_gpio.o
    0x08001216   0x00000004   Code   RO         2054    i.GPIO_SetBits      stm32f4xx_gpio.o
    0x0800121a   0x0000000a   Code   RO         2058    i.GPIO_WriteBit     stm32f4xx_gpio.o
    0x08001224   0x00000004   Code   RO         5282    i.HardFault_Handler  stm32f4xx_it.o
    0x08001228   0x00000038   Code   RO         6321    i.MD_High           433.o
    0x08001260   0x00000034   Code   RO         6322    i.MD_Init           433.o
    0x08001294   0x00000038   Code   RO         6323    i.MD_Low            433.o
    0x080012cc   0x00000004   Code   RO         5283    i.MemManage_Handler  stm32f4xx_it.o
    0x080012d0   0x00000002   Code   RO         5284    i.NMI_Handler       stm32f4xx_it.o
    0x080012d2   0x00000046   Code   RO         5376    i.NVIC_Configuration  bsp_debug_usart.o
    0x08001318   0x00000078   Code   RO          164    i.NVIC_Init         misc.o
    0x08001390   0x00000014   Code   RO          165    i.NVIC_PriorityGroupConfig  misc.o
    0x080013a4   0x00000002   Code   RO         5285    i.PendSV_Handler    stm32f4xx_it.o
    0x080013a6   0x00000002   PAD
    0x080013a8   0x00000020   Code   RO         2960    i.RCC_AHB1PeriphClockCmd  stm32f4xx_rcc.o
    0x080013c8   0x00000020   Code   RO         2969    i.RCC_APB1PeriphClockCmd  stm32f4xx_rcc.o
    0x080013e8   0x00000020   Code   RO         2972    i.RCC_APB2PeriphClockCmd  stm32f4xx_rcc.o
    0x08001408   0x00000020   Code   RO         2974    i.RCC_APB2PeriphResetCmd  stm32f4xx_rcc.o
    0x08001428   0x000000e8   Code   RO         2981    i.RCC_GetClocksFreq  stm32f4xx_rcc.o
    0x08001510   0x00000020   Code   RO         6324    i.Rev433Cmd         433.o
    0x08001530   0x0000011c   Code   RO         5621    i.SDEnWideBus       bsp_sdio_sd.o
    0x0800164c   0x0000000c   Code   RO         3891    i.SDIO_ClearFlag    stm32f4xx_sdio.o
    0x08001658   0x0000000c   Code   RO         3892    i.SDIO_ClearITPendingBit  stm32f4xx_sdio.o
    0x08001664   0x0000000c   Code   RO         3893    i.SDIO_ClockCmd     stm32f4xx_sdio.o
    0x08001670   0x0000000c   Code   RO         3896    i.SDIO_DMACmd       stm32f4xx_sdio.o
    0x0800167c   0x00000034   Code   RO         3897    i.SDIO_DataConfig   stm32f4xx_sdio.o
    0x080016b0   0x00000016   Code   RO         3899    i.SDIO_DeInit       stm32f4xx_sdio.o
    0x080016c6   0x00000002   PAD
    0x080016c8   0x0000000c   Code   RO         3900    i.SDIO_GetCommandResponse  stm32f4xx_sdio.o
    0x080016d4   0x00000018   Code   RO         3903    i.SDIO_GetFlagStatus  stm32f4xx_sdio.o
    0x080016ec   0x00000018   Code   RO         3904    i.SDIO_GetITStatus  stm32f4xx_sdio.o
    0x08001704   0x00000010   Code   RO         3905    i.SDIO_GetPowerState  stm32f4xx_sdio.o
    0x08001714   0x00000018   Code   RO         3906    i.SDIO_GetResponse  stm32f4xx_sdio.o
    0x0800172c   0x00000008   Code   RO         5622    i.SDIO_IRQHandler   bsp_sdio_sd.o
    0x08001734   0x00000020   Code   RO         3907    i.SDIO_ITConfig     stm32f4xx_sdio.o
    0x08001754   0x00000030   Code   RO         3908    i.SDIO_Init         stm32f4xx_sdio.o
    0x08001784   0x0000000c   Code   RO         3909    i.SDIO_ReadData     stm32f4xx_sdio.o
    0x08001790   0x0000002c   Code   RO         3911    i.SDIO_SendCommand  stm32f4xx_sdio.o
    0x080017bc   0x0000000c   Code   RO         3913    i.SDIO_SetPowerState  stm32f4xx_sdio.o
    0x080017c8   0x0000000c   Code   RO         5624    i.SD_Detect         bsp_sdio_sd.o
    0x080017d4   0x00000090   Code   RO         5625    i.SD_EnableWideBusOperation  bsp_sdio_sd.o
    0x08001864   0x0000031c   Code   RO         5627    i.SD_GetCardInfo    bsp_sdio_sd.o
    0x08001b80   0x00000026   Code   RO         5629    i.SD_GetState       bsp_sdio_sd.o
    0x08001ba6   0x0000001e   Code   RO         5630    i.SD_GetStatus      bsp_sdio_sd.o
    0x08001bc4   0x000000c0   Code   RO         5633    i.SD_Init           bsp_sdio_sd.o
    0x08001c84   0x0000013c   Code   RO         5634    i.SD_InitializeCards  bsp_sdio_sd.o
    0x08001dc0   0x00000090   Code   RO         5635    i.SD_LowLevel_DMA_RxConfig  bsp_sdio_sd.o
    0x08001e50   0x00000090   Code   RO         5636    i.SD_LowLevel_DMA_TxConfig  bsp_sdio_sd.o
    0x08001ee0   0x000000a4   Code   RO         5638    i.SD_LowLevel_Init  bsp_sdio_sd.o
    0x08001f84   0x000001a0   Code   RO         5640    i.SD_PowerON        bsp_sdio_sd.o
    0x08002124   0x00000028   Code   RO         5641    i.SD_ProcessDMAIRQ  bsp_sdio_sd.o
    0x0800214c   0x000000ac   Code   RO         5642    i.SD_ProcessIRQSrc  bsp_sdio_sd.o
    0x080021f8   0x000000f8   Code   RO         5644    i.SD_ReadMultiBlocks  bsp_sdio_sd.o
    0x080022f0   0x00000038   Code   RO         5645    i.SD_SelectDeselect  bsp_sdio_sd.o
    0x08002328   0x00000054   Code   RO         5647    i.SD_SendStatus     bsp_sdio_sd.o
    0x0800237c   0x00000034   Code   RO         5648    i.SD_StopTransfer   bsp_sdio_sd.o
    0x080023b0   0x00000080   Code   RO         5649    i.SD_WaitReadOperation  bsp_sdio_sd.o
    0x08002430   0x00000080   Code   RO         5650    i.SD_WaitWriteOperation  bsp_sdio_sd.o
    0x080024b0   0x00000158   Code   RO         5652    i.SD_WriteMultiBlocks  bsp_sdio_sd.o
    0x08002608   0x000000a8   Code   RO         5539    i.SPI1_AD_RX_DMA_Config  bsp_spi_dma.o
    0x080026b0   0x000000a8   Code   RO         5540    i.SPI1_AD_TX_DMA_Config  bsp_spi_dma.o
    0x08002758   0x00000078   Code   RO         5541    i.SPI2_WIFI_RX_DMA_Config  bsp_spi_dma.o
    0x080027d0   0x00000074   Code   RO         5542    i.SPI2_WIFI_TX_DMA_Config  bsp_spi_dma.o
    0x08002844   0x000000ec   Code   RO         5543    i.SPI_AD_Config     bsp_spi_dma.o
    0x08002930   0x00000018   Code   RO         4115    i.SPI_Cmd           stm32f4xx_spi.o
    0x08002948   0x00000012   Code   RO         4121    i.SPI_I2S_DMACmd    stm32f4xx_spi.o
    0x0800295a   0x0000003c   Code   RO         4128    i.SPI_Init          stm32f4xx_spi.o
    0x08002996   0x00000002   PAD
    0x08002998   0x00000134   Code   RO         5544    i.SPI_WIFI_Config   bsp_spi_dma.o
    0x08002acc   0x00000002   Code   RO         5286    i.SVC_Handler       stm32f4xx_it.o
    0x08002ace   0x00000002   PAD
    0x08002ad0   0x00000044   Code   RO         6325    i.Set433Config      433.o
    0x08002b14   0x00000120   Code   RO           13    i.SetSysClock       system_stm32f4xx.o
    0x08002c34   0x00000008   Code   RO         5287    i.SysTick_Handler   stm32f4xx_it.o
    0x08002c3c   0x00000068   Code   RO         5881    i.SysTick_Init      bsp_systick.o
    0x08002ca4   0x00000068   Code   RO           15    i.SystemInit        system_stm32f4xx.o
    0x08002d0c   0x00000018   Code   RO         5882    i.TimingDelay_Decrement  bsp_systick.o
    0x08002d24   0x00000034   Code   RO         5377    i.USART2_IRQHandler  bsp_debug_usart.o
    0x08002d58   0x000000b4   Code   RO         5378    i.USART6_Config     bsp_debug_usart.o
    0x08002e0c   0x000000b0   Code   RO         5288    i.USART6_IRQHandler  stm32f4xx_it.o
    0x08002ebc   0x00000018   Code   RO         4907    i.USART_Cmd         stm32f4xx_usart.o
    0x08002ed4   0x00000010   Code   RO         5379    i.USART_Config      bsp_debug_usart.o
    0x08002ee4   0x0000001a   Code   RO         4910    i.USART_GetFlagStatus  stm32f4xx_usart.o
    0x08002efe   0x00000054   Code   RO         4911    i.USART_GetITStatus  stm32f4xx_usart.o
    0x08002f52   0x0000004a   Code   RO         4913    i.USART_ITConfig    stm32f4xx_usart.o
    0x08002f9c   0x000000d4   Code   RO         4914    i.USART_Init        stm32f4xx_usart.o
    0x08003070   0x0000000a   Code   RO         4921    i.USART_ReceiveData  stm32f4xx_usart.o
    0x0800307a   0x00000008   Code   RO         4924    i.USART_SendData    stm32f4xx_usart.o
    0x08003082   0x00000004   Code   RO         5289    i.UsageFault_Handler  stm32f4xx_it.o
    0x08003086   0x00000002   PAD
    0x08003088   0x00000020   Code   RO         6646    i.__0printf         mc_w.l(printfa.o)
    0x080030a8   0x00000028   Code   RO         6648    i.__0sprintf        mc_w.l(printfa.o)
    0x080030d0   0x00000024   Code   RO         6652    i.__0vsprintf       mc_w.l(printfa.o)
    0x080030f4   0x0000000e   Code   RO         6802    i.__scatterload_copy  mc_w.l(handlers.o)
    0x08003102   0x00000002   Code   RO         6803    i.__scatterload_null  mc_w.l(handlers.o)
    0x08003104   0x0000000e   Code   RO         6804    i.__scatterload_zeroinit  mc_w.l(handlers.o)
    0x08003112   0x00000002   PAD
    0x08003114   0x00000164   Code   RO         6653    i._fp_digits        mc_w.l(printfa.o)
    0x08003278   0x000006dc   Code   RO         6654    i._printf_core      mc_w.l(printfa.o)
    0x08003954   0x00000024   Code   RO         6655    i._printf_post_padding  mc_w.l(printfa.o)
    0x08003978   0x0000002e   Code   RO         6656    i._printf_pre_padding  mc_w.l(printfa.o)
    0x080039a6   0x0000000a   Code   RO         6658    i._sputc            mc_w.l(printfa.o)
    0x080039b0   0x00000090   Code   RO         5989    i.check_fs          ff.o
    0x08003a40   0x00000014   Code   RO         5990    i.chk_chr           ff.o
    0x08003a54   0x0000001a   Code   RO         5991    i.clust2sect        ff.o
    0x08003a6e   0x00000002   PAD
    0x08003a70   0x000000a0   Code   RO         5992    i.cmp_lfn           ff.o
    0x08003b10   0x000000d6   Code   RO         5993    i.create_chain      ff.o
    0x08003be6   0x00000002   PAD
    0x08003be8   0x00000270   Code   RO         5994    i.create_name       ff.o
    0x08003e58   0x0000002c   Code   RO         5165    i.dectohex          main.o
    0x08003e84   0x0000005c   Code   RO         5995    i.dir_alloc         ff.o
    0x08003ee0   0x000000ea   Code   RO         5996    i.dir_find          ff.o
    0x08003fca   0x0000013a   Code   RO         5997    i.dir_next          ff.o
    0x08004104   0x0000012a   Code   RO         5999    i.dir_register      ff.o
    0x0800422e   0x000000c8   Code   RO         6001    i.dir_sdi           ff.o
    0x080042f6   0x0000002a   Code   RO         5922    i.disk_initialize   diskio.o
    0x08004320   0x0000006c   Code   RO         5923    i.disk_ioctl        diskio.o
    0x0800438c   0x000000b4   Code   RO         5924    i.disk_read         diskio.o
    0x08004440   0x0000001c   Code   RO         5925    i.disk_status       diskio.o
    0x0800445c   0x000000ba   Code   RO         5926    i.disk_write        diskio.o
    0x08004516   0x00000020   Code   RO         6003    i.f_close           ff.o
    0x08004536   0x00000016   Code   RO         6004    i.f_closedir        ff.o
    0x0800454c   0x00000166   Code   RO         6007    i.f_mkdir           ff.o
    0x080046b2   0x00000002   PAD
    0x080046b4   0x00000684   Code   RO         6008    i.f_mkfs            ff.o
    0x08004d38   0x0000005c   Code   RO         6009    i.f_mount           ff.o
    0x08004d94   0x0000017e   Code   RO         6010    i.f_open            ff.o
    0x08004f12   0x00000076   Code   RO         6011    i.f_opendir         ff.o
    0x08004f88   0x000001d0   Code   RO         6012    i.f_read            ff.o
    0x08005158   0x000000b0   Code   RO         6016    i.f_sync            ff.o
    0x08005208   0x0000020c   Code   RO         6020    i.f_write           ff.o
    0x08005414   0x0000007c   Code   RO         6286    i.ff_convert        cc936.o
    0x08005490   0x0000005c   Code   RO         6287    i.ff_wtoupper       cc936.o
    0x080054ec   0x000003d8   Code   RO         6021    i.find_volume       ff.o
    0x080058c4   0x00000080   Code   RO         6022    i.fit_lfn           ff.o
    0x08005944   0x00000090   Code   RO         6023    i.follow_path       ff.o
    0x080059d4   0x00000024   Code   RO         5384    i.fputc             bsp_debug_usart.o
    0x080059f8   0x00000050   Code   RO         6674    i.free              mc_w.l(malloc.o)
    0x08005a48   0x000000cc   Code   RO         6024    i.gen_numname       ff.o
    0x08005b14   0x0000013e   Code   RO         6025    i.get_fat           ff.o
    0x08005c52   0x00000002   PAD
    0x08005c54   0x00000008   Code   RO         5927    i.get_fattime       diskio.o
    0x08005c5c   0x0000004a   Code   RO         6027    i.get_ldnumber      ff.o
    0x08005ca6   0x00000020   Code   RO         6028    i.ld_clust          ff.o
    0x08005cc6   0x00000002   PAD
    0x08005cc8   0x00000494   Code   RO         5166    i.main              main.o
    0x0800615c   0x0000006c   Code   RO         6675    i.malloc            mc_w.l(malloc.o)
    0x080061c8   0x00000026   Code   RO         6029    i.mem_cmp           ff.o
    0x080061ee   0x0000001a   Code   RO         6030    i.mem_cpy           ff.o
    0x08006208   0x00000014   Code   RO         6031    i.mem_set           ff.o
    0x0800621c   0x00000034   Code   RO         6032    i.move_window       ff.o
    0x08006250   0x00000064   Code   RO         5385    i.printf6           bsp_debug_usart.o
    0x080062b4   0x00000188   Code   RO         6034    i.put_fat           ff.o
    0x0800643c   0x000003f0   Code   RO         5167    i.receiveAD         main.o
    0x0800682c   0x0000006c   Code   RO         6035    i.remove_chain      ff.o
    0x08006898   0x0000000e   Code   RO         6326    i.send433Cmd        433.o
    0x080068a6   0x00000002   PAD
    0x080068a8   0x00000094   Code   RO         5168    i.sendADCmd         main.o
    0x0800693c   0x00000074   Code   RO         5169    i.spiTransmit       main.o
    0x080069b0   0x000000c4   Code   RO         5545    i.spi_ad_dma_config  bsp_spi_dma.o
    0x08006a74   0x00000028   Code   RO         5546    i.spi_wifi_dma_config  bsp_spi_dma.o
    0x08006a9c   0x00000010   Code   RO         6036    i.st_clust          ff.o
    0x08006aac   0x00000020   Code   RO         6037    i.sum_sfn           ff.o
    0x08006acc   0x000000c8   Code   RO         6038    i.sync_fs           ff.o
    0x08006b94   0x00000052   Code   RO         6039    i.sync_window       ff.o
    0x08006be6   0x00000002   PAD
    0x08006be8   0x000001b0   Code   RO         5170    i.upload            main.o
    0x08006d98   0x00000032   Code   RO         6040    i.validate          ff.o
    0x08006dca   0x00000002   PAD
    0x08006dcc   0x00000010   Data   RO         5172    .constdata          main.o
    0x08006ddc   0x0000003a   Data   RO         6041    .constdata          ff.o
    0x08006e16   0x0002b0c0   Data   RO         6288    .constdata          cc936.o
    0x08031ed6   0x00000002   PAD
    0x08031ed8   0x00000020   Data   RO         6800    Region$$Table       anon$$obj.o


    Execution Region RW_IRAM1 (Base: 0x20000000, Size: 0x00015318, Max: 0x00030000, ABSOLUTE)

    Base Addr    Size         Type   Attr      Idx    E Section Name        Object

    0x20000000   0x00000014   Data   RW           16    .data               system_stm32f4xx.o
    0x20000014   0x00000010   Data   RW         3013    .data               stm32f4xx_rcc.o
    0x20000024   0x0000001e   Data   RW         5173    .data               main.o
    0x20000042   0x00000002   PAD
    0x20000044   0x0000000c   Data   RW         5291    .data               stm32f4xx_it.o
    0x20000050   0x00000008   Data   RW         5387    .data               bsp_debug_usart.o
    0x20000058   0x0000000c   Data   RW         5548    .data               bsp_spi_dma.o
    0x20000064   0x00000018   Data   RW         5655    .data               bsp_sdio_sd.o
    0x2000007c   0x00000004   Data   RW         5883    .data               bsp_systick.o
    0x20000080   0x0000000a   Data   RW         6042    .data               ff.o
    0x2000008a   0x00000005   Data   RW         6328    .data               433.o
    0x2000008f   0x00000001   PAD
    0x20000090   0x00000004   Data   RW         6722    .data               mc_w.l(stdout.o)
    0x20000094   0x00000004   Data   RW         6729    .data               mc_w.l(mvars.o)
    0x20000098   0x00000004   Data   RW         6730    .data               mc_w.l(mvars.o)
    0x2000009c   0x000020fc   Zero   RW         5171    .bss                main.o
    0x20002198   0x000004b0   Zero   RW         5290    .bss                stm32f4xx_it.o
    0x20002648   0x00000800   Zero   RW         5547    .bss                bsp_spi_dma.o
    0x20002e48   0x000000cc   Zero   RW         5654    .bss                bsp_sdio_sd.o
    0x20002f14   0x00000400   Zero   RW         6327    .bss                433.o
    0x20003314   0x00000004   PAD
    0x20003318   0x00010000   Zero   RW            2    HEAP                startup_stm32f429_439xx.o
    0x20013318   0x00002000   Zero   RW            1    STACK               startup_stm32f429_439xx.o


==============================================================================

Image component sizes


      Code (inc. data)   RO Data    RW Data    ZI Data      Debug   Object Name

       346         74          0          5       1024       5303   433.o
       618         46          0          8          0       7070   bsp_debug_usart.o
       168          8          0          0          0        722   bsp_gpio.o
      5068        292          0         24        204      34663   bsp_sdio_sd.o
      1352        234          0         12       2048       6768   bsp_spi_dma.o
       152         26          0          4          0      29277   bsp_systick.o
       216         16     176320          0          0       3119   cc936.o
       552         10          0          0          0      13005   diskio.o
      9062        136         58         10          0      43186   ff.o
      3050        976         16         30       8444      13011   main.o
       140         24          0          0          0       2043   misc.o
        36          8        428          0      73728       1036   startup_stm32f429_439xx.o
       762         72          0          0          0       9278   stm32f4xx_dma.o
       268          0          0          0          0       6016   stm32f4xx_gpio.o
       208         34          0         12       1200       7631   stm32f4xx_it.o
       360         42          0         16          0       6300   stm32f4xx_rcc.o
       370         80          0          0          0      13254   stm32f4xx_sdio.o
       102          0          0          0          0       2998   stm32f4xx_spi.o
       438          8          0          0          0       6705   stm32f4xx_usart.o
       392         32          0         20          0     307997   system_stm32f4xx.o

    ----------------------------------------------------------------------
     23698       2118     176856        144      86652     519382   Object Totals
         0          0         32          0          0          0   (incl. Generated)
        38          0          2          3          4          0   (incl. Padding)

    ----------------------------------------------------------------------

      Code (inc. data)   RO Data    RW Data    ZI Data      Debug   Library Member Name

         0          0          0          0          0          0   entry.o
         0          0          0          0          0          0   entry10a.o
         0          0          0          0          0          0   entry11a.o
         8          4          0          0          0          0   entry2.o
         4          0          0          0          0          0   entry5.o
         0          0          0          0          0          0   entry7b.o
         0          0          0          0          0          0   entry8b.o
         8          4          0          0          0          0   entry9a.o
        30          0          0          0          0          0   handlers.o
        36          8          0          0          0         68   init.o
         0          0          0          0          0          0   iusefp.o
        30          0          0          0          0         68   llshl.o
        36          0          0          0          0         68   llsshr.o
        32          0          0          0          0         68   llushr.o
       188         20          0          0          0        160   malloc.o
        36          0          0          0          0         68   memcpya.o
        36          0          0          0          0        108   memseta.o
         0          0          0          8          0          0   mvars.o
      2312        102          0          0          0        676   printfa.o
         0          0          0          4          0          0   stdout.o
        14          0          0          0          0         68   strlen.o
        44          0          0          0          0         80   uidiv.o
        98          0          0          0          0         92   uldiv.o
        48          0          0          0          0         68   cdrcmple.o
       334          0          0          0          0        148   dadd.o
       222          0          0          0          0        100   ddiv.o
       186          0          0          0          0        176   depilogue.o
        48          0          0          0          0         68   dfixul.o
       228          0          0          0          0         96   dmul.o

    ----------------------------------------------------------------------
      3982        138          0         12          0       2180   Library Totals
         4          0          0          0          0          0   (incl. Padding)

    ----------------------------------------------------------------------

      Code (inc. data)   RO Data    RW Data    ZI Data      Debug   Library Name

      2912        138          0         12          0       1524   mc_w.l
      1066          0          0          0          0        656   mf_w.l

    ----------------------------------------------------------------------
      3982        138          0         12          0       2180   Library Totals

    ----------------------------------------------------------------------

==============================================================================


      Code (inc. data)   RO Data    RW Data    ZI Data      Debug   

     27680       2256     176856        156      86652     503922   Grand Totals
     27680       2256     176856        156      86652     503922   ELF Image Totals
     27680       2256     176856        156          0          0   ROM Totals

==============================================================================

    Total RO  Size (Code + RO Data)               204536 ( 199.74kB)
    Total RW  Size (RW Data + ZI Data)             86808 (  84.77kB)
    Total ROM Size (Code + RO Data + RW Data)     204692 ( 199.89kB)

==============================================================================

