<html>
<body>
<pre>
<h1>礦ision Build Log</h1>
<h2>Tool Versions:</h2>
IDE-Version: μVision V5.14.0.0
Copyright (C) 2015 ARM Ltd and ARM Germany GmbH. All rights reserved.
License Information: tan Microsoft, Microsoft, LIC=P6FUH-WXQAU-LTU3E-5N7KI-3XTR8-LCUFS
 
Tool Versions:
Toolchain:       MDK-ARM Professional  Version: 5.14.0.0
Toolchain Path:  C:\Keil_v5\ARM\ARMCC\Bin
C Compiler:      Armcc.exe V5.05 update 1 (build 106)
Assembler:       Armasm.exe V5.05 update 1 (build 106)
Linker/Locator:  ArmLink.exe V5.05 update 1 (build 106)
Library Manager: ArmAr.exe V5.05 update 1 (build 106)
Hex Converter:   FromElf.exe V5.05 update 1 (build 106)
CPU DLL:         SARMCM3.DLL V5.14.0.0
Dialog DLL:      DCM.DLL V1.13.1.0
Target DLL:      Segger\JL2CM3.dll V2.99.13.0
Dialog DLL:      TCM.DLL V1.14.4.0
 
<h2>Project:</h2>
E:\中心文件\光电脉搏第一版\脉搏程序-旧版-展示用\STM32\STM32F429采集板\Project\RVMDK（uv5）\BH-F429.uvprojx
Project File Date:  08/31/2020

<h2>Output:</h2>
Build target 'ADC-多通道-DMA'
compiling system_stm32f4xx.c...
compiling misc.c...
compiling stm32f4xx_adc.c...
compiling stm32f4xx_can.c...
compiling stm32f4xx_cec.c...
compiling stm32f4xx_crc.c...
compiling stm32f4xx_cryp.c...
compiling stm32f4xx_cryp_aes.c...
compiling stm32f4xx_cryp_des.c...
compiling stm32f4xx_cryp_tdes.c...
compiling stm32f4xx_dac.c...
compiling stm32f4xx_dbgmcu.c...
compiling stm32f4xx_dcmi.c...
compiling stm32f4xx_dma.c...
compiling stm32f4xx_dma2d.c...
compiling stm32f4xx_exti.c...
compiling stm32f4xx_flash.c...
compiling stm32f4xx_flash_ramfunc.c...
compiling stm32f4xx_fmc.c...
compiling stm32f4xx_fmpi2c.c...
compiling stm32f4xx_gpio.c...
compiling stm32f4xx_hash.c...
compiling stm32f4xx_hash_md5.c...
compiling stm32f4xx_hash_sha1.c...
compiling stm32f4xx_i2c.c...
compiling stm32f4xx_iwdg.c...
compiling stm32f4xx_ltdc.c...
compiling stm32f4xx_pwr.c...
compiling stm32f4xx_qspi.c...
compiling stm32f4xx_rcc.c...
compiling stm32f4xx_rng.c...
compiling stm32f4xx_rtc.c...
compiling stm32f4xx_sai.c...
compiling stm32f4xx_sdio.c...
compiling stm32f4xx_spdifrx.c...
compiling stm32f4xx_spi.c...
compiling stm32f4xx_syscfg.c...
compiling stm32f4xx_tim.c...
compiling stm32f4xx_usart.c...
compiling stm32f4xx_wwdg.c...
compiling main.c...
..\..\User\./spi/bsp_spi_dma.h(9): warning:  #1295-D: Deprecated declaration spi_dma_config - give arg types
  void spi_dma_config();                          
..\..\User\./spi/bsp_spi_dma.h(10): warning:  #1295-D: Deprecated declaration DMA_Write_buf - give arg types
  void  DMA_Write_buf();
..\..\User\./spi/bsp_spi_dma.h(11): warning:  #1295-D: Deprecated declaration SPI_DMA_WRITE_READ_BUFF - give arg types
  void SPI_DMA_WRITE_READ_BUFF();
..\..\User\main.c(139): warning:  #223-D: function "memcpy" declared implicitly
                                memcpy(TX_Buff,ADCValue2,BuffSize);
..\..\User\main.c(145): warning:  #223-D: function "memcpy" declared implicitly
                                memcpy(TX_Buff,ADCValue1,BuffSize);
..\..\User\main.c(36): warning:  #177-D: function "Delay" was declared but never referenced
  static void Delay(__IO uint32_t nCount)        //简单的延时函数
..\..\User\main.c: 6 warnings, 0 errors
compiling stm32f4xx_it.c...
compiling bsp_debug_usart.c...
..\..\User\usart\bsp_debug_usart.c(90): warning:  #550-D: variable "ucTemp" was set but never used
        uint8_t ucTemp;
..\..\User\usart\bsp_debug_usart.c: 1 warning, 0 errors
compiling bsp_adc.c...
..\..\User\adc\bsp_adc.c(109): warning:  #550-D: variable "ADC_CommonInitStructure" was set but never used
    ADC_CommonInitTypeDef ADC_CommonInitStructure;
..\..\User\adc\bsp_adc.c: 1 warning, 0 errors
compiling bsp_dac.c...
compiling bsp_spi_dma.c...
..\..\User\./spi/bsp_spi_dma.h(9): warning:  #1295-D: Deprecated declaration spi_dma_config - give arg types
  void spi_dma_config();                          
..\..\User\./spi/bsp_spi_dma.h(10): warning:  #1295-D: Deprecated declaration DMA_Write_buf - give arg types
  void  DMA_Write_buf();
..\..\User\./spi/bsp_spi_dma.h(11): warning:  #1295-D: Deprecated declaration SPI_DMA_WRITE_READ_BUFF - give arg types
  void SPI_DMA_WRITE_READ_BUFF();
..\..\User\spi\bsp_spi_dma.c: 3 warnings, 0 errors
compiling bsp_gpio.c...
compiling bsp_sdram.c...
compiling bsp_timer.c...
linking...
Program Size: Code=7716 RO-data=464 RW-data=24 ZI-data=66560  
FromELF: creating hex file...
"..\..\Output\ADC-多通道-DMA.axf" - 0 Error(s), 11 Warning(s).

<h2>Collection of Component include folders:</h2>
  E:\中心文件\光电脉搏第一版\脉搏程序-旧版-展示用\STM32\STM32F429采集板\Project\RVMDK（uv5）\RTE
  C:\Keil_v5\ARM\PACK\Keil\STM32F4xx_DFP\1.0.8\Device\Include

<h2>Collection of Component Files used:</h2>
</pre>
</body>
</html>
