Component: ARM Compiler 5.05 update 1 (build 106) Tool: armlink [4d0efa]

==============================================================================

Section Cross References

    startup_stm32f429_439xx.o(RESET) refers to startup_stm32f429_439xx.o(STACK) for __initial_sp
    startup_stm32f429_439xx.o(RESET) refers to startup_stm32f429_439xx.o(.text) for Reset_Handler
    startup_stm32f429_439xx.o(RESET) refers to stm32f4xx_it.o(i.NMI_Handler) for NMI_Handler
    startup_stm32f429_439xx.o(RESET) refers to stm32f4xx_it.o(i.HardFault_Handler) for HardFault_Handler
    startup_stm32f429_439xx.o(RESET) refers to stm32f4xx_it.o(i.MemManage_Handler) for MemManage_Handler
    startup_stm32f429_439xx.o(RESET) refers to stm32f4xx_it.o(i.BusFault_Handler) for BusFault_Handler
    startup_stm32f429_439xx.o(RESET) refers to stm32f4xx_it.o(i.UsageFault_Handler) for UsageFault_Handler
    startup_stm32f429_439xx.o(RESET) refers to stm32f4xx_it.o(i.SVC_Handler) for SVC_Handler
    startup_stm32f429_439xx.o(RESET) refers to stm32f4xx_it.o(i.DebugMon_Handler) for DebugMon_Handler
    startup_stm32f429_439xx.o(RESET) refers to stm32f4xx_it.o(i.PendSV_Handler) for PendSV_Handler
    startup_stm32f429_439xx.o(RESET) refers to stm32f4xx_it.o(i.SysTick_Handler) for SysTick_Handler
    startup_stm32f429_439xx.o(RESET) refers to main.o(i.DMA1_Stream3_IRQHandler) for DMA1_Stream3_IRQHandler
    startup_stm32f429_439xx.o(RESET) refers to main.o(i.DMA1_Stream4_IRQHandler) for DMA1_Stream4_IRQHandler
    startup_stm32f429_439xx.o(RESET) refers to bsp_debug_usart.o(i.USART2_IRQHandler) for USART2_IRQHandler
    startup_stm32f429_439xx.o(RESET) refers to bsp_sdio_sd.o(i.SDIO_IRQHandler) for SDIO_IRQHandler
    startup_stm32f429_439xx.o(RESET) refers to bsp_sdio_sd.o(i.DMA2_Stream3_IRQHandler) for DMA2_Stream3_IRQHandler
    startup_stm32f429_439xx.o(RESET) refers to main.o(i.DMA2_Stream5_IRQHandler) for DMA2_Stream5_IRQHandler
    startup_stm32f429_439xx.o(.text) refers to system_stm32f4xx.o(i.SystemInit) for SystemInit
    startup_stm32f429_439xx.o(.text) refers to entry.o(.ARM.Collect$$$$00000000) for __main
    system_stm32f4xx.o(i.SystemCoreClockUpdate) refers to system_stm32f4xx.o(.data) for .data
    system_stm32f4xx.o(i.SystemInit) refers to system_stm32f4xx.o(i.SetSysClock) for SetSysClock
    stm32f4xx_adc.o(i.ADC_DeInit) refers to stm32f4xx_rcc.o(i.RCC_APB2PeriphResetCmd) for RCC_APB2PeriphResetCmd
    stm32f4xx_can.o(i.CAN_DeInit) refers to stm32f4xx_rcc.o(i.RCC_APB1PeriphResetCmd) for RCC_APB1PeriphResetCmd
    stm32f4xx_can.o(i.CAN_GetITStatus) refers to stm32f4xx_can.o(i.CheckITStatus) for CheckITStatus
    stm32f4xx_cryp.o(i.CRYP_DeInit) refers to stm32f4xx_rcc.o(i.RCC_AHB2PeriphResetCmd) for RCC_AHB2PeriphResetCmd
    stm32f4xx_cryp_aes.o(i.CRYP_AES_CBC) refers to stm32f4xx_cryp.o(i.CRYP_KeyStructInit) for CRYP_KeyStructInit
    stm32f4xx_cryp_aes.o(i.CRYP_AES_CBC) refers to stm32f4xx_cryp.o(i.CRYP_KeyInit) for CRYP_KeyInit
    stm32f4xx_cryp_aes.o(i.CRYP_AES_CBC) refers to stm32f4xx_cryp.o(i.CRYP_Init) for CRYP_Init
    stm32f4xx_cryp_aes.o(i.CRYP_AES_CBC) refers to stm32f4xx_cryp.o(i.CRYP_IVInit) for CRYP_IVInit
    stm32f4xx_cryp_aes.o(i.CRYP_AES_CBC) refers to stm32f4xx_cryp.o(i.CRYP_FIFOFlush) for CRYP_FIFOFlush
    stm32f4xx_cryp_aes.o(i.CRYP_AES_CBC) refers to stm32f4xx_cryp.o(i.CRYP_Cmd) for CRYP_Cmd
    stm32f4xx_cryp_aes.o(i.CRYP_AES_CBC) refers to stm32f4xx_cryp.o(i.CRYP_GetCmdStatus) for CRYP_GetCmdStatus
    stm32f4xx_cryp_aes.o(i.CRYP_AES_CBC) refers to stm32f4xx_cryp.o(i.CRYP_GetFlagStatus) for CRYP_GetFlagStatus
    stm32f4xx_cryp_aes.o(i.CRYP_AES_CBC) refers to stm32f4xx_cryp.o(i.CRYP_DataIn) for CRYP_DataIn
    stm32f4xx_cryp_aes.o(i.CRYP_AES_CBC) refers to stm32f4xx_cryp.o(i.CRYP_DataOut) for CRYP_DataOut
    stm32f4xx_cryp_aes.o(i.CRYP_AES_CCM) refers to stm32f4xx_cryp.o(i.CRYP_KeyStructInit) for CRYP_KeyStructInit
    stm32f4xx_cryp_aes.o(i.CRYP_AES_CCM) refers to stm32f4xx_cryp.o(i.CRYP_FIFOFlush) for CRYP_FIFOFlush
    stm32f4xx_cryp_aes.o(i.CRYP_AES_CCM) refers to stm32f4xx_cryp.o(i.CRYP_KeyInit) for CRYP_KeyInit
    stm32f4xx_cryp_aes.o(i.CRYP_AES_CCM) refers to stm32f4xx_cryp.o(i.CRYP_IVInit) for CRYP_IVInit
    stm32f4xx_cryp_aes.o(i.CRYP_AES_CCM) refers to stm32f4xx_cryp.o(i.CRYP_Init) for CRYP_Init
    stm32f4xx_cryp_aes.o(i.CRYP_AES_CCM) refers to stm32f4xx_cryp.o(i.CRYP_PhaseConfig) for CRYP_PhaseConfig
    stm32f4xx_cryp_aes.o(i.CRYP_AES_CCM) refers to stm32f4xx_cryp.o(i.CRYP_DataIn) for CRYP_DataIn
    stm32f4xx_cryp_aes.o(i.CRYP_AES_CCM) refers to stm32f4xx_cryp.o(i.CRYP_Cmd) for CRYP_Cmd
    stm32f4xx_cryp_aes.o(i.CRYP_AES_CCM) refers to stm32f4xx_cryp.o(i.CRYP_GetCmdStatus) for CRYP_GetCmdStatus
    stm32f4xx_cryp_aes.o(i.CRYP_AES_CCM) refers to stm32f4xx_cryp.o(i.CRYP_GetFlagStatus) for CRYP_GetFlagStatus
    stm32f4xx_cryp_aes.o(i.CRYP_AES_CCM) refers to stm32f4xx_cryp.o(i.CRYP_DataOut) for CRYP_DataOut
[...]
    ..\..\Libraries\STM32F4xx_StdPeriph_Driver\src\stm32f4xx_cryp_des.c 0x00000000   Number         0  stm32f4xx_cryp_des.o ABSOLUTE
    ..\..\Libraries\STM32F4xx_StdPeriph_Driver\src\stm32f4xx_cryp_tdes.c 0x00000000   Number         0  stm32f4xx_cryp_tdes.o ABSOLUTE
    ..\..\Libraries\STM32F4xx_StdPeriph_Driver\src\stm32f4xx_dac.c 0x00000000   Number         0  stm32f4xx_dac.o ABSOLUTE
    ..\..\Libraries\STM32F4xx_StdPeriph_Driver\src\stm32f4xx_dbgmcu.c 0x00000000   Number         0  stm32f4xx_dbgmcu.o ABSOLUTE
    ..\..\Libraries\STM32F4xx_StdPeriph_Driver\src\stm32f4xx_dcmi.c 0x00000000   Number         0  stm32f4xx_dcmi.o ABSOLUTE
    ..\..\Libraries\STM32F4xx_StdPeriph_Driver\src\stm32f4xx_dma.c 0x00000000   Number         0  stm32f4xx_dma.o ABSOLUTE
    ..\..\Libraries\STM32F4xx_StdPeriph_Driver\src\stm32f4xx_dma2d.c 0x00000000   Number         0  stm32f4xx_dma2d.o ABSOLUTE
    ..\..\Libraries\STM32F4xx_StdPeriph_Driver\src\stm32f4xx_exti.c 0x00000000   Number         0  stm32f4xx_exti.o ABSOLUTE
    ..\..\Libraries\STM32F4xx_StdPeriph_Driver\src\stm32f4xx_flash.c 0x00000000   Number         0  stm32f4xx_flash.o ABSOLUTE
    ..\..\Libraries\STM32F4xx_StdPeriph_Driver\src\stm32f4xx_flash_ramfunc.c 0x00000000   Number         0  stm32f4xx_flash_ramfunc.o ABSOLUTE
    ..\..\Libraries\STM32F4xx_StdPeriph_Driver\src\stm32f4xx_fmc.c 0x00000000   Number         0  stm32f4xx_fmc.o ABSOLUTE
    ..\..\Libraries\STM32F4xx_StdPeriph_Driver\src\stm32f4xx_fmpi2c.c 0x00000000   Number         0  stm32f4xx_fmpi2c.o ABSOLUTE
    ..\..\Libraries\STM32F4xx_StdPeriph_Driver\src\stm32f4xx_gpio.c 0x00000000   Number         0  stm32f4xx_gpio.o ABSOLUTE
    ..\..\Libraries\STM32F4xx_StdPeriph_Driver\src\stm32f4xx_hash.c 0x00000000   Number         0  stm32f4xx_hash.o ABSOLUTE
    ..\..\Libraries\STM32F4xx_StdPeriph_Driver\src\stm32f4xx_hash_md5.c 0x00000000   Number         0  stm32f4xx_hash_md5.o ABSOLUTE
    ..\..\Libraries\STM32F4xx_StdPeriph_Driver\src\stm32f4xx_hash_sha1.c 0x00000000   Number         0  stm32f4xx_hash_sha1.o ABSOLUTE
    ..\..\Libraries\STM32F4xx_StdPeriph_Driver\src\stm32f4xx_i2c.c 0x00000000   Number         0  stm32f4xx_i2c.o ABSOLUTE
    ..\..\Libraries\STM32F4xx_StdPeriph_Driver\src\stm32f4xx_iwdg.c 0x00000000   Number         0  stm32f4xx_iwdg.o ABSOLUTE
    ..\..\Libraries\STM32F4xx_StdPeriph_Driver\src\stm32f4xx_ltdc.c 0x00000000   Number         0  stm32f4xx_ltdc.o ABSOLUTE
    ..\..\Libraries\STM32F4xx_StdPeriph_Driver\src\stm32f4xx_pwr.c 0x00000000   Number         0  stm32f4xx_pwr.o ABSOLUTE
    ..\..\Libraries\STM32F4xx_StdPeriph_Driver\src\stm32f4xx_qspi.c 0x00000000   Number         0  stm32f4xx_qspi.o ABSOLUTE
    ..\..\Libraries\STM32F4xx_StdPeriph_Driver\src\stm32f4xx_rcc.c 0x00000000   Number         0  stm32f4xx_rcc.o ABSOLUTE
    ..\..\Libraries\STM32F4xx_StdPeriph_Driver\src\stm32f4xx_rng.c 0x00000000   Number         0  stm32f4xx_rng.o ABSOLUTE
    ..\..\Libraries\STM32F4xx_StdPeriph_Driver\src\stm32f4xx_rtc.c 0x00000000   Number         0  stm32f4xx_rtc.o ABSOLUTE
    ..\..\Libraries\STM32F4xx_StdPeriph_Driver\src\stm32f4xx_sai.c 0x00000000   Number         0  stm32f4xx_sai.o ABSOLUTE
    ..\..\Libraries\STM32F4xx_StdPeriph_Driver\src\stm32f4xx_sdio.c 0x00000000   Number         0  stm32f4xx_sdio.o ABSOLUTE
    ..\..\Libraries\STM32F4xx_StdPeriph_Driver\src\stm32f4xx_spdifrx.c 0x00000000   Number         0  stm32f4xx_spdifrx.o ABSOLUTE
    ..\..\Libraries\STM32F4xx_StdPeriph_Driver\src\stm32f4xx_spi.c 0x00000000   Number         0  stm32f4xx_spi.o ABSOLUTE
    ..\..\Libraries\STM32F4xx_StdPeriph_Driver\src\stm32f4xx_syscfg.c 0x00000000   Number         0  stm32f4xx_syscfg.o ABSOLUTE
    ..\..\Libraries\STM32F4xx_StdPeriph_Driver\src\stm32f4xx_tim.c 0x00000000   Number         0  stm32f4xx_tim.o ABSOLUTE
    ..\..\Libraries\STM32F4xx_StdPeriph_Driver\src\stm32f4xx_usart.c 0x00000000   Number         0  stm32f4xx_usart.o ABSOLUTE
    ..\..\Libraries\STM32F4xx_StdPeriph_Driver\src\stm32f4xx_wwdg.c 0x00000000   Number         0  stm32f4xx_wwdg.o ABSOLUTE
    ..\..\User\FATFS\diskio.c                0x00000000   Number         0  diskio.o ABSOLUTE
    ..\..\User\FATFS\ff.c                    0x00000000   Number         0  ff.o ABSOLUTE
    ..\..\User\FATFS\option\cc936.c          0x00000000   Number         0  cc936.o ABSOLUTE
    ..\..\User\gpio\bsp_gpio.c               0x00000000   Number         0  bsp_gpio.o ABSOLUTE
    ..\..\User\internalFlash\bsp_internalFlash.c 0x00000000   Number         0  bsp_internalflash.o ABSOLUTE
    ..\..\User\main.c                        0x00000000   Number         0  main.o ABSOLUTE
    ..\..\User\sdio\bsp_sdio_sd.c            0x00000000   Number         0  bsp_sdio_sd.o ABSOLUTE
    ..\..\User\spi\bsp_spi_dma.c             0x00000000   Number         0  bsp_spi_dma.o ABSOLUTE
    ..\..\User\stm32f4xx_it.c                0x00000000   Number         0  stm32f4xx_it.o ABSOLUTE
    ..\..\User\usart\bsp_debug_usart.c       0x00000000   Number         0  bsp_debug_usart.o ABSOLUTE
    ..\\..\\Libraries\\CMSIS\\Device\\ST\\STM32F4xx\\Source\\Templates\\system_stm32f4xx.c 0x00000000   Number         0  system_stm32f4xx.o ABSOLUTE
    ..\\..\\Libraries\\STM32F4xx_StdPeriph_Driver\\src\\misc.c 0x00000000   Number         0  misc.o ABSOLUTE
    ..\\..\\Libraries\\STM32F4xx_StdPeriph_Driver\\src\\stm32f4xx_adc.c 0x00000000   Number         0  stm32f4xx_adc.o ABSOLUTE
    ..\\..\\Libraries\\STM32F4xx_StdPeriph_Driver\\src\\stm32f4xx_can.c 0x00000000   Number         0  stm32f4xx_can.o ABSOLUTE
    ..\\..\\Libraries\\STM32F4xx_StdPeriph_Driver\\src\\stm32f4xx_cec.c 0x00000000   Number         0  stm32f4xx_cec.o ABSOLUTE
    ..\\..\\Libraries\\STM32F4xx_StdPeriph_Driver\\src\\stm32f4xx_crc.c 0x00000000   Number         0  stm32f4xx_crc.o ABSOLUTE
    ..\\..\\Libraries\\STM32F4xx_StdPeriph_Driver\\src\\stm32f4xx_cryp.c 0x00000000   Number         0  stm32f4xx_cryp.o ABSOLUTE
    ..\\..\\Libraries\\STM32F4xx_StdPeriph_Driver\\src\\stm32f4xx_cryp_aes.c 0x00000000   Number         0  stm32f4xx_cryp_aes.o ABSOLUTE
    ..\\..\\Libraries\\STM32F4xx_StdPeriph_Driver\\src\\stm32f4xx_cryp_des.c 0x00000000   Number         0  stm32f4xx_cryp_des.o ABSOLUTE
    ..\\..\\Libraries\\STM32F4xx_StdPeriph_Driver\\src\\stm32f4xx_cryp_tdes.c 0x00000000   Number         0  stm32f4xx_cryp_tdes.o ABSOLUTE
    ..\\..\\Libraries\\STM32F4xx_StdPeriph_Driver\\src\\stm32f4xx_dac.c 0x00000000   Number         0  stm32f4xx_dac.o ABSOLUTE
    ..\\..\\Libraries\\STM32F4xx_StdPeriph_Driver\\src\\stm32f4xx_dbgmcu.c 0x00000000   Number         0  stm32f4xx_dbgmcu.o ABSOLUTE
    ..\\..\\Libraries\\STM32F4xx_StdPeriph_Driver\\src\\stm32f4xx_dcmi.c 0x00000000   Number         0  stm32f4xx_dcmi.o ABSOLUTE
    ..\\..\\Libraries\\STM32F4xx_StdPeriph_Driver\\src\\stm32f4xx_dma.c 0x00000000   Number         0  stm32f4xx_dma.o ABSOLUTE
    ..\\..\\Libraries\\STM32F4xx_StdPeriph_Driver\\src\\stm32f4xx_dma2d.c 0x00000000   Number         0  stm32f4xx_dma2d.o ABSOLUTE
    ..\\..\\Libraries\\STM32F4xx_StdPeriph_Driver\\src\\stm32f4xx_exti.c 0x00000000   Number         0  stm32f4xx_exti.o ABSOLUTE
    ..\\..\\Libraries\\STM32F4xx_StdPeriph_Driver\\src\\stm32f4xx_flash.c 0x00000000   Number         0  stm32f4xx_flash.o ABSOLUTE
    ..\\..\\Libraries\\STM32F4xx_StdPeriph_Driver\\src\\stm32f4xx_flash_ramfunc.c 0x00000000   Number         0  stm32f4xx_flash_ramfunc.o ABSOLUTE
    ..\\..\\Libraries\\STM32F4xx_StdPeriph_Driver\\src\\stm32f4xx_fmc.c 0x00000000   Number         0  stm32f4xx_fmc.o ABSOLUTE
    ..\\..\\Libraries\\STM32F4xx_StdPeriph_Driver\\src\\stm32f4xx_fmpi2c.c 0x00000000   Number         0  stm32f4xx_fmpi2c.o ABSOLUTE
    ..\\..\\Libraries\\STM32F4xx_StdPeriph_Driver\\src\\stm32f4xx_gpio.c 0x00000000   Number         0  stm32f4xx_gpio.o ABSOLUTE
    ..\\..\\Libraries\\STM32F4xx_StdPeriph_Driver\\src\\stm32f4xx_hash.c 0x00000000   Number         0  stm32f4xx_hash.o ABSOLUTE
    ..\\..\\Libraries\\STM32F4xx_StdPeriph_Driver\\src\\stm32f4xx_hash_md5.c 0x00000000   Number         0  stm32f4xx_hash_md5.o ABSOLUTE
    ..\\..\\Libraries\\STM32F4xx_StdPeriph_Driver\\src\\stm32f4xx_hash_sha1.c 0x00000000   Number         0  stm32f4xx_hash_sha1.o ABSOLUTE
    ..\\..\\Libraries\\STM32F4xx_StdPeriph_Driver\\src\\stm32f4xx_i2c.c 0x00000000   Number         0  stm32f4xx_i2c.o ABSOLUTE
    ..\\..\\Libraries\\STM32F4xx_StdPeriph_Driver\\src\\stm32f4xx_iwdg.c 0x00000000   Number         0  stm32f4xx_iwdg.o ABSOLUTE
    ..\\..\\Libraries\\STM32F4xx_StdPeriph_Driver\\src\\stm32f4xx_ltdc.c 0x00000000   Number         0  stm32f4xx_ltdc.o ABSOLUTE
    ..\\..\\Libraries\\STM32F4xx_StdPeriph_Driver\\src\\stm32f4xx_pwr.c 0x00000000   Number         0  stm32f4xx_pwr.o ABSOLUTE
    ..\\..\\Libraries\\STM32F4xx_StdPeriph_Driver\\src\\stm32f4xx_qspi.c 0x00000000   Number         0  stm32f4xx_qspi.o ABSOLUTE
    ..\\..\\Libraries\\STM32F4xx_StdPeriph_Driver\\src\\stm32f4xx_rcc.c 0x00000000   Number         0  stm32f4xx_rcc.o ABSOLUTE
    ..\\..\\Libraries\\STM32F4xx_StdPeriph_Driver\\src\\stm32f4xx_rng.c 0x00000000   Number         0  stm32f4xx_rng.o ABSOLUTE
    ..\\..\\Libraries\\STM32F4xx_StdPeriph_Driver\\src\\stm32f4xx_rtc.c 0x00000000   Number         0  stm32f4xx_rtc.o ABSOLUTE
    ..\\..\\Libraries\\STM32F4xx_StdPeriph_Driver\\src\\stm32f4xx_sai.c 0x00000000   Number         0  stm32f4xx_sai.o ABSOLUTE
    ..\\..\\Libraries\\STM32F4xx_StdPeriph_Driver\\src\\stm32f4xx_sdio.c 0x00000000   Number         0  stm32f4xx_sdio.o ABSOLUTE
    ..\\..\\Libraries\\STM32F4xx_StdPeriph_Driver\\src\\stm32f4xx_spdifrx.c 0x00000000   Number         0  stm32f4xx_spdifrx.o ABSOLUTE
    ..\\..\\Libraries\\STM32F4xx_StdPeriph_Driver\\src\\stm32f4xx_spi.c 0x00000000   Number         0  stm32f4xx_spi.o ABSOLUTE
    ..\\..\\Libraries\\STM32F4xx_StdPeriph_Driver\\src\\stm32f4xx_syscfg.c 0x00000000   Number         0  stm32f4xx_syscfg.o ABSOLUTE
    ..\\..\\Libraries\\STM32F4xx_StdPeriph_Driver\\src\\stm32f4xx_tim.c 0x00000000   Number         0  stm32f4xx_tim.o ABSOLUTE
    ..\\..\\Libraries\\STM32F4xx_StdPeriph_Driver\\src\\stm32f4xx_usart.c 0x00000000   Number         0  stm32f4xx_usart.o ABSOLUTE
    ..\\..\\Libraries\\STM32F4xx_StdPeriph_Driver\\src\\stm32f4xx_wwdg.c 0x00000000   Number         0  stm32f4xx_wwdg.o ABSOLUTE
    ..\\..\\User\\FATFS\\diskio.c            0x00000000   Number         0  diskio.o ABSOLUTE
    ..\\..\\User\\gpio\\bsp_gpio.c           0x00000000   Number         0  bsp_gpio.o ABSOLUTE
    ..\\..\\User\\internalFlash\\bsp_internalFlash.c 0x00000000   Number         0  bsp_internalflash.o ABSOLUTE
    ..\\..\\User\\main.c                     0x00000000   Number         0  main.o ABSOLUTE
    ..\\..\\User\\sdio\\bsp_sdio_sd.c        0x00000000   Number         0  bsp_sdio_sd.o ABSOLUTE
    ..\\..\\User\\spi\\bsp_spi_dma.c         0x00000000   Number         0  bsp_spi_dma.o ABSOLUTE
    ..\\..\\User\\stm32f4xx_it.c             0x00000000   Number         0  stm32f4xx_it.o ABSOLUTE
    ..\\..\\User\\usart\\bsp_debug_usart.c   0x00000000   Number         0  bsp_debug_usart.o ABSOLUTE
    cdrcmple.s                               0x00000000   Number         0  cdrcmple.o ABSOLUTE
    dc.s                                     0x00000000   Number         0  dc.o ABSOLUTE
    handlers.s                               0x00000000   Number         0  handlers.o ABSOLUTE
    init.s                                   0x00000000   Number         0  init.o ABSOLUTE
    RESET                                    0x08000000   Section      428  startup_stm32f429_439xx.o(RESET)
    .ARM.Collect$$$$00000000                 0x080001ac   Section        0  entry.o(.ARM.Collect$$$$00000000)
    .ARM.Collect$$$$00000001                 0x080001ac   Section        4  entry2.o(.ARM.Collect$$$$00000001)
    .ARM.Collect$$$$00000004                 0x080001b0   Section        4  entry5.o(.ARM.Collect$$$$00000004)
    .ARM.Collect$$$$00000008                 0x080001b4   Section        0  entry7b.o(.ARM.Collect$$$$00000008)
    .ARM.Collect$$$$0000000A                 0x080001b4   Section        0  entry8b.o(.ARM.Collect$$$$0000000A)
    .ARM.Collect$$$$0000000B                 0x080001b4   Section        8  entry9a.o(.ARM.Collect$$$$0000000B)
    .ARM.Collect$$$$0000000D                 0x080001bc   Section        0  entry10a.o(.ARM.Collect$$$$0000000D)
    .ARM.Collect$$$$0000000F                 0x080001bc   Section        0  entry11a.o(.ARM.Collect$$$$0000000F)
    .ARM.Collect$$$$00002712                 0x080001bc   Section        4  entry2.o(.ARM.Collect$$$$00002712)
    __lit__00000000                          0x080001bc   Data           4  entry2.o(.ARM.Collect$$$$00002712)
    .text                                    0x080001c0   Section       36  startup_stm32f429_439xx.o(.text)
    $v0                                      0x080001c0   Number         0  startup_stm32f429_439xx.o(.text)
    .text                                    0x080001e4   Section        0  uldiv.o(.text)
    .text                                    0x08000246   Section        0  memcpya.o(.text)
    .text                                    0x0800026a   Section        0  memseta.o(.text)
    .text                                    0x0800028e   Section        0  llshl.o(.text)
    .text                                    0x080002ac   Section        0  llushr.o(.text)
    .text                                    0x080002cc   Section       36  init.o(.text)
    i.BusFault_Handler                       0x080002f0   Section        0  stm32f4xx_it.o(i.BusFault_Handler)
    i.CmdError                               0x080002f2   Section        0  bsp_sdio_sd.o(i.CmdError)
    CmdError                                 0x080002f3   Thumb Code    42  bsp_sdio_sd.o(i.CmdError)
    i.CmdResp1Error                          0x0800031c   Section        0  bsp_sdio_sd.o(i.CmdResp1Error)
    CmdResp1Error                            0x0800031d   Thumb Code   244  bsp_sdio_sd.o(i.CmdResp1Error)
    i.CmdResp2Error                          0x08000418   Section        0  bsp_sdio_sd.o(i.CmdResp2Error)
    CmdResp2Error                            0x08000419   Thumb Code    62  bsp_sdio_sd.o(i.CmdResp2Error)
    i.CmdResp3Error                          0x0800045c   Section        0  bsp_sdio_sd.o(i.CmdResp3Error)
    CmdResp3Error                            0x0800045d   Thumb Code    46  bsp_sdio_sd.o(i.CmdResp3Error)
    i.CmdResp6Error                          0x08000490   Section        0  bsp_sdio_sd.o(i.CmdResp6Error)
    CmdResp6Error                            0x08000491   Thumb Code   122  bsp_sdio_sd.o(i.CmdResp6Error)
    i.CmdResp7Error                          0x08000510   Section        0  bsp_sdio_sd.o(i.CmdResp7Error)
    CmdResp7Error                            0x08000511   Thumb Code    62  bsp_sdio_sd.o(i.CmdResp7Error)
    i.DMA1_Stream3_IRQHandler                0x08000554   Section        0  main.o(i.DMA1_Stream3_IRQHandler)
    i.DMA1_Stream4_IRQHandler                0x0800058c   Section        0  main.o(i.DMA1_Stream4_IRQHandler)
    i.DMA2_Stream3_IRQHandler                0x080005b4   Section        0  bsp_sdio_sd.o(i.DMA2_Stream3_IRQHandler)
    i.DMA2_Stream5_IRQHandler                0x080005b8   Section        0  main.o(i.DMA2_Stream5_IRQHandler)
    i.DMA_ClearFlag                          0x080005e0   Section        0  stm32f4xx_dma.o(i.DMA_ClearFlag)
    i.DMA_ClearITPendingBit                  0x0800060c   Section        0  stm32f4xx_dma.o(i.DMA_ClearITPendingBit)
    i.DMA_Cmd                                0x08000638   Section        0  stm32f4xx_dma.o(i.DMA_Cmd)
    i.DMA_DeInit                             0x08000650   Section        0  stm32f4xx_dma.o(i.DMA_DeInit)
    i.DMA_FlowControllerConfig               0x0800077c   Section        0  stm32f4xx_dma.o(i.DMA_FlowControllerConfig)
    i.DMA_GetCmdStatus                       0x08000794   Section        0  stm32f4xx_dma.o(i.DMA_GetCmdStatus)
    i.DMA_GetITStatus                        0x080007a4   Section        0  stm32f4xx_dma.o(i.DMA_GetITStatus)
    i.DMA_ITConfig                           0x080007f8   Section        0  stm32f4xx_dma.o(i.DMA_ITConfig)
    i.DMA_Init                               0x0800082c   Section        0  stm32f4xx_dma.o(i.DMA_Init)
    i.DMA_SetCurrDataCounter                 0x08000880   Section        0  stm32f4xx_dma.o(i.DMA_SetCurrDataCounter)
    i.DebugMon_Handler                       0x08000884   Section        0  stm32f4xx_it.o(i.DebugMon_Handler)
    i.Debug_USART_Config                     0x08000888   Section        0  bsp_debug_usart.o(i.Debug_USART_Config)
    i.Delay                                  0x08000944   Section        0  main.o(i.Delay)
    Delay                                    0x08000945   Thumb Code    18  main.o(i.Delay)
    i.FindSCR                                0x08000958   Section        0  bsp_sdio_sd.o(i.FindSCR)
    FindSCR                                  0x08000959   Thumb Code   364  bsp_sdio_sd.o(i.FindSCR)
    i.GPIO_Config                            0x08000ad0   Section        0  bsp_gpio.o(i.GPIO_Config)
    i.GPIO_Init                              0x08000b70   Section        0  stm32f4xx_gpio.o(i.GPIO_Init)
    i.GPIO_PinAFConfig                       0x08000bec   Section        0  stm32f4xx_gpio.o(i.GPIO_PinAFConfig)
    i.GPIO_ReadInputDataBit                  0x08000c0c   Section        0  stm32f4xx_gpio.o(i.GPIO_ReadInputDataBit)
    i.GPIO_ResetBits                         0x08000c1a   Section        0  stm32f4xx_gpio.o(i.GPIO_ResetBits)
    i.GPIO_SetBits                           0x08000c1e   Section        0  stm32f4xx_gpio.o(i.GPIO_SetBits)
    i.HardFault_Handler                      0x08000c22   Section        0  stm32f4xx_it.o(i.HardFault_Handler)
    i.MemManage_Handler                      0x08000c24   Section        0  stm32f4xx_it.o(i.MemManage_Handler)
    i.NMI_Handler                            0x08000c26   Section        0  stm32f4xx_it.o(i.NMI_Handler)
    i.NVIC_Init                              0x08000c28   Section        0  misc.o(i.NVIC_Init)
    i.NVIC_PriorityGroupConfig               0x08000c90   Section        0  misc.o(i.NVIC_PriorityGroupConfig)
    i.PendSV_Handler                         0x08000ca4   Section        0  stm32f4xx_it.o(i.PendSV_Handler)
    i.RCC_AHB1PeriphClockCmd                 0x08000ca8   Section        0  stm32f4xx_rcc.o(i.RCC_AHB1PeriphClockCmd)
    i.RCC_APB1PeriphClockCmd                 0x08000cc4   Section        0  stm32f4xx_rcc.o(i.RCC_APB1PeriphClockCmd)
    i.RCC_APB2PeriphClockCmd                 0x08000ce0   Section        0  stm32f4xx_rcc.o(i.RCC_APB2PeriphClockCmd)
    i.RCC_APB2PeriphResetCmd                 0x08000cfc   Section        0  stm32f4xx_rcc.o(i.RCC_APB2PeriphResetCmd)
    i.RCC_GetClocksFreq                      0x08000d18   Section        0  stm32f4xx_rcc.o(i.RCC_GetClocksFreq)
    i.SDEnWideBus                            0x08000dbc   Section        0  bsp_sdio_sd.o(i.SDEnWideBus)
    SDEnWideBus                              0x08000dbd   Thumb Code   214  bsp_sdio_sd.o(i.SDEnWideBus)
    i.SDIO_ClearFlag                         0x08000e9c   Section        0  stm32f4xx_sdio.o(i.SDIO_ClearFlag)
    i.SDIO_ClearITPendingBit                 0x08000ea8   Section        0  stm32f4xx_sdio.o(i.SDIO_ClearITPendingBit)
    i.SDIO_ClockCmd                          0x08000eb4   Section        0  stm32f4xx_sdio.o(i.SDIO_ClockCmd)
    i.SDIO_DMACmd                            0x08000ec0   Section        0  stm32f4xx_sdio.o(i.SDIO_DMACmd)
    i.SDIO_DataConfig                        0x08000ecc   Section        0  stm32f4xx_sdio.o(i.SDIO_DataConfig)
    i.SDIO_DeInit                            0x08000efc   Section        0  stm32f4xx_sdio.o(i.SDIO_DeInit)
    i.SDIO_GetCommandResponse                0x08000f14   Section        0  stm32f4xx_sdio.o(i.SDIO_GetCommandResponse)
    i.SDIO_GetFlagStatus                     0x08000f20   Section        0  stm32f4xx_sdio.o(i.SDIO_GetFlagStatus)
    i.SDIO_GetITStatus                       0x08000f34   Section        0  stm32f4xx_sdio.o(i.SDIO_GetITStatus)
    i.SDIO_GetPowerState                     0x08000f48   Section        0  stm32f4xx_sdio.o(i.SDIO_GetPowerState)
    i.SDIO_GetResponse                       0x08000f58   Section        0  stm32f4xx_sdio.o(i.SDIO_GetResponse)
    i.SDIO_IRQHandler                        0x08000f6c   Section        0  bsp_sdio_sd.o(i.SDIO_IRQHandler)
    i.SDIO_ITConfig                          0x08000f70   Section        0  stm32f4xx_sdio.o(i.SDIO_ITConfig)
    i.SDIO_Init                              0x08000f8c   Section        0  stm32f4xx_sdio.o(i.SDIO_Init)
    i.SDIO_ReadData                          0x08000fb8   Section        0  stm32f4xx_sdio.o(i.SDIO_ReadData)
    i.SDIO_SendCommand                       0x08000fc4   Section        0  stm32f4xx_sdio.o(i.SDIO_SendCommand)
    i.SDIO_SetPowerState                     0x08000fec   Section        0  stm32f4xx_sdio.o(i.SDIO_SetPowerState)
    i.SD_Detect                              0x08000ff8   Section        0  bsp_sdio_sd.o(i.SD_Detect)
    i.SD_EnableWideBusOperation              0x08001004   Section        0  bsp_sdio_sd.o(i.SD_EnableWideBusOperation)
    i.SD_GetCardInfo                         0x08001088   Section        0  bsp_sdio_sd.o(i.SD_GetCardInfo)
    i.SD_GetState                            0x080012f4   Section        0  bsp_sdio_sd.o(i.SD_GetState)
    i.SD_GetStatus                           0x0800131a   Section        0  bsp_sdio_sd.o(i.SD_GetStatus)
    i.SD_Init                                0x08001334   Section        0  bsp_sdio_sd.o(i.SD_Init)
    i.SD_InitializeCards                     0x080013e8   Section        0  bsp_sdio_sd.o(i.SD_InitializeCards)
    i.SD_LowLevel_DMA_RxConfig               0x08001500   Section        0  bsp_sdio_sd.o(i.SD_LowLevel_DMA_RxConfig)
    i.SD_LowLevel_DMA_TxConfig               0x08001588   Section        0  bsp_sdio_sd.o(i.SD_LowLevel_DMA_TxConfig)
    i.SD_LowLevel_Init                       0x08001614   Section        0  bsp_sdio_sd.o(i.SD_LowLevel_Init)
    i.SD_PowerON                             0x080016b8   Section        0  bsp_sdio_sd.o(i.SD_PowerON)
    i.SD_ProcessDMAIRQ                       0x0800183c   Section        0  bsp_sdio_sd.o(i.SD_ProcessDMAIRQ)
    i.SD_ProcessIRQSrc                       0x08001864   Section        0  bsp_sdio_sd.o(i.SD_ProcessIRQSrc)
    i.SD_ReadMultiBlocks                     0x080018fc   Section        0  bsp_sdio_sd.o(i.SD_ReadMultiBlocks)
    i.SD_SelectDeselect                      0x080019d0   Section        0  bsp_sdio_sd.o(i.SD_SelectDeselect)
    i.SD_SendStatus                          0x080019fc   Section        0  bsp_sdio_sd.o(i.SD_SendStatus)
    i.SD_StopTransfer                        0x08001a4c   Section        0  bsp_sdio_sd.o(i.SD_StopTransfer)
    i.SD_WaitReadOperation                   0x08001a74   Section        0  bsp_sdio_sd.o(i.SD_WaitReadOperation)
    i.SD_WaitWriteOperation                  0x08001adc   Section        0  bsp_sdio_sd.o(i.SD_WaitWriteOperation)
    i.SD_WriteMultiBlocks                    0x08001b44   Section        0  bsp_sdio_sd.o(i.SD_WriteMultiBlocks)
    i.SPI1_AD_RX_DMA_Config                  0x08001c64   Section        0  bsp_spi_dma.o(i.SPI1_AD_RX_DMA_Config)
    SPI1_AD_RX_DMA_Config                    0x08001c65   Thumb Code   102  bsp_spi_dma.o(i.SPI1_AD_RX_DMA_Config)
    i.SPI1_AD_TX_DMA_Config                  0x08001cd8   Section        0  bsp_spi_dma.o(i.SPI1_AD_TX_DMA_Config)
    SPI1_AD_TX_DMA_Config                    0x08001cd9   Thumb Code   102  bsp_spi_dma.o(i.SPI1_AD_TX_DMA_Config)
    i.SPI2_WIFI_RX_DMA_Config                0x08001d4c   Section        0  bsp_spi_dma.o(i.SPI2_WIFI_RX_DMA_Config)
    SPI2_WIFI_RX_DMA_Config                  0x08001d4d   Thumb Code    92  bsp_spi_dma.o(i.SPI2_WIFI_RX_DMA_Config)
    i.SPI2_WIFI_TX_DMA_Config                0x08001db4   Section        0  bsp_spi_dma.o(i.SPI2_WIFI_TX_DMA_Config)
    SPI2_WIFI_TX_DMA_Config                  0x08001db5   Thumb Code    92  bsp_spi_dma.o(i.SPI2_WIFI_TX_DMA_Config)
    i.SPI_AD_Config                          0x08001e1c   Section        0  bsp_spi_dma.o(i.SPI_AD_Config)
    SPI_AD_Config                            0x08001e1d   Thumb Code   222  bsp_spi_dma.o(i.SPI_AD_Config)
    i.SPI_Cmd                                0x08001f08   Section        0  stm32f4xx_spi.o(i.SPI_Cmd)
    i.SPI_I2S_DMACmd                         0x08001f20   Section        0  stm32f4xx_spi.o(i.SPI_I2S_DMACmd)
    i.SPI_Init                               0x08001f34   Section        0  stm32f4xx_spi.o(i.SPI_Init)
    i.SPI_WIFI_Config                        0x08001f6c   Section        0  bsp_spi_dma.o(i.SPI_WIFI_Config)
    SPI_WIFI_Config                          0x08001f6d   Thumb Code   280  bsp_spi_dma.o(i.SPI_WIFI_Config)
    i.SVC_Handler                            0x08002090   Section        0  stm32f4xx_it.o(i.SVC_Handler)
    i.SetSysClock                            0x08002094   Section        0  system_stm32f4xx.o(i.SetSysClock)
    SetSysClock                              0x08002095   Thumb Code   196  system_stm32f4xx.o(i.SetSysClock)
    i.SysTick_Handler                        0x08002168   Section        0  stm32f4xx_it.o(i.SysTick_Handler)
    i.SystemInit                             0x0800216c   Section        0  system_stm32f4xx.o(i.SystemInit)
    i.USART2_IRQHandler                      0x080021c8   Section        0  bsp_debug_usart.o(i.USART2_IRQHandler)
    i.USART_Cmd                              0x08002200   Section        0  stm32f4xx_usart.o(i.USART_Cmd)
    i.USART_GetFlagStatus                    0x08002218   Section        0  stm32f4xx_usart.o(i.USART_GetFlagStatus)
    i.USART_GetITStatus                      0x08002226   Section        0  stm32f4xx_usart.o(i.USART_GetITStatus)
    i.USART_ITConfig                         0x08002266   Section        0  stm32f4xx_usart.o(i.USART_ITConfig)
    i.USART_Init                             0x0800229c   Section        0  stm32f4xx_usart.o(i.USART_Init)
    i.USART_ReceiveData                      0x08002358   Section        0  stm32f4xx_usart.o(i.USART_ReceiveData)
    i.USART_SendData                         0x08002360   Section        0  stm32f4xx_usart.o(i.USART_SendData)
    i.UsageFault_Handler                     0x08002368   Section        0  stm32f4xx_it.o(i.UsageFault_Handler)
    i.__0printf$8                            0x0800236c   Section        0  printf8.o(i.__0printf$8)
    i.__0sprintf$8                           0x0800238c   Section        0  printf8.o(i.__0sprintf$8)
    i.__scatterload_copy                     0x080023b4   Section       14  handlers.o(i.__scatterload_copy)
    i.__scatterload_null                     0x080023c2   Section        2  handlers.o(i.__scatterload_null)
    i.__scatterload_zeroinit                 0x080023c4   Section       14  handlers.o(i.__scatterload_zeroinit)
    i._printf_core                           0x080023d4   Section        0  printf8.o(i._printf_core)
    _printf_core                             0x080023d5   Thumb Code   996  printf8.o(i._printf_core)
    i._printf_post_padding                   0x080027e4   Section        0  printf8.o(i._printf_post_padding)
    _printf_post_padding                     0x080027e5   Thumb Code    36  printf8.o(i._printf_post_padding)
    i._printf_pre_padding                    0x08002808   Section        0  printf8.o(i._printf_pre_padding)
    _printf_pre_padding                      0x08002809   Thumb Code    46  printf8.o(i._printf_pre_padding)
    i._sputc                                 0x08002836   Section        0  printf8.o(i._sputc)
    _sputc                                   0x08002837   Thumb Code    10  printf8.o(i._sputc)
    i.check_fs                               0x08002840   Section        0  ff.o(i.check_fs)
    check_fs                                 0x08002841   Thumb Code   120  ff.o(i.check_fs)
    i.chk_chr                                0x080028bc   Section        0  ff.o(i.chk_chr)
    chk_chr                                  0x080028bd   Thumb Code    16  ff.o(i.chk_chr)
    i.clust2sect                             0x080028cc   Section        0  ff.o(i.clust2sect)
    i.cmp_lfn                                0x080028e4   Section        0  ff.o(i.cmp_lfn)
    cmp_lfn                                  0x080028e5   Thumb Code   144  ff.o(i.cmp_lfn)
    i.create_chain                           0x08002978   Section        0  ff.o(i.create_chain)
    create_chain                             0x08002979   Thumb Code   168  ff.o(i.create_chain)
    i.create_name                            0x08002a20   Section        0  ff.o(i.create_name)
    create_name                              0x08002a21   Thumb Code   538  ff.o(i.create_name)
    i.dectohex                               0x08002c50   Section        0  main.o(i.dectohex)
    i.dir_alloc                              0x08002c68   Section        0  ff.o(i.dir_alloc)
    dir_alloc                                0x08002c69   Thumb Code    68  ff.o(i.dir_alloc)
    i.dir_find                               0x08002cac   Section        0  ff.o(i.dir_find)
    dir_find                                 0x08002cad   Thumb Code   198  ff.o(i.dir_find)
    i.dir_next                               0x08002d72   Section        0  ff.o(i.dir_next)
    dir_next                                 0x08002d73   Thumb Code   276  ff.o(i.dir_next)
    i.dir_register                           0x08002e86   Section        0  ff.o(i.dir_register)
    dir_register                             0x08002e87   Thumb Code   260  ff.o(i.dir_register)
    i.dir_sdi                                0x08002f8a   Section        0  ff.o(i.dir_sdi)
    dir_sdi                                  0x08002f8b   Thumb Code   160  ff.o(i.dir_sdi)
    i.disk_initialize                        0x0800302a   Section        0  diskio.o(i.disk_initialize)
    i.disk_ioctl                             0x08003040   Section        0  diskio.o(i.disk_ioctl)
    i.disk_read                              0x08003080   Section        0  diskio.o(i.disk_read)
    i.disk_status                            0x080030fa   Section        0  diskio.o(i.disk_status)
    i.disk_write                             0x08003106   Section        0  diskio.o(i.disk_write)
    i.f_close                                0x08003184   Section        0  ff.o(i.f_close)
    i.f_closedir                             0x080031a2   Section        0  ff.o(i.f_closedir)
    i.f_mkdir                                0x080031b6   Section        0  ff.o(i.f_mkdir)
    i.f_mkfs                                 0x0800331c   Section        0  ff.o(i.f_mkfs)
    i.f_mount                                0x08003888   Section        0  ff.o(i.f_mount)
    i.f_open                                 0x080038d4   Section        0  ff.o(i.f_open)
    i.f_opendir                              0x08003a34   Section        0  ff.o(i.f_opendir)
    i.f_read                                 0x08003aa8   Section        0  ff.o(i.f_read)
    i.f_sync                                 0x08003c24   Section        0  ff.o(i.f_sync)
    i.f_write                                0x08003cbe   Section        0  ff.o(i.f_write)
    i.ff_convert                             0x08003e78   Section        0  cc936.o(i.ff_convert)
    i.ff_wtoupper                            0x08003ed0   Section        0  cc936.o(i.ff_wtoupper)
    i.find_volume                            0x08003f1c   Section        0  ff.o(i.find_volume)
    find_volume                              0x08003f1d   Thumb Code   826  ff.o(i.find_volume)
    i.fit_lfn                                0x08004264   Section        0  ff.o(i.fit_lfn)
    fit_lfn                                  0x08004265   Thumb Code   104  ff.o(i.fit_lfn)
    i.follow_path                            0x080042d0   Section        0  ff.o(i.follow_path)
    follow_path                              0x080042d1   Thumb Code   106  ff.o(i.follow_path)
    i.fputc                                  0x0800433c   Section        0  bsp_debug_usart.o(i.fputc)
    i.gen_numname                            0x08004360   Section        0  ff.o(i.gen_numname)
    gen_numname                              0x08004361   Thumb Code   146  ff.o(i.gen_numname)
    i.get_fat                                0x080043f8   Section        0  ff.o(i.get_fat)
    i.get_fattime                            0x080044f8   Section        0  diskio.o(i.get_fattime)
    i.get_ldnumber                           0x08004500   Section        0  ff.o(i.get_ldnumber)
    get_ldnumber                             0x08004501   Thumb Code    66  ff.o(i.get_ldnumber)
    i.ld_clust                               0x08004542   Section        0  ff.o(i.ld_clust)
    ld_clust                                 0x08004543   Thumb Code    30  ff.o(i.ld_clust)
    i.main                                   0x08004560   Section        0  main.o(i.main)
    i.mem_cmp                                0x08004880   Section        0  ff.o(i.mem_cmp)
    mem_cmp                                  0x08004881   Thumb Code    26  ff.o(i.mem_cmp)
    i.mem_cpy                                0x0800489a   Section        0  ff.o(i.mem_cpy)
    mem_cpy                                  0x0800489b   Thumb Code    18  ff.o(i.mem_cpy)
    i.mem_set                                0x080048ac   Section        0  ff.o(i.mem_set)
    mem_set                                  0x080048ad   Thumb Code    16  ff.o(i.mem_set)
    i.move_window                            0x080048bc   Section        0  ff.o(i.move_window)
    move_window                              0x080048bd   Thumb Code    52  ff.o(i.move_window)
    i.put_fat                                0x080048f0   Section        0  ff.o(i.put_fat)
    i.receiveAD                              0x08004a1c   Section        0  main.o(i.receiveAD)
    i.remove_chain                           0x08004cec   Section        0  ff.o(i.remove_chain)
    remove_chain                             0x08004ced   Thumb Code   102  ff.o(i.remove_chain)
    i.sendADCmd                              0x08004d54   Section        0  main.o(i.sendADCmd)
    i.spiTransmit                            0x08004dcc   Section        0  main.o(i.spiTransmit)
    i.spi_ad_dma_config                      0x08004e3c   Section        0  bsp_spi_dma.o(i.spi_ad_dma_config)
    i.spi_wifi_dma_config                    0x08004e68   Section        0  bsp_spi_dma.o(i.spi_wifi_dma_config)
    i.st_clust                               0x08004e94   Section        0  ff.o(i.st_clust)
    st_clust                                 0x08004e95   Thumb Code    16  ff.o(i.st_clust)
    i.sum_sfn                                0x08004ea4   Section        0  ff.o(i.sum_sfn)
    sum_sfn                                  0x08004ea5   Thumb Code    26  ff.o(i.sum_sfn)
    i.sync_fs                                0x08004ebe   Section        0  ff.o(i.sync_fs)
    sync_fs                                  0x08004ebf   Thumb Code   180  ff.o(i.sync_fs)
    i.sync_window                            0x08004f72   Section        0  ff.o(i.sync_window)
    sync_window                              0x08004f73   Thumb Code    84  ff.o(i.sync_window)
    i.upload                                 0x08004fc8   Section        0  main.o(i.upload)
    i.validate                               0x08005144   Section        0  ff.o(i.validate)
    validate                                 0x08005145   Thumb Code    40  ff.o(i.validate)
    .constdata                               0x0800516c   Section       16  main.o(.constdata)
    .constdata                               0x0800517c   Section       58  ff.o(.constdata)
    LfnOfs                                   0x0800517c   Data          13  ff.o(.constdata)
    vst                                      0x0800518a   Data          22  ff.o(.constdata)
    cst                                      0x080051a0   Data          22  ff.o(.constdata)
    .constdata                               0x080051b6   Section    176320  cc936.o(.constdata)
    uni2oem                                  0x080051b6   Data       87172  cc936.o(.constdata)
    oem2uni                                  0x0801a63a   Data       87172  cc936.o(.constdata)
    lower                                    0x0802fabe   Data         988  cc936.o(.constdata)
    upper                                    0x0802fe9a   Data         988  cc936.o(.constdata)
    .data                                    0x20000000   Section       16  stm32f4xx_rcc.o(.data)
    APBAHBPrescTable                         0x20000000   Data          16  stm32f4xx_rcc.o(.data)
    .data                                    0x20000010   Section       16  main.o(.data)
    .data                                    0x20000020   Section        4  bsp_debug_usart.o(.data)
    .data                                    0x20000024   Section       24  bsp_sdio_sd.o(.data)
    CardType                                 0x20000028   Data           4  bsp_sdio_sd.o(.data)
    RCA                                      0x2000002c   Data           4  bsp_sdio_sd.o(.data)
    .data                                    0x2000003c   Section       12  ff.o(.data)
    Fsid                                     0x2000003c   Data           2  ff.o(.data)
    FatFs                                    0x20000040   Data           8  ff.o(.data)
    .data                                    0x20000048   Section        4  stdout.o(.data)
    .bss                                     0x2000004c   Section     8412  main.o(.bss)
    .bss                                     0x20002128   Section    34816  bsp_spi_dma.o(.bss)
    .bss                                     0x2000a928   Section      204  bsp_sdio_sd.o(.bss)
    CSD_Tab                                  0x2000a928   Data          16  bsp_sdio_sd.o(.bss)
    CID_Tab                                  0x2000a938   Data          16  bsp_sdio_sd.o(.bss)
    SDSTATUS_Tab                             0x2000a948   Data          16  bsp_sdio_sd.o(.bss)
    STACK                                    0x2000a9f8   Section     1024  startup_stm32f429_439xx.o(STACK)

    Global Symbols

    Symbol Name                              Value     Ov Type        Size  Object(Section)

    BuildAttributes$$THM_ISAv4$E$P$D$K$B$S$7EM$VFPi3$EXTD16$VFPS$VFMA$PE$A:L22UL41UL21$X:L11$S22US41US21$IEEE1$IW$USESV6$~STKCKD$USESV7$~SHL$OSPACE$ROPI$EBA8$MICROLIB$REQ8$PRES8$EABIv2 0x00000000   Number         0  anon$$obj.o ABSOLUTE
    __ARM_use_no_argv                        0x00000000   Number         0  main.o ABSOLUTE
    _printf_a                                0x00000000   Number         0  stubs.o ABSOLUTE
    _printf_c                                0x00000000   Number         0  stubs.o ABSOLUTE
    _printf_charcount                        0x00000000   Number         0  stubs.o ABSOLUTE
    _printf_d                                0x00000000   Number         0  stubs.o ABSOLUTE
    _printf_e                                0x00000000   Number         0  stubs.o ABSOLUTE
    _printf_f                                0x00000000   Number         0  stubs.o ABSOLUTE
    _printf_flags                            0x00000000   Number         0  stubs.o ABSOLUTE
    _printf_fp_dec                           0x00000000   Number         0  stubs.o ABSOLUTE
    _printf_fp_hex                           0x00000000   Number         0  stubs.o ABSOLUTE
    _printf_g                                0x00000000   Number         0  stubs.o ABSOLUTE
    _printf_i                                0x00000000   Number         0  stubs.o ABSOLUTE
    _printf_int_dec                          0x00000000   Number         0  stubs.o ABSOLUTE
    _printf_l                                0x00000000   Number         0  stubs.o ABSOLUTE
    _printf_lc                               0x00000000   Number         0  stubs.o ABSOLUTE
    _printf_ll                               0x00000000   Number         0  stubs.o ABSOLUTE
    _printf_lld                              0x00000000   Number         0  stubs.o ABSOLUTE
    _printf_lli                              0x00000000   Number         0  stubs.o ABSOLUTE
    _printf_llo                              0x00000000   Number         0  stubs.o ABSOLUTE
    _printf_llu                              0x00000000   Number         0  stubs.o ABSOLUTE
    _printf_llx                              0x00000000   Number         0  stubs.o ABSOLUTE
    _printf_longlong_dec                     0x00000000   Number         0  stubs.o ABSOLUTE
    _printf_longlong_hex                     0x00000000   Number         0  stubs.o ABSOLUTE
    _printf_longlong_oct                     0x00000000   Number         0  stubs.o ABSOLUTE
    _printf_ls                               0x00000000   Number         0  stubs.o ABSOLUTE
    _printf_mbtowc                           0x00000000   Number         0  stubs.o ABSOLUTE
    _printf_n                                0x00000000   Number         0  stubs.o ABSOLUTE
    _printf_o                                0x00000000   Number         0  stubs.o ABSOLUTE
    _printf_p                                0x00000000   Number         0  stubs.o ABSOLUTE
    _printf_percent                          0x00000000   Number         0  stubs.o ABSOLUTE
    _printf_pre_padding                      0x00000000   Number         0  stubs.o ABSOLUTE
    _printf_return_value                     0x00000000   Number         0  stubs.o ABSOLUTE
    _printf_s                                0x00000000   Number         0  stubs.o ABSOLUTE
    _printf_sizespec                         0x00000000   Number         0  stubs.o ABSOLUTE
    _printf_str                              0x00000000   Number         0  stubs.o ABSOLUTE
    _printf_truncate_signed                  0x00000000   Number         0  stubs.o ABSOLUTE
    _printf_truncate_unsigned                0x00000000   Number         0  stubs.o ABSOLUTE
    _printf_u                                0x00000000   Number         0  stubs.o ABSOLUTE
    _printf_wc                               0x00000000   Number         0  stubs.o ABSOLUTE
    _printf_wctomb                           0x00000000   Number         0  stubs.o ABSOLUTE
    _printf_widthprec                        0x00000000   Number         0  stubs.o ABSOLUTE
    _printf_x                                0x00000000   Number         0  stubs.o ABSOLUTE
    __cpp_initialize__aeabi_                  - Undefined Weak Reference
    __cxa_finalize                            - Undefined Weak Reference
    __decompress                              - Undefined Weak Reference
    _clock_init                               - Undefined Weak Reference
    _microlib_exit                            - Undefined Weak Reference
    __Vectors_Size                           0x000001ac   Number         0  startup_stm32f429_439xx.o ABSOLUTE
    __Vectors                                0x08000000   Data           4  startup_stm32f429_439xx.o(RESET)
    __Vectors_End                            0x080001ac   Data           0  startup_stm32f429_439xx.o(RESET)
    __main                                   0x080001ad   Thumb Code     0  entry.o(.ARM.Collect$$$$00000000)
    _main_stk                                0x080001ad   Thumb Code     0  entry2.o(.ARM.Collect$$$$00000001)
    _main_scatterload                        0x080001b1   Thumb Code     0  entry5.o(.ARM.Collect$$$$00000004)
    __main_after_scatterload                 0x080001b5   Thumb Code     0  entry5.o(.ARM.Collect$$$$00000004)
    _main_clock                              0x080001b5   Thumb Code     0  entry7b.o(.ARM.Collect$$$$00000008)
    _main_cpp_init                           0x080001b5   Thumb Code     0  entry8b.o(.ARM.Collect$$$$0000000A)
    _main_init                               0x080001b5   Thumb Code     0  entry9a.o(.ARM.Collect$$$$0000000B)
    __rt_final_cpp                           0x080001bd   Thumb Code     0  entry10a.o(.ARM.Collect$$$$0000000D)
    __rt_final_exit                          0x080001bd   Thumb Code     0  entry11a.o(.ARM.Collect$$$$0000000F)
    Reset_Handler                            0x080001c1   Thumb Code     8  startup_stm32f429_439xx.o(.text)
    ADC_IRQHandler                           0x080001db   Thumb Code     0  startup_stm32f429_439xx.o(.text)
    CAN1_RX0_IRQHandler                      0x080001db   Thumb Code     0  startup_stm32f429_439xx.o(.text)
    CAN1_RX1_IRQHandler                      0x080001db   Thumb Code     0  startup_stm32f429_439xx.o(.text)
    CAN1_SCE_IRQHandler                      0x080001db   Thumb Code     0  startup_stm32f429_439xx.o(.text)
    CAN1_TX_IRQHandler                       0x080001db   Thumb Code     0  startup_stm32f429_439xx.o(.text)
    CAN2_RX0_IRQHandler                      0x080001db   Thumb Code     0  startup_stm32f429_439xx.o(.text)
    CAN2_RX1_IRQHandler                      0x080001db   Thumb Code     0  startup_stm32f429_439xx.o(.text)
    CAN2_SCE_IRQHandler                      0x080001db   Thumb Code     0  startup_stm32f429_439xx.o(.text)
    CAN2_TX_IRQHandler                       0x080001db   Thumb Code     0  startup_stm32f429_439xx.o(.text)
    CRYP_IRQHandler                          0x080001db   Thumb Code     0  startup_stm32f429_439xx.o(.text)
    DCMI_IRQHandler                          0x080001db   Thumb Code     0  startup_stm32f429_439xx.o(.text)
    DMA1_Stream0_IRQHandler                  0x080001db   Thumb Code     0  startup_stm32f429_439xx.o(.text)
    DMA1_Stream1_IRQHandler                  0x080001db   Thumb Code     0  startup_stm32f429_439xx.o(.text)
    DMA1_Stream2_IRQHandler                  0x080001db   Thumb Code     0  startup_stm32f429_439xx.o(.text)
    DMA1_Stream5_IRQHandler                  0x080001db   Thumb Code     0  startup_stm32f429_439xx.o(.text)
    DMA1_Stream6_IRQHandler                  0x080001db   Thumb Code     0  startup_stm32f429_439xx.o(.text)
    DMA1_Stream7_IRQHandler                  0x080001db   Thumb Code     0  startup_stm32f429_439xx.o(.text)
    DMA2D_IRQHandler                         0x080001db   Thumb Code     0  startup_stm32f429_439xx.o(.text)
    DMA2_Stream0_IRQHandler                  0x080001db   Thumb Code     0  startup_stm32f429_439xx.o(.text)
    DMA2_Stream1_IRQHandler                  0x080001db   Thumb Code     0  startup_stm32f429_439xx.o(.text)
    DMA2_Stream2_IRQHandler                  0x080001db   Thumb Code     0  startup_stm32f429_439xx.o(.text)
    DMA2_Stream4_IRQHandler                  0x080001db   Thumb Code     0  startup_stm32f429_439xx.o(.text)
    DMA2_Stream6_IRQHandler                  0x080001db   Thumb Code     0  startup_stm32f429_439xx.o(.text)
    DMA2_Stream7_IRQHandler                  0x080001db   Thumb Code     0  startup_stm32f429_439xx.o(.text)
    ETH_IRQHandler                           0x080001db   Thumb Code     0  startup_stm32f429_439xx.o(.text)
    ETH_WKUP_IRQHandler                      0x080001db   Thumb Code     0  startup_stm32f429_439xx.o(.text)
    EXTI0_IRQHandler                         0x080001db   Thumb Code     0  startup_stm32f429_439xx.o(.text)
    EXTI15_10_IRQHandler                     0x080001db   Thumb Code     0  startup_stm32f429_439xx.o(.text)
    EXTI1_IRQHandler                         0x080001db   Thumb Code     0  startup_stm32f429_439xx.o(.text)
    EXTI2_IRQHandler                         0x080001db   Thumb Code     0  startup_stm32f429_439xx.o(.text)
    EXTI3_IRQHandler                         0x080001db   Thumb Code     0  startup_stm32f429_439xx.o(.text)
    EXTI4_IRQHandler                         0x080001db   Thumb Code     0  startup_stm32f429_439xx.o(.text)
    EXTI9_5_IRQHandler                       0x080001db   Thumb Code     0  startup_stm32f429_439xx.o(.text)
    FLASH_IRQHandler                         0x080001db   Thumb Code     0  startup_stm32f429_439xx.o(.text)
    FMC_IRQHandler                           0x080001db   Thumb Code     0  startup_stm32f429_439xx.o(.text)
    FPU_IRQHandler                           0x080001db   Thumb Code     0  startup_stm32f429_439xx.o(.text)
    HASH_RNG_IRQHandler                      0x080001db   Thumb Code     0  startup_stm32f429_439xx.o(.text)
    I2C1_ER_IRQHandler                       0x080001db   Thumb Code     0  startup_stm32f429_439xx.o(.text)
    I2C1_EV_IRQHandler                       0x080001db   Thumb Code     0  startup_stm32f429_439xx.o(.text)
    I2C2_ER_IRQHandler                       0x080001db   Thumb Code     0  startup_stm32f429_439xx.o(.text)
    I2C2_EV_IRQHandler                       0x080001db   Thumb Code     0  startup_stm32f429_439xx.o(.text)
    I2C3_ER_IRQHandler                       0x080001db   Thumb Code     0  startup_stm32f429_439xx.o(.text)
    I2C3_EV_IRQHandler                       0x080001db   Thumb Code     0  startup_stm32f429_439xx.o(.text)
    LTDC_ER_IRQHandler                       0x080001db   Thumb Code     0  startup_stm32f429_439xx.o(.text)
    LTDC_IRQHandler                          0x080001db   Thumb Code     0  startup_stm32f429_439xx.o(.text)
    OTG_FS_IRQHandler                        0x080001db   Thumb Code     0  startup_stm32f429_439xx.o(.text)
    OTG_FS_WKUP_IRQHandler                   0x080001db   Thumb Code     0  startup_stm32f429_439xx.o(.text)
    OTG_HS_EP1_IN_IRQHandler                 0x080001db   Thumb Code     0  startup_stm32f429_439xx.o(.text)
    OTG_HS_EP1_OUT_IRQHandler                0x080001db   Thumb Code     0  startup_stm32f429_439xx.o(.text)
    OTG_HS_IRQHandler                        0x080001db   Thumb Code     0  startup_stm32f429_439xx.o(.text)
    OTG_HS_WKUP_IRQHandler                   0x080001db   Thumb Code     0  startup_stm32f429_439xx.o(.text)
    PVD_IRQHandler                           0x080001db   Thumb Code     0  startup_stm32f429_439xx.o(.text)
    RCC_IRQHandler                           0x080001db   Thumb Code     0  startup_stm32f429_439xx.o(.text)
    RTC_Alarm_IRQHandler                     0x080001db   Thumb Code     0  startup_stm32f429_439xx.o(.text)
    RTC_WKUP_IRQHandler                      0x080001db   Thumb Code     0  startup_stm32f429_439xx.o(.text)
    SAI1_IRQHandler                          0x080001db   Thumb Code     0  startup_stm32f429_439xx.o(.text)
    SPI1_IRQHandler                          0x080001db   Thumb Code     0  startup_stm32f429_439xx.o(.text)
    SPI2_IRQHandler                          0x080001db   Thumb Code     0  startup_stm32f429_439xx.o(.text)
    SPI3_IRQHandler                          0x080001db   Thumb Code     0  startup_stm32f429_439xx.o(.text)
    SPI4_IRQHandler                          0x080001db   Thumb Code     0  startup_stm32f429_439xx.o(.text)
    SPI5_IRQHandler                          0x080001db   Thumb Code     0  startup_stm32f429_439xx.o(.text)
    SPI6_IRQHandler                          0x080001db   Thumb Code     0  startup_stm32f429_439xx.o(.text)
    TAMP_STAMP_IRQHandler                    0x080001db   Thumb Code     0  startup_stm32f429_439xx.o(.text)
    TIM1_BRK_TIM9_IRQHandler                 0x080001db   Thumb Code     0  startup_stm32f429_439xx.o(.text)
    TIM1_CC_IRQHandler                       0x080001db   Thumb Code     0  startup_stm32f429_439xx.o(.text)
    TIM1_TRG_COM_TIM11_IRQHandler            0x080001db   Thumb Code     0  startup_stm32f429_439xx.o(.text)
    TIM1_UP_TIM10_IRQHandler                 0x080001db   Thumb Code     0  startup_stm32f429_439xx.o(.text)
    TIM2_IRQHandler                          0x080001db   Thumb Code     0  startup_stm32f429_439xx.o(.text)
    TIM3_IRQHandler                          0x080001db   Thumb Code     0  startup_stm32f429_439xx.o(.text)
    TIM4_IRQHandler                          0x080001db   Thumb Code     0  startup_stm32f429_439xx.o(.text)
    TIM5_IRQHandler                          0x080001db   Thumb Code     0  startup_stm32f429_439xx.o(.text)
    TIM6_DAC_IRQHandler                      0x080001db   Thumb Code     0  startup_stm32f429_439xx.o(.text)
    TIM7_IRQHandler                          0x080001db   Thumb Code     0  startup_stm32f429_439xx.o(.text)
    TIM8_BRK_TIM12_IRQHandler                0x080001db   Thumb Code     0  startup_stm32f429_439xx.o(.text)
    TIM8_CC_IRQHandler                       0x080001db   Thumb Code     0  startup_stm32f429_439xx.o(.text)
    TIM8_TRG_COM_TIM14_IRQHandler            0x080001db   Thumb Code     0  startup_stm32f429_439xx.o(.text)
    TIM8_UP_TIM13_IRQHandler                 0x080001db   Thumb Code     0  startup_stm32f429_439xx.o(.text)
    UART4_IRQHandler                         0x080001db   Thumb Code     0  startup_stm32f429_439xx.o(.text)
    UART5_IRQHandler                         0x080001db   Thumb Code     0  startup_stm32f429_439xx.o(.text)
    UART7_IRQHandler                         0x080001db   Thumb Code     0  startup_stm32f429_439xx.o(.text)
    UART8_IRQHandler                         0x080001db   Thumb Code     0  startup_stm32f429_439xx.o(.text)
    USART1_IRQHandler                        0x080001db   Thumb Code     0  startup_stm32f429_439xx.o(.text)
    USART3_IRQHandler                        0x080001db   Thumb Code     0  startup_stm32f429_439xx.o(.text)
    USART6_IRQHandler                        0x080001db   Thumb Code     0  startup_stm32f429_439xx.o(.text)
    WWDG_IRQHandler                          0x080001db   Thumb Code     0  startup_stm32f429_439xx.o(.text)
    __aeabi_uldivmod                         0x080001e5   Thumb Code    98  uldiv.o(.text)
    __aeabi_memcpy                           0x08000247   Thumb Code    36  memcpya.o(.text)
    __aeabi_memcpy4                          0x08000247   Thumb Code     0  memcpya.o(.text)
    __aeabi_memcpy8                          0x08000247   Thumb Code     0  memcpya.o(.text)
    __aeabi_memset                           0x0800026b   Thumb Code    14  memseta.o(.text)
    __aeabi_memset4                          0x0800026b   Thumb Code     0  memseta.o(.text)
    __aeabi_memset8                          0x0800026b   Thumb Code     0  memseta.o(.text)
    __aeabi_memclr                           0x08000279   Thumb Code     4  memseta.o(.text)
    __aeabi_memclr4                          0x08000279   Thumb Code     0  memseta.o(.text)
    __aeabi_memclr8                          0x08000279   Thumb Code     0  memseta.o(.text)
    _memset$wrapper                          0x0800027d   Thumb Code    18  memseta.o(.text)
    __aeabi_llsl                             0x0800028f   Thumb Code    30  llshl.o(.text)
    _ll_shift_l                              0x0800028f   Thumb Code     0  llshl.o(.text)
    __aeabi_llsr                             0x080002ad   Thumb Code    32  llushr.o(.text)
    _ll_ushift_r                             0x080002ad   Thumb Code     0  llushr.o(.text)
    __scatterload                            0x080002cd   Thumb Code    28  init.o(.text)
    __scatterload_rt2                        0x080002cd   Thumb Code     0  init.o(.text)
    BusFault_Handler                         0x080002f1   Thumb Code     2  stm32f4xx_it.o(i.BusFault_Handler)
    DMA1_Stream3_IRQHandler                  0x08000555   Thumb Code    38  main.o(i.DMA1_Stream3_IRQHandler)
    DMA1_Stream4_IRQHandler                  0x0800058d   Thumb Code    32  main.o(i.DMA1_Stream4_IRQHandler)
    DMA2_Stream3_IRQHandler                  0x080005b5   Thumb Code     4  bsp_sdio_sd.o(i.DMA2_Stream3_IRQHandler)
    DMA2_Stream5_IRQHandler                  0x080005b9   Thumb Code    32  main.o(i.DMA2_Stream5_IRQHandler)
    DMA_ClearFlag                            0x080005e1   Thumb Code    32  stm32f4xx_dma.o(i.DMA_ClearFlag)
    DMA_ClearITPendingBit                    0x0800060d   Thumb Code    32  stm32f4xx_dma.o(i.DMA_ClearITPendingBit)
    DMA_Cmd                                  0x08000639   Thumb Code    24  stm32f4xx_dma.o(i.DMA_Cmd)
    DMA_DeInit                               0x08000651   Thumb Code   278  stm32f4xx_dma.o(i.DMA_DeInit)
    DMA_FlowControllerConfig                 0x0800077d   Thumb Code    24  stm32f4xx_dma.o(i.DMA_FlowControllerConfig)
    DMA_GetCmdStatus                         0x08000795   Thumb Code    14  stm32f4xx_dma.o(i.DMA_GetCmdStatus)
    DMA_GetITStatus                          0x080007a5   Thumb Code    68  stm32f4xx_dma.o(i.DMA_GetITStatus)
    DMA_ITConfig                             0x080007f9   Thumb Code    50  stm32f4xx_dma.o(i.DMA_ITConfig)
    DMA_Init                                 0x0800082d   Thumb Code    80  stm32f4xx_dma.o(i.DMA_Init)
    DMA_SetCurrDataCounter                   0x08000881   Thumb Code     4  stm32f4xx_dma.o(i.DMA_SetCurrDataCounter)
    DebugMon_Handler                         0x08000885   Thumb Code     2  stm32f4xx_it.o(i.DebugMon_Handler)
    Debug_USART_Config                       0x08000889   Thumb Code   178  bsp_debug_usart.o(i.Debug_USART_Config)
    GPIO_Config                              0x08000ad1   Thumb Code   152  bsp_gpio.o(i.GPIO_Config)
    GPIO_Init                                0x08000b71   Thumb Code   124  stm32f4xx_gpio.o(i.GPIO_Init)
    GPIO_PinAFConfig                         0x08000bed   Thumb Code    32  stm32f4xx_gpio.o(i.GPIO_PinAFConfig)
    GPIO_ReadInputDataBit                    0x08000c0d   Thumb Code    14  stm32f4xx_gpio.o(i.GPIO_ReadInputDataBit)
    GPIO_ResetBits                           0x08000c1b   Thumb Code     4  stm32f4xx_gpio.o(i.GPIO_ResetBits)
    GPIO_SetBits                             0x08000c1f   Thumb Code     4  stm32f4xx_gpio.o(i.GPIO_SetBits)
    HardFault_Handler                        0x08000c23   Thumb Code     2  stm32f4xx_it.o(i.HardFault_Handler)
    MemManage_Handler                        0x08000c25   Thumb Code     2  stm32f4xx_it.o(i.MemManage_Handler)
    NMI_Handler                              0x08000c27   Thumb Code     2  stm32f4xx_it.o(i.NMI_Handler)
    NVIC_Init                                0x08000c29   Thumb Code    98  misc.o(i.NVIC_Init)
    NVIC_PriorityGroupConfig                 0x08000c91   Thumb Code    10  misc.o(i.NVIC_PriorityGroupConfig)
    PendSV_Handler                           0x08000ca5   Thumb Code     2  stm32f4xx_it.o(i.PendSV_Handler)
    RCC_AHB1PeriphClockCmd                   0x08000ca9   Thumb Code    22  stm32f4xx_rcc.o(i.RCC_AHB1PeriphClockCmd)
    RCC_APB1PeriphClockCmd                   0x08000cc5   Thumb Code    22  stm32f4xx_rcc.o(i.RCC_APB1PeriphClockCmd)
    RCC_APB2PeriphClockCmd                   0x08000ce1   Thumb Code    22  stm32f4xx_rcc.o(i.RCC_APB2PeriphClockCmd)
    RCC_APB2PeriphResetCmd                   0x08000cfd   Thumb Code    22  stm32f4xx_rcc.o(i.RCC_APB2PeriphResetCmd)
    RCC_GetClocksFreq                        0x08000d19   Thumb Code   148  stm32f4xx_rcc.o(i.RCC_GetClocksFreq)
    SDIO_ClearFlag                           0x08000e9d   Thumb Code     6  stm32f4xx_sdio.o(i.SDIO_ClearFlag)
    SDIO_ClearITPendingBit                   0x08000ea9   Thumb Code     6  stm32f4xx_sdio.o(i.SDIO_ClearITPendingBit)
    SDIO_ClockCmd                            0x08000eb5   Thumb Code     6  stm32f4xx_sdio.o(i.SDIO_ClockCmd)
    SDIO_DMACmd                              0x08000ec1   Thumb Code     6  stm32f4xx_sdio.o(i.SDIO_DMACmd)
    SDIO_DataConfig                          0x08000ecd   Thumb Code    42  stm32f4xx_sdio.o(i.SDIO_DataConfig)
    SDIO_DeInit                              0x08000efd   Thumb Code    24  stm32f4xx_sdio.o(i.SDIO_DeInit)
    SDIO_GetCommandResponse                  0x08000f15   Thumb Code     8  stm32f4xx_sdio.o(i.SDIO_GetCommandResponse)
    SDIO_GetFlagStatus                       0x08000f21   Thumb Code    16  stm32f4xx_sdio.o(i.SDIO_GetFlagStatus)
    SDIO_GetITStatus                         0x08000f35   Thumb Code    16  stm32f4xx_sdio.o(i.SDIO_GetITStatus)
    SDIO_GetPowerState                       0x08000f49   Thumb Code    10  stm32f4xx_sdio.o(i.SDIO_GetPowerState)
    SDIO_GetResponse                         0x08000f59   Thumb Code    14  stm32f4xx_sdio.o(i.SDIO_GetResponse)
    SDIO_IRQHandler                          0x08000f6d   Thumb Code     4  bsp_sdio_sd.o(i.SDIO_IRQHandler)
    SDIO_ITConfig                            0x08000f71   Thumb Code    22  stm32f4xx_sdio.o(i.SDIO_ITConfig)
    SDIO_Init                                0x08000f8d   Thumb Code    40  stm32f4xx_sdio.o(i.SDIO_Init)
    SDIO_ReadData                            0x08000fb9   Thumb Code     6  stm32f4xx_sdio.o(i.SDIO_ReadData)
    SDIO_SendCommand                         0x08000fc5   Thumb Code    36  stm32f4xx_sdio.o(i.SDIO_SendCommand)
    SDIO_SetPowerState                       0x08000fed   Thumb Code     6  stm32f4xx_sdio.o(i.SDIO_SetPowerState)
    SD_Detect                                0x08000ff9   Thumb Code    12  bsp_sdio_sd.o(i.SD_Detect)
    SD_EnableWideBusOperation                0x08001005   Thumb Code   124  bsp_sdio_sd.o(i.SD_EnableWideBusOperation)
    SD_GetCardInfo                           0x08001089   Thumb Code   612  bsp_sdio_sd.o(i.SD_GetCardInfo)
    SD_GetState                              0x080012f5   Thumb Code    38  bsp_sdio_sd.o(i.SD_GetState)
    SD_GetStatus                             0x0800131b   Thumb Code    26  bsp_sdio_sd.o(i.SD_GetStatus)
    SD_Init                                  0x08001335   Thumb Code   174  bsp_sdio_sd.o(i.SD_Init)
    SD_InitializeCards                       0x080013e9   Thumb Code   270  bsp_sdio_sd.o(i.SD_InitializeCards)
    SD_LowLevel_DMA_RxConfig                 0x08001501   Thumb Code   128  bsp_sdio_sd.o(i.SD_LowLevel_DMA_RxConfig)
    SD_LowLevel_DMA_TxConfig                 0x08001589   Thumb Code   130  bsp_sdio_sd.o(i.SD_LowLevel_DMA_TxConfig)
    SD_LowLevel_Init                         0x08001615   Thumb Code   156  bsp_sdio_sd.o(i.SD_LowLevel_Init)
    SD_PowerON                               0x080016b9   Thumb Code   376  bsp_sdio_sd.o(i.SD_PowerON)
    SD_ProcessDMAIRQ                         0x0800183d   Thumb Code    30  bsp_sdio_sd.o(i.SD_ProcessDMAIRQ)
    SD_ProcessIRQSrc                         0x08001865   Thumb Code   148  bsp_sdio_sd.o(i.SD_ProcessIRQSrc)
    SD_ReadMultiBlocks                       0x080018fd   Thumb Code   200  bsp_sdio_sd.o(i.SD_ReadMultiBlocks)
    SD_SelectDeselect                        0x080019d1   Thumb Code    40  bsp_sdio_sd.o(i.SD_SelectDeselect)
    SD_SendStatus                            0x080019fd   Thumb Code    70  bsp_sdio_sd.o(i.SD_SendStatus)
    SD_StopTransfer                          0x08001a4d   Thumb Code    36  bsp_sdio_sd.o(i.SD_StopTransfer)
    SD_WaitReadOperation                     0x08001a75   Thumb Code    94  bsp_sdio_sd.o(i.SD_WaitReadOperation)
    SD_WaitWriteOperation                    0x08001add   Thumb Code    94  bsp_sdio_sd.o(i.SD_WaitWriteOperation)
    SD_WriteMultiBlocks                      0x08001b45   Thumb Code   276  bsp_sdio_sd.o(i.SD_WriteMultiBlocks)
    SPI_Cmd                                  0x08001f09   Thumb Code    24  stm32f4xx_spi.o(i.SPI_Cmd)
    SPI_I2S_DMACmd                           0x08001f21   Thumb Code    20  stm32f4xx_spi.o(i.SPI_I2S_DMACmd)
    SPI_Init                                 0x08001f35   Thumb Code    56  stm32f4xx_spi.o(i.SPI_Init)
    SVC_Handler                              0x08002091   Thumb Code     2  stm32f4xx_it.o(i.SVC_Handler)
    SysTick_Handler                          0x08002169   Thumb Code     2  stm32f4xx_it.o(i.SysTick_Handler)
    SystemInit                               0x0800216d   Thumb Code    74  system_stm32f4xx.o(i.SystemInit)
    USART2_IRQHandler                        0x080021c9   Thumb Code    46  bsp_debug_usart.o(i.USART2_IRQHandler)
    USART_Cmd                                0x08002201   Thumb Code    24  stm32f4xx_usart.o(i.USART_Cmd)
    USART_GetFlagStatus                      0x08002219   Thumb Code    14  stm32f4xx_usart.o(i.USART_GetFlagStatus)
    USART_GetITStatus                        0x08002227   Thumb Code    64  stm32f4xx_usart.o(i.USART_GetITStatus)
    USART_ITConfig                           0x08002267   Thumb Code    54  stm32f4xx_usart.o(i.USART_ITConfig)
    USART_Init                               0x0800229d   Thumb Code   180  stm32f4xx_usart.o(i.USART_Init)
    USART_ReceiveData                        0x08002359   Thumb Code     8  stm32f4xx_usart.o(i.USART_ReceiveData)
    USART_SendData                           0x08002361   Thumb Code     8  stm32f4xx_usart.o(i.USART_SendData)
    UsageFault_Handler                       0x08002369   Thumb Code     2  stm32f4xx_it.o(i.UsageFault_Handler)
    __0printf$8                              0x0800236d   Thumb Code    22  printf8.o(i.__0printf$8)
    __1printf$8                              0x0800236d   Thumb Code     0  printf8.o(i.__0printf$8)
    __2printf                                0x0800236d   Thumb Code     0  printf8.o(i.__0printf$8)
    __0sprintf$8                             0x0800238d   Thumb Code    34  printf8.o(i.__0sprintf$8)
    __1sprintf$8                             0x0800238d   Thumb Code     0  printf8.o(i.__0sprintf$8)
    __2sprintf                               0x0800238d   Thumb Code     0  printf8.o(i.__0sprintf$8)
    __scatterload_copy                       0x080023b5   Thumb Code    14  handlers.o(i.__scatterload_copy)
    __scatterload_null                       0x080023c3   Thumb Code     2  handlers.o(i.__scatterload_null)
    __scatterload_zeroinit                   0x080023c5   Thumb Code    14  handlers.o(i.__scatterload_zeroinit)
    clust2sect                               0x080028cd   Thumb Code    24  ff.o(i.clust2sect)
    dectohex                                 0x08002c51   Thumb Code    24  main.o(i.dectohex)
    disk_initialize                          0x0800302b   Thumb Code    20  diskio.o(i.disk_initialize)
    disk_ioctl                               0x08003041   Thumb Code    60  diskio.o(i.disk_ioctl)
    disk_read                                0x08003081   Thumb Code   122  diskio.o(i.disk_read)
    disk_status                              0x080030fb   Thumb Code    12  diskio.o(i.disk_status)
    disk_write                               0x08003107   Thumb Code   126  diskio.o(i.disk_write)
    f_close                                  0x08003185   Thumb Code    30  ff.o(i.f_close)
    f_closedir                               0x080031a3   Thumb Code    20  ff.o(i.f_closedir)
    f_mkdir                                  0x080031b7   Thumb Code   356  ff.o(i.f_mkdir)
    f_mkfs                                   0x0800331d   Thumb Code  1386  ff.o(i.f_mkfs)
    f_mount                                  0x08003889   Thumb Code    72  ff.o(i.f_mount)
    f_open                                   0x080038d5   Thumb Code   352  ff.o(i.f_open)
    f_opendir                                0x08003a35   Thumb Code   116  ff.o(i.f_opendir)
    f_read                                   0x08003aa9   Thumb Code   380  ff.o(i.f_read)
    f_sync                                   0x08003c25   Thumb Code   154  ff.o(i.f_sync)
    f_write                                  0x08003cbf   Thumb Code   442  ff.o(i.f_write)
    ff_convert                               0x08003e79   Thumb Code    78  cc936.o(i.ff_convert)
    ff_wtoupper                              0x08003ed1   Thumb Code    68  cc936.o(i.ff_wtoupper)
    fputc                                    0x0800433d   Thumb Code    30  bsp_debug_usart.o(i.fputc)
    get_fat                                  0x080043f9   Thumb Code   256  ff.o(i.get_fat)
    get_fattime                              0x080044f9   Thumb Code     4  diskio.o(i.get_fattime)
    main                                     0x08004561   Thumb Code   428  main.o(i.main)
    put_fat                                  0x080048f1   Thumb Code   300  ff.o(i.put_fat)
    receiveAD                                0x08004a1d   Thumb Code   464  main.o(i.receiveAD)
    sendADCmd                                0x08004d55   Thumb Code    96  main.o(i.sendADCmd)
    spiTransmit                              0x08004dcd   Thumb Code    96  main.o(i.spiTransmit)
    spi_ad_dma_config                        0x08004e3d   Thumb Code    40  bsp_spi_dma.o(i.spi_ad_dma_config)
    spi_wifi_dma_config                      0x08004e69   Thumb Code    40  bsp_spi_dma.o(i.spi_wifi_dma_config)
    upload                                   0x08004fc9   Thumb Code   234  main.o(i.upload)
    Region$$Table$$Base                      0x08030278   Number         0  anon$$obj.o(Region$$Table)
    Region$$Table$$Limit                     0x08030298   Number         0  anon$$obj.o(Region$$Table)
    result                                   0x20000010   Data           1  main.o(.data)
    sampleRate                               0x20000011   Data           2  main.o(.data)
    samplePoints                             0x20000014   Data           4  main.o(.data)
    fileSize                                 0x20000018   Data           4  main.o(.data)
    fnum                                     0x2000001c   Data           4  main.o(.data)
    eventFlag                                0x20000020   Data           4  bsp_debug_usart.o(.data)
    TransferError                            0x20000024   Data           1  bsp_sdio_sd.o(.data)
    StopCondition                            0x20000030   Data           4  bsp_sdio_sd.o(.data)
    TransferEnd                              0x20000034   Data           4  bsp_sdio_sd.o(.data)
    DMAEndOfTransfer                         0x20000038   Data           4  bsp_sdio_sd.o(.data)
    __stdout                                 0x20000048   Data           4  stdout.o(.data)
    fs                                       0x2000004c   Data        4144  main.o(.bss)
    file                                     0x2000107c   Data        4132  main.o(.bss)
    dir                                      0x200020a0   Data          36  main.o(.bss)
    fileName                                 0x200020c4   Data         100  main.o(.bss)
    AD_RX_Buff                               0x20002128   Data       16384  bsp_spi_dma.o(.bss)
    AD_TX_Buff                               0x20006128   Data       16384  bsp_spi_dma.o(.bss)
    WIFI_TX_Buff                             0x2000a128   Data        1024  bsp_spi_dma.o(.bss)
    WIFI_RX_Buff                             0x2000a528   Data        1024  bsp_spi_dma.o(.bss)
    SDCardInfo                               0x2000a958   Data          88  bsp_sdio_sd.o(.bss)
    SDIO_InitStructure                       0x2000a9b0   Data          24  bsp_sdio_sd.o(.bss)
    SDIO_CmdInitStructure                    0x2000a9c8   Data          20  bsp_sdio_sd.o(.bss)
    SDIO_DataInitStructure                   0x2000a9dc   Data          24  bsp_sdio_sd.o(.bss)
    __initial_sp                             0x2000adf8   Data           0  startup_stm32f429_439xx.o(STACK)



==============================================================================

Memory Map of the image

  Image Entry point : 0x080001ad

  Load Region LR_IROM1 (Base: 0x08000000, Size: 0x000302e4, Max: 0x00100000, ABSOLUTE)

    Execution Region ER_IROM1 (Base: 0x08000000, Size: 0x00030298, Max: 0x00100000, ABSOLUTE)

    Base Addr    Size         Type   Attr      Idx    E Section Name        Object

    0x08000000   0x000001ac   Data   RO            3    RESET               startup_stm32f429_439xx.o
    0x080001ac   0x00000000   Code   RO         6203  * .ARM.Collect$$$$00000000  mc_w.l(entry.o)
    0x080001ac   0x00000004   Code   RO         6475    .ARM.Collect$$$$00000001  mc_w.l(entry2.o)
    0x080001b0   0x00000004   Code   RO         6478    .ARM.Collect$$$$00000004  mc_w.l(entry5.o)
    0x080001b4   0x00000000   Code   RO         6480    .ARM.Collect$$$$00000008  mc_w.l(entry7b.o)
    0x080001b4   0x00000000   Code   RO         6482    .ARM.Collect$$$$0000000A  mc_w.l(entry8b.o)
    0x080001b4   0x00000008   Code   RO         6483    .ARM.Collect$$$$0000000B  mc_w.l(entry9a.o)
    0x080001bc   0x00000000   Code   RO         6485    .ARM.Collect$$$$0000000D  mc_w.l(entry10a.o)
    0x080001bc   0x00000000   Code   RO         6487    .ARM.Collect$$$$0000000F  mc_w.l(entry11a.o)
    0x080001bc   0x00000004   Code   RO         6476    .ARM.Collect$$$$00002712  mc_w.l(entry2.o)
    0x080001c0   0x00000024   Code   RO            4    .text               startup_stm32f429_439xx.o
    0x080001e4   0x00000062   Code   RO         6206    .text               mc_w.l(uldiv.o)
    0x08000246   0x00000024   Code   RO         6208    .text               mc_w.l(memcpya.o)
    0x0800026a   0x00000024   Code   RO         6210    .text               mc_w.l(memseta.o)
    0x0800028e   0x0000001e   Code   RO         6492    .text               mc_w.l(llshl.o)
    0x080002ac   0x00000020   Code   RO         6494    .text               mc_w.l(llushr.o)
    0x080002cc   0x00000024   Code   RO         6507    .text               mc_w.l(init.o)
    0x080002f0   0x00000002   Code   RO         5273    i.BusFault_Handler  stm32f4xx_it.o
    0x080002f2   0x0000002a   Code   RO         5542    i.CmdError          bsp_sdio_sd.o
    0x0800031c   0x000000fc   Code   RO         5543    i.CmdResp1Error     bsp_sdio_sd.o
    0x08000418   0x00000044   Code   RO         5544    i.CmdResp2Error     bsp_sdio_sd.o
    0x0800045c   0x00000034   Code   RO         5545    i.CmdResp3Error     bsp_sdio_sd.o
    0x08000490   0x00000080   Code   RO         5546    i.CmdResp6Error     bsp_sdio_sd.o
    0x08000510   0x00000044   Code   RO         5547    i.CmdResp7Error     bsp_sdio_sd.o
    0x08000554   0x00000038   Code   RO         5161    i.DMA1_Stream3_IRQHandler  main.o
    0x0800058c   0x00000028   Code   RO         5162    i.DMA1_Stream4_IRQHandler  main.o
    0x080005b4   0x00000004   Code   RO         5548    i.DMA2_Stream3_IRQHandler  bsp_sdio_sd.o
    0x080005b8   0x00000028   Code   RO         5163    i.DMA2_Stream5_IRQHandler  main.o
    0x080005e0   0x0000002c   Code   RO         1220    i.DMA_ClearFlag     stm32f4xx_dma.o
    0x0800060c   0x0000002c   Code   RO         1221    i.DMA_ClearITPendingBit  stm32f4xx_dma.o
    0x08000638   0x00000018   Code   RO         1222    i.DMA_Cmd           stm32f4xx_dma.o
    0x08000650   0x0000012c   Code   RO         1223    i.DMA_DeInit        stm32f4xx_dma.o
    0x0800077c   0x00000018   Code   RO         1226    i.DMA_FlowControllerConfig  stm32f4xx_dma.o
    0x08000794   0x0000000e   Code   RO         1227    i.DMA_GetCmdStatus  stm32f4xx_dma.o
    0x080007a2   0x00000002   PAD
    0x080007a4   0x00000054   Code   RO         1232    i.DMA_GetITStatus   stm32f4xx_dma.o
    0x080007f8   0x00000032   Code   RO         1233    i.DMA_ITConfig      stm32f4xx_dma.o
    0x0800082a   0x00000002   PAD
    0x0800082c   0x00000054   Code   RO         1234    i.DMA_Init          stm32f4xx_dma.o
    0x08000880   0x00000004   Code   RO         1237    i.DMA_SetCurrDataCounter  stm32f4xx_dma.o
    0x08000884   0x00000002   Code   RO         5275    i.DebugMon_Handler  stm32f4xx_it.o
    0x08000886   0x00000002   PAD
    0x08000888   0x000000bc   Code   RO         5356    i.Debug_USART_Config  bsp_debug_usart.o
    0x08000944   0x00000012   Code   RO         5164    i.Delay             main.o
    0x08000956   0x00000002   PAD
    0x08000958   0x00000178   Code   RO         5549    i.FindSCR           bsp_sdio_sd.o
    0x08000ad0   0x000000a0   Code   RO         5443    i.GPIO_Config       bsp_gpio.o
    0x08000b70   0x0000007c   Code   RO         2046    i.GPIO_Init         stm32f4xx_gpio.o
    0x08000bec   0x00000020   Code   RO         2047    i.GPIO_PinAFConfig  stm32f4xx_gpio.o
    0x08000c0c   0x0000000e   Code   RO         2050    i.GPIO_ReadInputDataBit  stm32f4xx_gpio.o
    0x08000c1a   0x00000004   Code   RO         2053    i.GPIO_ResetBits    stm32f4xx_gpio.o
    0x08000c1e   0x00000004   Code   RO         2054    i.GPIO_SetBits      stm32f4xx_gpio.o
    0x08000c22   0x00000002   Code   RO         5276    i.HardFault_Handler  stm32f4xx_it.o
    0x08000c24   0x00000002   Code   RO         5277    i.MemManage_Handler  stm32f4xx_it.o
    0x08000c26   0x00000002   Code   RO         5278    i.NMI_Handler       stm32f4xx_it.o
    0x08000c28   0x00000068   Code   RO          164    i.NVIC_Init         misc.o
    0x08000c90   0x00000014   Code   RO          165    i.NVIC_PriorityGroupConfig  misc.o
    0x08000ca4   0x00000002   Code   RO         5279    i.PendSV_Handler    stm32f4xx_it.o
    0x08000ca6   0x00000002   PAD
    0x08000ca8   0x0000001c   Code   RO         2960    i.RCC_AHB1PeriphClockCmd  stm32f4xx_rcc.o
    0x08000cc4   0x0000001c   Code   RO         2969    i.RCC_APB1PeriphClockCmd  stm32f4xx_rcc.o
    0x08000ce0   0x0000001c   Code   RO         2972    i.RCC_APB2PeriphClockCmd  stm32f4xx_rcc.o
    0x08000cfc   0x0000001c   Code   RO         2974    i.RCC_APB2PeriphResetCmd  stm32f4xx_rcc.o
    0x08000d18   0x000000a4   Code   RO         2981    i.RCC_GetClocksFreq  stm32f4xx_rcc.o
    0x08000dbc   0x000000e0   Code   RO         5551    i.SDEnWideBus       bsp_sdio_sd.o
    0x08000e9c   0x0000000c   Code   RO         3891    i.SDIO_ClearFlag    stm32f4xx_sdio.o
    0x08000ea8   0x0000000c   Code   RO         3892    i.SDIO_ClearITPendingBit  stm32f4xx_sdio.o
    0x08000eb4   0x0000000c   Code   RO         3893    i.SDIO_ClockCmd     stm32f4xx_sdio.o
    0x08000ec0   0x0000000c   Code   RO         3896    i.SDIO_DMACmd       stm32f4xx_sdio.o
    0x08000ecc   0x00000030   Code   RO         3897    i.SDIO_DataConfig   stm32f4xx_sdio.o
    0x08000efc   0x00000018   Code   RO         3899    i.SDIO_DeInit       stm32f4xx_sdio.o
    0x08000f14   0x0000000c   Code   RO         3900    i.SDIO_GetCommandResponse  stm32f4xx_sdio.o
    0x08000f20   0x00000014   Code   RO         3903    i.SDIO_GetFlagStatus  stm32f4xx_sdio.o
    0x08000f34   0x00000014   Code   RO         3904    i.SDIO_GetITStatus  stm32f4xx_sdio.o
    0x08000f48   0x00000010   Code   RO         3905    i.SDIO_GetPowerState  stm32f4xx_sdio.o
    0x08000f58   0x00000014   Code   RO         3906    i.SDIO_GetResponse  stm32f4xx_sdio.o
    0x08000f6c   0x00000004   Code   RO         5552    i.SDIO_IRQHandler   bsp_sdio_sd.o
    0x08000f70   0x0000001c   Code   RO         3907    i.SDIO_ITConfig     stm32f4xx_sdio.o
    0x08000f8c   0x0000002c   Code   RO         3908    i.SDIO_Init         stm32f4xx_sdio.o
    0x08000fb8   0x0000000c   Code   RO         3909    i.SDIO_ReadData     stm32f4xx_sdio.o
    0x08000fc4   0x00000028   Code   RO         3911    i.SDIO_SendCommand  stm32f4xx_sdio.o
    0x08000fec   0x0000000c   Code   RO         3913    i.SDIO_SetPowerState  stm32f4xx_sdio.o
    0x08000ff8   0x0000000c   Code   RO         5554    i.SD_Detect         bsp_sdio_sd.o
    0x08001004   0x00000084   Code   RO         5555    i.SD_EnableWideBusOperation  bsp_sdio_sd.o
    0x08001088   0x0000026c   Code   RO         5557    i.SD_GetCardInfo    bsp_sdio_sd.o
    0x080012f4   0x00000026   Code   RO         5559    i.SD_GetState       bsp_sdio_sd.o
    0x0800131a   0x0000001a   Code   RO         5560    i.SD_GetStatus      bsp_sdio_sd.o
    0x08001334   0x000000b4   Code   RO         5563    i.SD_Init           bsp_sdio_sd.o
    0x080013e8   0x00000118   Code   RO         5564    i.SD_InitializeCards  bsp_sdio_sd.o
    0x08001500   0x00000088   Code   RO         5565    i.SD_LowLevel_DMA_RxConfig  bsp_sdio_sd.o
    0x08001588   0x0000008c   Code   RO         5566    i.SD_LowLevel_DMA_TxConfig  bsp_sdio_sd.o
    0x08001614   0x000000a4   Code   RO         5568    i.SD_LowLevel_Init  bsp_sdio_sd.o
    0x080016b8   0x00000184   Code   RO         5570    i.SD_PowerON        bsp_sdio_sd.o
    0x0800183c   0x00000028   Code   RO         5571    i.SD_ProcessDMAIRQ  bsp_sdio_sd.o
    0x08001864   0x00000098   Code   RO         5572    i.SD_ProcessIRQSrc  bsp_sdio_sd.o
    0x080018fc   0x000000d4   Code   RO         5574    i.SD_ReadMultiBlocks  bsp_sdio_sd.o
    0x080019d0   0x0000002c   Code   RO         5575    i.SD_SelectDeselect  bsp_sdio_sd.o
    0x080019fc   0x00000050   Code   RO         5577    i.SD_SendStatus     bsp_sdio_sd.o
    0x08001a4c   0x00000028   Code   RO         5578    i.SD_StopTransfer   bsp_sdio_sd.o
    0x08001a74   0x00000068   Code   RO         5579    i.SD_WaitReadOperation  bsp_sdio_sd.o
    0x08001adc   0x00000068   Code   RO         5580    i.SD_WaitWriteOperation  bsp_sdio_sd.o
    0x08001b44   0x00000120   Code   RO         5582    i.SD_WriteMultiBlocks  bsp_sdio_sd.o
    0x08001c64   0x00000074   Code   RO         5468    i.SPI1_AD_RX_DMA_Config  bsp_spi_dma.o
    0x08001cd8   0x00000074   Code   RO         5469    i.SPI1_AD_TX_DMA_Config  bsp_spi_dma.o
    0x08001d4c   0x00000068   Code   RO         5470    i.SPI2_WIFI_RX_DMA_Config  bsp_spi_dma.o
    0x08001db4   0x00000068   Code   RO         5471    i.SPI2_WIFI_TX_DMA_Config  bsp_spi_dma.o
    0x08001e1c   0x000000ec   Code   RO         5472    i.SPI_AD_Config     bsp_spi_dma.o
    0x08001f08   0x00000018   Code   RO         4115    i.SPI_Cmd           stm32f4xx_spi.o
    0x08001f20   0x00000014   Code   RO         4121    i.SPI_I2S_DMACmd    stm32f4xx_spi.o
    0x08001f34   0x00000038   Code   RO         4128    i.SPI_Init          stm32f4xx_spi.o
    0x08001f6c   0x00000124   Code   RO         5473    i.SPI_WIFI_Config   bsp_spi_dma.o
    0x08002090   0x00000002   Code   RO         5280    i.SVC_Handler       stm32f4xx_it.o
    0x08002092   0x00000002   PAD
    0x08002094   0x000000d4   Code   RO           13    i.SetSysClock       system_stm32f4xx.o
    0x08002168   0x00000002   Code   RO         5281    i.SysTick_Handler   stm32f4xx_it.o
    0x0800216a   0x00000002   PAD
    0x0800216c   0x0000005c   Code   RO           15    i.SystemInit        system_stm32f4xx.o
    0x080021c8   0x00000038   Code   RO         5357    i.USART2_IRQHandler  bsp_debug_usart.o
    0x08002200   0x00000018   Code   RO         4907    i.USART_Cmd         stm32f4xx_usart.o
    0x08002218   0x0000000e   Code   RO         4910    i.USART_GetFlagStatus  stm32f4xx_usart.o
    0x08002226   0x00000040   Code   RO         4911    i.USART_GetITStatus  stm32f4xx_usart.o
    0x08002266   0x00000036   Code   RO         4913    i.USART_ITConfig    stm32f4xx_usart.o
    0x0800229c   0x000000bc   Code   RO         4914    i.USART_Init        stm32f4xx_usart.o
    0x08002358   0x00000008   Code   RO         4921    i.USART_ReceiveData  stm32f4xx_usart.o
    0x08002360   0x00000008   Code   RO         4924    i.USART_SendData    stm32f4xx_usart.o
    0x08002368   0x00000002   Code   RO         5282    i.UsageFault_Handler  stm32f4xx_it.o
    0x0800236a   0x00000002   PAD
    0x0800236c   0x00000020   Code   RO         6421    i.__0printf$8       mc_w.l(printf8.o)
    0x0800238c   0x00000028   Code   RO         6423    i.__0sprintf$8      mc_w.l(printf8.o)
    0x080023b4   0x0000000e   Code   RO         6515    i.__scatterload_copy  mc_w.l(handlers.o)
    0x080023c2   0x00000002   Code   RO         6516    i.__scatterload_null  mc_w.l(handlers.o)
    0x080023c4   0x0000000e   Code   RO         6517    i.__scatterload_zeroinit  mc_w.l(handlers.o)
    0x080023d2   0x00000002   PAD
    0x080023d4   0x00000410   Code   RO         6428    i._printf_core      mc_w.l(printf8.o)
    0x080027e4   0x00000024   Code   RO         6429    i._printf_post_padding  mc_w.l(printf8.o)
    0x08002808   0x0000002e   Code   RO         6430    i._printf_pre_padding  mc_w.l(printf8.o)
    0x08002836   0x0000000a   Code   RO         6432    i._sputc            mc_w.l(printf8.o)
    0x08002840   0x0000007c   Code   RO         5877    i.check_fs          ff.o
    0x080028bc   0x00000010   Code   RO         5878    i.chk_chr           ff.o
    0x080028cc   0x00000018   Code   RO         5879    i.clust2sect        ff.o
    0x080028e4   0x00000094   Code   RO         5880    i.cmp_lfn           ff.o
    0x08002978   0x000000a8   Code   RO         5881    i.create_chain      ff.o
    0x08002a20   0x00000230   Code   RO         5882    i.create_name       ff.o
    0x08002c50   0x00000018   Code   RO         5165    i.dectohex          main.o
    0x08002c68   0x00000044   Code   RO         5883    i.dir_alloc         ff.o
    0x08002cac   0x000000c6   Code   RO         5884    i.dir_find          ff.o
    0x08002d72   0x00000114   Code   RO         5885    i.dir_next          ff.o
    0x08002e86   0x00000104   Code   RO         5887    i.dir_register      ff.o
    0x08002f8a   0x000000a0   Code   RO         5889    i.dir_sdi           ff.o
    0x0800302a   0x00000014   Code   RO         5810    i.disk_initialize   diskio.o
    0x0800303e   0x00000002   PAD
    0x08003040   0x00000040   Code   RO         5811    i.disk_ioctl        diskio.o
    0x08003080   0x0000007a   Code   RO         5812    i.disk_read         diskio.o
    0x080030fa   0x0000000c   Code   RO         5813    i.disk_status       diskio.o
    0x08003106   0x0000007e   Code   RO         5814    i.disk_write        diskio.o
    0x08003184   0x0000001e   Code   RO         5891    i.f_close           ff.o
    0x080031a2   0x00000014   Code   RO         5892    i.f_closedir        ff.o
    0x080031b6   0x00000164   Code   RO         5895    i.f_mkdir           ff.o
    0x0800331a   0x00000002   PAD
    0x0800331c   0x0000056a   Code   RO         5896    i.f_mkfs            ff.o
    0x08003886   0x00000002   PAD
    0x08003888   0x0000004c   Code   RO         5897    i.f_mount           ff.o
    0x080038d4   0x00000160   Code   RO         5898    i.f_open            ff.o
    0x08003a34   0x00000074   Code   RO         5899    i.f_opendir         ff.o
    0x08003aa8   0x0000017c   Code   RO         5900    i.f_read            ff.o
    0x08003c24   0x0000009a   Code   RO         5904    i.f_sync            ff.o
    0x08003cbe   0x000001ba   Code   RO         5908    i.f_write           ff.o
    0x08003e78   0x00000058   Code   RO         6174    i.ff_convert        cc936.o
    0x08003ed0   0x0000004c   Code   RO         6175    i.ff_wtoupper       cc936.o
    0x08003f1c   0x00000348   Code   RO         5909    i.find_volume       ff.o
    0x08004264   0x0000006c   Code   RO         5910    i.fit_lfn           ff.o
    0x080042d0   0x0000006a   Code   RO         5911    i.follow_path       ff.o
    0x0800433a   0x00000002   PAD
    0x0800433c   0x00000024   Code   RO         5359    i.fputc             bsp_debug_usart.o
    0x08004360   0x00000098   Code   RO         5912    i.gen_numname       ff.o
    0x080043f8   0x00000100   Code   RO         5913    i.get_fat           ff.o
    0x080044f8   0x00000008   Code   RO         5815    i.get_fattime       diskio.o
    0x08004500   0x00000042   Code   RO         5915    i.get_ldnumber      ff.o
    0x08004542   0x0000001e   Code   RO         5916    i.ld_clust          ff.o
    0x08004560   0x00000320   Code   RO         5166    i.main              main.o
    0x08004880   0x0000001a   Code   RO         5917    i.mem_cmp           ff.o
    0x0800489a   0x00000012   Code   RO         5918    i.mem_cpy           ff.o
    0x080048ac   0x00000010   Code   RO         5919    i.mem_set           ff.o
    0x080048bc   0x00000034   Code   RO         5920    i.move_window       ff.o
    0x080048f0   0x0000012c   Code   RO         5922    i.put_fat           ff.o
    0x08004a1c   0x000002d0   Code   RO         5167    i.receiveAD         main.o
    0x08004cec   0x00000066   Code   RO         5923    i.remove_chain      ff.o
    0x08004d52   0x00000002   PAD
    0x08004d54   0x00000078   Code   RO         5168    i.sendADCmd         main.o
    0x08004dcc   0x00000070   Code   RO         5169    i.spiTransmit       main.o
    0x08004e3c   0x0000002c   Code   RO         5474    i.spi_ad_dma_config  bsp_spi_dma.o
    0x08004e68   0x0000002c   Code   RO         5475    i.spi_wifi_dma_config  bsp_spi_dma.o
    0x08004e94   0x00000010   Code   RO         5924    i.st_clust          ff.o
    0x08004ea4   0x0000001a   Code   RO         5925    i.sum_sfn           ff.o
    0x08004ebe   0x000000b4   Code   RO         5926    i.sync_fs           ff.o
    0x08004f72   0x00000054   Code   RO         5927    i.sync_window       ff.o
    0x08004fc6   0x00000002   PAD
    0x08004fc8   0x0000017c   Code   RO         5170    i.upload            main.o
    0x08005144   0x00000028   Code   RO         5928    i.validate          ff.o
    0x0800516c   0x00000010   Data   RO         5173    .constdata          main.o
    0x0800517c   0x0000003a   Data   RO         5929    .constdata          ff.o
    0x080051b6   0x0002b0c0   Data   RO         6176    .constdata          cc936.o
    0x08030276   0x00000002   PAD
    0x08030278   0x00000020   Data   RO         6513    Region$$Table       anon$$obj.o


    Execution Region RW_IRAM1 (Base: 0x20000000, Size: 0x0000adf8, Max: 0x00030000, ABSOLUTE)

    Base Addr    Size         Type   Attr      Idx    E Section Name        Object

    0x20000000   0x00000010   Data   RW         3013    .data               stm32f4xx_rcc.o
    0x20000010   0x00000010   Data   RW         5174    .data               main.o
    0x20000020   0x00000004   Data   RW         5360    .data               bsp_debug_usart.o
    0x20000024   0x00000018   Data   RW         5585    .data               bsp_sdio_sd.o
    0x2000003c   0x0000000c   Data   RW         5930    .data               ff.o
    0x20000048   0x00000004   Data   RW         6489    .data               mc_w.l(stdout.o)
    0x2000004c   0x000020dc   Zero   RW         5172    .bss                main.o
    0x20002128   0x00008800   Zero   RW         5476    .bss                bsp_spi_dma.o
    0x2000a928   0x000000cc   Zero   RW         5584    .bss                bsp_sdio_sd.o
    0x2000a9f4   0x00000004   PAD
    0x2000a9f8   0x00000400   Zero   RW            1    STACK               startup_stm32f429_439xx.o


==============================================================================

Image component sizes


      Code (inc. data)   RO Data    RW Data    ZI Data      Debug   Object Name

       280         26          0          4          0       2285   bsp_debug_usart.o
       160          8          0          0          0        662   bsp_gpio.o
      4398        200          0         24        204      33687   bsp_sdio_sd.o
      1056         86          0          0      34816       5904   bsp_spi_dma.o
       164         18     176320          0          0       2863   cc936.o
       352          8          0          0          0      12305   diskio.o
      7732        122         58         12          0      42698   ff.o
      2310        848         16         16       8412      12525   main.o
       124         16          0          0          0       1871   misc.o
        36          8        428          0       1024        992   startup_stm32f429_439xx.o
       672         66          0          0          0       8922   stm32f4xx_dma.o
       178          0          0          0          0       4087   stm32f4xx_gpio.o
        18          0          0          0          0       4406   stm32f4xx_it.o
       276         40          0         16          0       6040   stm32f4xx_rcc.o
       344         80          0          0          0      12242   stm32f4xx_sdio.o
       100          0          0          0          0       2794   stm32f4xx_spi.o
       360          8          0          0          0       6489   stm32f4xx_usart.o
       304         34          0          0          0     306781   system_stm32f4xx.o

    ----------------------------------------------------------------------
     18892       1568     176856         72      44460     467553   Object Totals
         0          0         32          0          0          0   (incl. Generated)
        28          0          2          0          4          0   (incl. Padding)

    ----------------------------------------------------------------------

      Code (inc. data)   RO Data    RW Data    ZI Data      Debug   Library Member Name

         0          0          0          0          0          0   entry.o
         0          0          0          0          0          0   entry10a.o
         0          0          0          0          0          0   entry11a.o
         8          4          0          0          0          0   entry2.o
         4          0          0          0          0          0   entry5.o
         0          0          0          0          0          0   entry7b.o
         0          0          0          0          0          0   entry8b.o
         8          4          0          0          0          0   entry9a.o
        30          0          0          0          0          0   handlers.o
        36          8          0          0          0         68   init.o
        30          0          0          0          0         68   llshl.o
        32          0          0          0          0         68   llushr.o
        36          0          0          0          0         68   memcpya.o
        36          0          0          0          0        108   memseta.o
      1204         60          0          0          0        504   printf8.o
         0          0          0          4          0          0   stdout.o
        98          0          0          0          0         92   uldiv.o

    ----------------------------------------------------------------------
      1524         76          0          4          0        976   Library Totals
         2          0          0          0          0          0   (incl. Padding)

    ----------------------------------------------------------------------

      Code (inc. data)   RO Data    RW Data    ZI Data      Debug   Library Name

      1522         76          0          4          0        976   mc_w.l

    ----------------------------------------------------------------------
      1524         76          0          4          0        976   Library Totals

    ----------------------------------------------------------------------

==============================================================================


      Code (inc. data)   RO Data    RW Data    ZI Data      Debug   

     20416       1644     176856         76      44460     453265   Grand Totals
     20416       1644     176856         76      44460     453265   ELF Image Totals
     20416       1644     176856         76          0          0   ROM Totals

==============================================================================

    Total RO  Size (Code + RO Data)               197272 ( 192.65kB)
    Total RW  Size (RW Data + ZI Data)             44536 (  43.49kB)
    Total ROM Size (Code + RO Data + RW Data)     197348 ( 192.72kB)

==============================================================================

